Fonctionnalité : cli-improve
Date : 2026-09-29
Révision : be71d2dcfaf685e5d885d836bab4d1c73960871b
Commande : buddy improve status --json
Attendu : État chiffré du banc et de l’archive.
Observé : Code 0 ; archive count=0 et couverture détaillée du banc.
Verdict : prouvée en situation

Sortie capturée :
--- cli-improve ---
$ buddy improve status --json
Code de sortie : 0
{
  "kind": "self_improvement_status",
  "autonomy": "propose-only",
  "score": {
    "total": 15,
    "covered": 0,
    "ratio": 0,
    "results": [
      {
        "scenarioId": "npm-test-path-filter",
        "covered": false,
        "matchedLessonIds": []
      },
      {
        "scenarioId": "esm-js-extension-imports",
        "covered": false,
        "matchedLessonIds": []
      },
      {
        "scenarioId": "logger-not-console",
        "covered": false,
        "matchedLessonIds": []
      },
      {
        "scenarioId": "atomic-write-state",
        "covered": false,
        "matchedLessonIds": []
      },
      {
        "scenarioId": "git-add-named-files",
        "covered": false,
        "matchedLessonIds": []
      },
      {
        "scenarioId": "subproc-bounded-timeout",
        "covered": false,
        "matchedLessonIds": []
      },
      {
        "scenarioId": "no-secrets-in-repo",
        "covered": false,
        "matchedLessonIds": []
      },
      {
        "scenarioId": "isolated-home-tests",
        "covered": false,
        "matchedLessonIds": []
      },
      {
        "scenarioId": "str-replace-omission-block",
        "covered": false,
        "matchedLessonIds": []
      },
      {
        "scenarioId": "verify-before-finishing",
        "covered": false,
        "matchedLessonIds": []
      },
      {
        "scenarioId": "report-before-inspection",
        "covered": false,
        "matchedLessonIds": []
      },
      {
        "scenarioId": "tests-live-in-tests-only",
        "covered": false,
        "matchedLessonIds": []
      },
      {
        "scenarioId": "self-improvement-never-touch-src",
        "covered": false,
        "matchedLessonIds": []
      },
      {
        "scenarioId": "peer-tool-fails-closed",
        "covered": false,
        "matchedLessonIds": []
      },
      {
        "scenarioId": "batch-anti-tautology-guard",
        "covered": false,
        "matchedLessonIds": []
      }
    ]
  },
  "archive": {
    "count": 0,
    "totalDelta": 0,
    "lastAt": null
  },
  "store": {
    "head": null,
    "best": null,
    "versions": 0
  }
}
