Date de consolidation: 2026-09-30T06:18:56Z
Révision du code exécuté: b72202254006beb44b7f70d3daa44da2aeb3f99d
Exécution réelle, sans mocks de runtime ; HOME et projet isolés.
Commande/scénario: registre de production → qr({"operation": "generate", "data": "P9_QR", "format": "svg"})
Attendu: svg|QR|generated
Observé: Outil réel exécuté sur une fixture isolée ; oracle contrôlé.
Portée: Outil réel exécuté sur une fixture isolée ; oracle contrôlé.
Verdict: prouvée

=== Capture qr.json ===
{
  "name": "qr",
  "input": {
    "operation": "generate",
    "data": "P9_QR",
    "format": "svg"
  },
  "expected": "svg|QR|generated",
  "result": {
    "success": true,
    "output": "QR Code saved to: <QA_PROJECT>/.codebuddy/qrcodes/qr_1790743220213.svg",
    "data": {
      "format": "svg",
      "path": "<QA_PROJECT>/.codebuddy/qrcodes/qr_1790743220213.svg"
    }
  },
  "checks": [
    {
      "check": "output pattern",
      "passed": true
    }
  ],
  "passed": true,
  "ms": 4
}
