Date de consolidation: 2026-09-30T06:18:56Z
Révision du code exécuté: b72202254006beb44b7f70d3daa44da2aeb3f99d
Exécution réelle, sans mocks de runtime ; HOME et projet isolés.
Commande/scénario: registre de production → docs_search({"query": "P9_FIXTURE"})
Attendu: Snippet réel du document local
Observé: Outil réel exécuté sur une fixture isolée ; oracle contrôlé.
Portée: Outil réel exécuté sur une fixture isolée ; oracle contrôlé.
Verdict: prouvée

=== Capture docs_search.json ===
{
  "name": "docs_search",
  "input": {
    "query": "P9_FIXTURE"
  },
  "expected": "Snippet réel du document local",
  "result": {
    "success": true,
    "output": "### P9_FIXTURE architecture\n# P9_FIXTURE architecture\nP9_FIXTURE describes isolated evidence collection."
  },
  "checks": [
    {
      "check": "output pattern",
      "passed": true
    }
  ],
  "passed": true,
  "ms": 1
}
