Date de consolidation: 2026-09-30T06:18:56Z
Révision du code exécuté: b72202254006beb44b7f70d3daa44da2aeb3f99d
Exécution réelle, sans mocks de runtime ; HOME et projet isolés.
Commande/scénario: registre de production → code_stats({"root": "<QA_PROJECT>"})
Attendu: p9|sample|typescript|files|dependencies|MIT|passed|No |success
Observé: Outil réel exécuté sur une fixture isolée ; oracle contrôlé.
Portée: Outil réel exécuté sur une fixture isolée ; oracle contrôlé.
Verdict: prouvée

=== Capture code_stats.json ===
{
  "name": "code_stats",
  "input": {
    "root": "<QA_PROJECT>"
  },
  "expected": "p9|sample|typescript|files|dependencies|MIT|passed|No |success",
  "result": {
    "success": true,
    "output": "Counted 33 lines across 14 files",
    "data": {
      "root": "<QA_PROJECT>",
      "fileCount": 14,
      "totalLines": 33,
      "byLanguage": {
        "Other": {
          "files": 6,
          "lines": 15,
          "commentLines": 0
        },
        "JavaScript": {
          "files": 3,
          "lines": 8,
          "commentLines": 1
        },
        "JSON": {
          "files": 3,
          "lines": 3,
          "commentLines": 0
        },
        "Markdown": {
          "files": 1,
          "lines": 3,
          "commentLines": 0
        },
        "TypeScript": {
          "files": 1,
          "lines": 4,
          "commentLines": 0
        }
      },
      "largestFiles": [
        {
          "file": "data.csv",
          "lines": 4
        },
        {
          "file": "sample.js",
          "lines": 4
        },
        {
          "file": "sample.ts",
          "lines": 4
        },
        {
          "file": "LICENSE",
          "lines": 3
        },
        {
          "file": "note.md",
          "lines": 3
        },
        {
          "file": "a.txt",
          "lines": 2
        },
        {
          "file": "b.txt",
          "lines": 2
        },
        {
          "file": "bad.rs",
          "lines": 2
        },
        {
          "file": "build.js",
          "lines": 2
        },
        {
          "file": "check.test.js",
          "lines": 2
        }
      ],
      "commentRatio": 0.030303030303030304
    }
  },
  "checks": [
    {
      "check": "output pattern",
      "passed": true
    }
  ],
  "passed": true,
  "ms": 2
}
