Date de consolidation: 2026-09-30T06:18:56Z
Révision du code exécuté: b72202254006beb44b7f70d3daa44da2aeb3f99d
Exécution réelle, sans mocks de runtime ; HOME et projet isolés.
Commande/scénario: registre de production → lsp_diagnostics({"file": "sample.ts"})
Attendu: Diagnostic de type réellement publié
Observé: Outil réel exécuté sur une fixture isolée ; oracle contrôlé.
Portée: Outil réel exécuté sur une fixture isolée ; oracle contrôlé.
Verdict: prouvée

=== Capture lsp_diagnostics.json ===
{
  "name": "lsp_diagnostics",
  "input": {
    "file": "sample.ts"
  },
  "expected": "Diagnostic de type réellement publié",
  "result": {
    "success": true,
    "output": "Diagnostics for <QA_PROJECT>/sample.ts (2):\n- ERROR <QA_PROJECT>/sample.ts:2:7 [typescript] — Type 'string' is not assignable to type 'number'.\n- HINT <QA_PROJECT>/sample.ts:2:7 [typescript] — 'bad' is declared but its value is never read.",
    "data": {
      "file": "<QA_PROJECT>/sample.ts",
      "language": "typescript",
      "diagnostics": [
        {
          "file": "<QA_PROJECT>/sample.ts",
          "line": 2,
          "column": 7,
          "severity": "error",
          "message": "Type 'string' is not assignable to type 'number'.",
          "source": "typescript"
        },
        {
          "file": "<QA_PROJECT>/sample.ts",
          "line": 2,
          "column": 7,
          "severity": "hint",
          "message": "'bad' is declared but its value is never read.",
          "source": "typescript"
        }
      ]
    }
  },
  "checks": [
    {
      "check": "output pattern",
      "passed": true
    }
  ],
  "passed": true,
  "ms": 757
}
