Date de consolidation: 2026-09-30T06:18:56Z
Révision du code exécuté: b72202254006beb44b7f70d3daa44da2aeb3f99d
Exécution réelle, sans mocks de runtime ; HOME et projet isolés.
Commande/scénario: registre de production → lsp_definition({"file": "sample.ts", "symbol": "add"})
Attendu: Définition réelle de add
Observé: Outil réel exécuté sur une fixture isolée ; oracle contrôlé.
Portée: Outil réel exécuté sur une fixture isolée ; oracle contrôlé.
Verdict: prouvée

=== Capture lsp_definition.json ===
{
  "name": "lsp_definition",
  "input": {
    "file": "sample.ts",
    "symbol": "add"
  },
  "expected": "Définition réelle de add",
  "result": {
    "success": true,
    "output": "Definition for symbol \"add\" (1):\n- <QA_PROJECT>/sample.ts:1:17-1:20",
    "data": {
      "file": "<QA_PROJECT>/sample.ts",
      "language": "typescript",
      "position": {
        "line": 1,
        "column": 1
      },
      "locations": [
        {
          "file": "<QA_PROJECT>/sample.ts",
          "line": 1,
          "column": 17,
          "endLine": 1,
          "endColumn": 20
        }
      ],
      "total": 1
    }
  },
  "checks": [
    {
      "check": "output pattern",
      "passed": true
    }
  ],
  "passed": true,
  "ms": 10
}
