Date de consolidation: 2026-09-30T06:18:56Z
Révision du code exécuté: b72202254006beb44b7f70d3daa44da2aeb3f99d
Exécution réelle, sans mocks de runtime ; HOME et projet isolés.
Commande/scénario: registre de production → patch({"path": "patch-nine.txt", "old_str": "P9_BEFORE", "new_str": "P9_AFTER"})
Attendu: success|updated|replaced
Observé: Outil réel exécuté sur une fixture isolée ; oracle contrôlé.
Portée: Outil réel exécuté sur une fixture isolée ; oracle contrôlé.
Verdict: prouvée

=== Capture patch.json ===
{
  "name": "patch",
  "input": {
    "path": "patch-nine.txt",
    "old_str": "P9_BEFORE",
    "new_str": "P9_AFTER"
  },
  "expected": "success|updated|replaced",
  "result": {
    "success": true,
    "output": "Updated patch-nine.txt with 2 additions and 2 removals\n--- a/patch-nine.txt\n+++ b/patch-nine.txt\n@@ -1,2 +1,2 @@\n-P9_BEFORE\n-\n+P9_AFTER\n+"
  },
  "checks": [
    {
      "check": "output pattern",
      "passed": true
    },
    {
      "check": "file exists and nonempty",
      "passed": true
    },
    {
      "check": "file content",
      "passed": true
    }
  ],
  "passed": true,
  "ms": 4
}
