Date de consolidation: 2026-09-30T06:18:56Z
Révision du code exécuté: b72202254006beb44b7f70d3daa44da2aeb3f99d
Exécution réelle, sans mocks de runtime ; HOME et projet isolés.
Commande/scénario: registre de production → lessons_add({"category": "RULE", "content": "P9_LESSON", "source": "manual"})
Attendu: P9_LESSON|added
Observé: Outil réel exécuté sur une fixture isolée ; oracle contrôlé.
Portée: Outil réel exécuté sur une fixture isolée ; oracle contrôlé.
Verdict: prouvée

=== Capture lessons_add.json ===
{
  "name": "lessons_add",
  "input": {
    "category": "RULE",
    "content": "P9_LESSON",
    "source": "manual"
  },
  "expected": "P9_LESSON|added",
  "result": {
    "success": true,
    "output": "Lesson saved [munm9zspqmd] (RULE): P9_LESSON"
  },
  "checks": [
    {
      "check": "output pattern",
      "passed": true
    }
  ],
  "passed": true,
  "ms": 7
}
