Date de consolidation: 2026-09-30T06:18:56Z
Révision du code exécuté: b72202254006beb44b7f70d3daa44da2aeb3f99d
Exécution réelle, sans mocks de runtime ; HOME et projet isolés.
Commande/scénario: registre de production → workspace_search({"query": "P9_MARKER", "repos": ["p9-project"]})
Attendu: Résultat réel dans le dépôt sélectionné
Observé: Outil réel exécuté sur une fixture isolée ; oracle contrôlé.
Portée: Outil réel exécuté sur une fixture isolée ; oracle contrôlé.
Verdict: prouvée

=== Capture workspace_search.json ===
{
  "name": "workspace_search",
  "input": {
    "query": "P9_MARKER",
    "repos": [
      "p9-project"
    ]
  },
  "expected": "Résultat réel dans le dépôt sélectionné",
  "result": {
    "success": true,
    "output": "p9-project:sample.js:2: // TODO P9_MARKER",
    "data": [
      "p9-project:sample.js:2: // TODO P9_MARKER"
    ]
  },
  "checks": [
    {
      "check": "output pattern",
      "passed": true
    }
  ],
  "passed": true,
  "ms": 24
}
