Date de consolidation: 2026-09-30T06:18:56Z
Révision du code exécuté: b72202254006beb44b7f70d3daa44da2aeb3f99d
Exécution réelle, sans mocks de runtime ; HOME et projet isolés.
Commande/scénario: registre de production → internet_scout_plan({"goal": "Verify Example Domain title", "sourceUrl": "https://example.com", "expectedText": "Example Domain", "maxPages": 1})
Attendu: Example Domain
Observé: Outil réel exécuté sur une fixture isolée ; oracle contrôlé.
Portée: Outil réel exécuté sur une fixture isolée ; oracle contrôlé.
Verdict: prouvée

=== Capture internet_scout_plan.json ===
{
  "name": "internet_scout_plan",
  "input": {
    "goal": "Verify Example Domain title",
    "sourceUrl": "https://example.com",
    "expectedText": "Example Domain",
    "maxPages": 1
  },
  "expected": "Example Domain",
  "result": {
    "success": true,
    "output": "# Internet Scout Plan: Verify Example Domain title\nIntent: research\nQuery: Verify Example Domain title\nSource URL: https://example.com\nExpected text: Example Domain\nPage budget: 1\n## Steps\n1. Read the source before opening a browser [web_fetch, required] - Cheap static fetch may already contain the needed evidence.\n2. Observe visible state before acting [browser.observe, required] - Capture refs, visible text, forms, and blockers before any click or typing.\n3. Extract structured page evidence [browser.extract, required] - Collect URL, title, headings, links, actions, and goal-focused text snippets as proof.\n4. Assert the expected page state [browser.assert_text, required] - Make the browsing result testable with an explicit pass/fail assertion.\n## Stop Conditions\n- Captcha, device challenge, security checkpoint, or bot-verification wall appears.\n- A login wall, paywall, or private member area is required.\n- HTTP 403, 429, rate-limit warning, or explicit crawling prohibition appears.\n- The task asks for stealth, captcha solving, scraping behind access controls, or credential harvesting.\n- The page exposes sensitive personal data that is not necessary for the user-authorized goal.\n## Evidence Checklist\n- Final URL and page title.\n- At least one source snippet or heading tied to the goal.\n- Source timestamps or observed-at time when available.\n- Clear note of any blocker, missing evidence, or uncertainty.\n- Explicit assert_text pass/fail result for the expected page state.\n## Safety Rules\n- Use public web pages or user-authorized pages only.\n- Prefer web_fetch before browser automation to reduce page load and side effects.\n- Observe before clicking or typing, and use visible refs rather than blind selectors.\n- Interactive plans may execute only the exact reviewed action and require a second confirmation immediately before it runs.\n- Do not bypass captcha, bot checks, paywalls, access controls, or robots/rate-limit signals.\n- Do not infer or persist identity for unknown people without explicit permission and evidence.\n- Persist only compact facts with source evidence; avoid storing raw page dumps or private data.\n\nStructured result:\n{\n  \"goal\": \"Verify Example Domain title\",\n  \"query\": \"Verify Example Domain title\",\n  \"intent\": \"research\",\n  \"sourceUrl\": \"https://example.com\",\n  \"expectedText\": \"Example Domain\",\n  \"maxPages\": 1,\n  \"allowLoginPages\": false,\n  \"steps\": [\n    {\n      \"id\": \"static-read\",\n      \"title\": \"Read the source before opening a browser\",\n      \"tool\": \"web_fetch\",\n      \"stage\": \"read\",\n      \"evidence\": \"static-content\",\n      \"required\": true,\n      \"reason\": \"Cheap static fetch may already contain the needed evidence.\",\n      \"inputs\": {\n        \"url\": \"https://example.com\"\n      }\n    },\n    {\n      \"id\": \"observe\",\n      \"title\": \"Observe visible state before acting\",\n      \"tool\": \"browser\",\n      \"stage\": \"observe\",\n      \"evidence\": \"visible-state\",\n      \"required\": true,\n      \"action\": \"observe\",\n      \"reason\": \"Capture refs, visible text, forms, and blockers before any click or typing.\",\n      \"inputs\": {\n        \"query\": \"Verify Example Domain title\"\n      }\n    },\n    {\n      \"id\": \"extract\",\n      \"title\": \"Extract structured page evidence\",\n      \"tool\": \"browser\",\n      \"stage\": \"extract\",\n      \"evidence\": \"structured-facts\",\n      \"required\": true,\n      \"action\": \"extract\",\n      \"reason\": \"Collect URL, title, headings, links, actions, and goal-focused text snippets as proof.\",\n      \"inputs\": {\n        \"query\": \"Verify Example Domain title\"\n      }\n    },\n    {\n      \"id\": \"assert\",\n      \"title\": \"Assert the expected page state\",\n      \"tool\": \"browser\",\n      \"stage\": \"assert\",\n      \"evidence\": \"assertion\",\n      \"required\": true,\n      \"action\": \"assert_text\",\n      \"reason\": \"Make the browsing result testable with an explicit pass/fail assertion.\",\n      \"inputs\": {\n        \"expectedText\": \"Example Domain\"\n      }\n    }\n  ],\n  \"safetyRules\": [\n    \"Use public web pages or user-authorized pages only.\",\n    \"Prefer web_fetch before browser automation to reduce page load and side effects.\",\n    \"Observe before clicking or typing, and use visible refs rather than blind selectors.\",\n    \"Interactive plans may execute only the exact reviewed action and require a second confirmation immediately before it runs.\",\n    \"Do not bypass captcha, bot checks, paywalls, access controls, or robots/rate-limit signals.\",\n    \"Do not infer or persist identity for unknown people without explicit permission and evidence.\",\n    \"Persist only compact facts with source evidence; avoid storing raw page dumps or private data.\"\n  ],\n  \"stopConditions\": [\n    \"Captcha, device challenge, security checkpoint, or bot-verification wall appears.\",\n    \"A login wall, paywall, or private member area is required.\",\n    \"HTTP 403, 429, rate-limit warning, or explicit crawling prohibition appears.\",\n    \"The task asks for stealth, captcha solving, scraping behind access controls, or credential harvesting.\",\n    \"The page exposes sensitive personal data that is not necessary for the user-authorized goal.\"\n  ],\n  \"evidenceChecklist\": [\n    \"Final URL and page title.\",\n    \"At least one source snippet or heading tied to the goal.\",\n    \"Source timestamps or observed-at time when available.\",\n    \"Clear note of any blocker, missing evidence, or uncertainty.\",\n    \"Explicit assert_text pass/fail result for the expected page state.\"\n  ],\n  \"rateLimit\": {\n    \"maxPages\": 1,\n    \"pauseBetweenPagesMs\": 1500,\n    \"retryPolicy\": \"Retry transient network failures once; do not retry 403, 429, captcha, or auth walls.\"\n  }\n}"
  },
  "checks": [
    {
      "check": "output pattern",
      "passed": true
    }
  ],
  "passed": true,
  "ms": 0
}
