Date de consolidation: 2026-09-30T06:18:56Z
Révision du code exécuté: b72202254006beb44b7f70d3daa44da2aeb3f99d
Exécution réelle, sans mocks de runtime ; HOME et projet isolés.
Commande/scénario: registre de production → sbom_generate({"root": "<QA_PROJECT>"})
Attendu: p9-fixture-lib
Observé: Outil réel exécuté sur une fixture isolée ; oracle contrôlé.
Portée: Outil réel exécuté sur une fixture isolée ; oracle contrôlé.
Verdict: prouvée

=== Capture sbom_generate.json ===
{
  "name": "sbom_generate",
  "input": {
    "root": "<QA_PROJECT>"
  },
  "expected": "p9-fixture-lib",
  "result": {
    "success": true,
    "output": "{\n  \"format\": \"codebuddy-minimal-sbom\",\n  \"generatedAt\": \"2026-09-30T05:37:55.663Z\",\n  \"root\": \"<QA_PROJECT>\",\n  \"packages\": [\n    {\n      \"name\": \"p9-fixture-lib\",\n      \"version\": \"1.0.0\",\n      \"license\": \"MIT\"\n    }\n  ]\n}",
    "data": {
      "format": "codebuddy-minimal-sbom",
      "generatedAt": "2026-09-30T05:37:55.663Z",
      "root": "<QA_PROJECT>",
      "packages": [
        {
          "name": "p9-fixture-lib",
          "version": "1.0.0",
          "license": "MIT"
        }
      ]
    }
  },
  "checks": [
    {
      "check": "output pattern",
      "passed": true
    }
  ],
  "passed": true,
  "ms": 0
}
