Date de consolidation: 2026-09-30T06:18:56Z
Révision du code exécuté: b72202254006beb44b7f70d3daa44da2aeb3f99d
Exécution réelle, sans mocks de runtime ; HOME et projet isolés.
Commande/scénario: registre de production → todo_update({"action": "add", "text": "P9_ATTENTION"})
Attendu: P9_ATTENTION
Observé: Outil réel exécuté sur une fixture isolée ; oracle contrôlé.
Portée: Outil réel exécuté sur une fixture isolée ; oracle contrôlé.
Verdict: prouvée

=== Capture todo_update.json ===
{
  "name": "todo_update",
  "input": {
    "action": "add",
    "text": "P9_ATTENTION"
  },
  "expected": "P9_ATTENTION",
  "result": {
    "success": true,
    "output": "Added: [muno7c22i13] P9_ATTENTION"
  },
  "checks": [
    {
      "check": "output pattern",
      "passed": true
    }
  ],
  "passed": true,
  "ms": 5
}
