Date de consolidation: 2026-09-30T06:18:56Z
Révision du code exécuté: b72202254006beb44b7f70d3daa44da2aeb3f99d
Exécution réelle, sans mocks de runtime ; HOME et projet isolés.
Commande/scénario: registre de production → archive({"operation": "create", "sources": ["a.txt", "b.txt"], "output_path": "bundle.zip", "format": "zip"})
Attendu: Fichier non vide
Observé: Outil réel exécuté sur une fixture isolée ; oracle contrôlé.
Portée: Outil réel exécuté sur une fixture isolée ; oracle contrôlé.
Verdict: prouvée

=== Capture archive.json ===
{
  "name": "archive",
  "input": {
    "operation": "create",
    "sources": [
      "a.txt",
      "b.txt"
    ],
    "output_path": "bundle.zip",
    "format": "zip"
  },
  "expected": "Fichier non vide",
  "result": {
    "success": true,
    "output": "📦 Created archive: bundle.zip (215 B)",
    "data": {
      "path": "bundle.zip",
      "size": 215
    }
  },
  "checks": [
    {
      "check": "file exists and nonempty",
      "passed": true
    }
  ],
  "passed": true,
  "ms": 5
}
