Date de consolidation: 2026-09-30T06:18:56Z
Révision du code exécuté: b72202254006beb44b7f70d3daa44da2aeb3f99d
Exécution réelle, sans mocks de runtime ; HOME et projet isolés.
Commande/scénario: registre de production → license_check({"root": "<QA_PROJECT>"})
Attendu: 1 package|MIT
Observé: Outil réel exécuté sur une fixture isolée ; oracle contrôlé.
Portée: Outil réel exécuté sur une fixture isolée ; oracle contrôlé.
Verdict: prouvée

=== Capture license_check.json ===
{
  "name": "license_check",
  "input": {
    "root": "<QA_PROJECT>"
  },
  "expected": "1 package|MIT",
  "result": {
    "success": true,
    "output": "Licenses: 1 package(s), 0 non-permissive flagged",
    "data": {
      "root": "<QA_PROJECT>",
      "total": 1,
      "flagged": [],
      "packages": [
        {
          "name": "p9-fixture-lib",
          "version": "1.0.0",
          "license": "MIT"
        }
      ]
    }
  },
  "checks": [
    {
      "check": "output pattern",
      "passed": true
    }
  ],
  "passed": true,
  "ms": 2
}
