Date de consolidation: 2026-09-30T06:18:56Z
Révision du code exécuté: b72202254006beb44b7f70d3daa44da2aeb3f99d
Exécution réelle, sans mocks de runtime ; HOME et projet isolés.
Commande/scénario: registre de production → lessons_list({})
Attendu: P9_LESSON
Observé: Outil réel exécuté sur une fixture isolée ; oracle contrôlé.
Portée: Outil réel exécuté sur une fixture isolée ; oracle contrôlé.
Verdict: prouvée

=== Capture lessons_list.json ===
{
  "name": "lessons_list",
  "input": {},
  "expected": "P9_LESSON",
  "result": {
    "success": true,
    "output": "1 lesson(s):\n\n[munm9zspqmd] **RULE** P9_LESSON"
  },
  "checks": [
    {
      "check": "output pattern",
      "passed": true
    }
  ],
  "passed": true,
  "ms": 0
}
