Date de consolidation: 2026-09-30T06:18:56Z
Révision du code exécuté: b72202254006beb44b7f70d3daa44da2aeb3f99d
Exécution réelle, sans mocks de runtime ; HOME et projet isolés.
Commande/scénario: registre de production → read_file({"path": "data.json"})
Attendu: P9_JSON
Observé: Outil réel exécuté sur une fixture isolée ; oracle contrôlé.
Portée: Outil réel exécuté sur une fixture isolée ; oracle contrôlé.
Verdict: prouvée

=== Capture read_file.json ===
{
  "name": "read_file",
  "input": {
    "path": "data.json"
  },
  "expected": "P9_JSON",
  "result": {
    "success": true,
    "output": "Contents of data.json:\n1: {\"marker\":\"P9_JSON\",\"nested\":{\"value\":42}}"
  },
  "checks": [
    {
      "check": "output pattern",
      "passed": true
    }
  ],
  "passed": true,
  "ms": 1
}
