Date de consolidation: 2026-09-30T06:18:56Z
Révision du code exécuté: b72202254006beb44b7f70d3daa44da2aeb3f99d
Exécution réelle, sans mocks de runtime ; HOME et projet isolés.
Commande/scénario: registre de production → reason({"problem": "Compute 6 times 7. Return 42.", "mode": "shallow"})
Attendu: Résultat mathématique connu 42, moteur local réel
Observé: Outil réel exécuté sur une fixture isolée ; oracle contrôlé.
Portée: Calcul 6*(5+2)=42 via Tree of Thoughts et modèle local ; trois nœuds, une itération.
Verdict: prouvée

=== Capture reason.json ===
{
  "name": "reason",
  "input": {
    "problem": "Compute 6 times 7. Return 42.",
    "mode": "shallow"
  },
  "expected": "Résultat mathématique connu 42, moteur local réel",
  "result": {
    "success": true,
    "output": "\n════════════════════════════════════════════════════════════\n🧠 TREE-OF-THOUGHT REASONING RESULT\n════════════════════════════════════════════════════════════\n\nStatus: ✅ Solution Found\nIterations: 1\nNodes Created: 3\nNodes Evaluated: 2\nNodes Refined: 0\nMax Depth: 1\nBest Score: 1.00\nTime: 6.47s\n\n────────────────────────────────────────\n📋 SOLUTION:\n────────────────────────────────────────\nDirect multiplication: Perform the arithmetic operation 6 × 7 step by step, breaking it into smaller parts (e.g., 6 × 7 = 6 × (5 + 2) = 6×5 + 6×2 = 30 + 12 = 42) to verify the result through fundamental math principles.\n\n────────────────────────────────────────\n🛤️  REASONING PATH:\n────────────────────────────────────────\n1. [analysis] Understanding the problem: Compute 6 times 7. Return 42....\n   Score: 0.50\n2. [verification] Direct multiplication: Perform the arithmetic operation 6 × 7 step by step, breaking it into smaller...\n   Score: 1.00\n\n\n════════════════════════════════════════════════════════════\n",
    "dataSerialization": "cyclic data omitted from trace"
  },
  "checks": [
    {
      "check": "output pattern",
      "passed": true
    }
  ],
  "passed": true,
  "ms": 6476
}
