Date de consolidation: 2026-09-30T06:18:56Z
Révision du code exécuté: b72202254006beb44b7f70d3daa44da2aeb3f99d
Exécution réelle, sans mocks de runtime ; HOME et projet isolés.
Commande/scénario: registre de production → find_definition({"symbol_name": "add"})
Attendu: sample
Observé: Outil réel exécuté sur une fixture isolée ; oracle contrôlé.
Portée: Outil réel exécuté sur une fixture isolée ; oracle contrôlé.
Verdict: prouvée

=== Capture find_definition.json ===
{
  "name": "find_definition",
  "input": {
    "symbol_name": "add"
  },
  "expected": "sample",
  "result": {
    "success": true,
    "output": "Definition of \"add\":\n  function add\n  File: sample.ts:1\n  [exported]\n  Signature: export function add(a: number, b: number): number { return a + b; }"
  },
  "checks": [
    {
      "check": "output pattern",
      "passed": true
    }
  ],
  "passed": true,
  "ms": 10
}
