Date de consolidation: 2026-09-30T06:18:56Z
Révision du code exécuté: b72202254006beb44b7f70d3daa44da2aeb3f99d
Exécution réelle, sans mocks de runtime ; HOME et projet isolés.
Commande/scénario: registre de production → scan_secrets({"path": "clean.env"})
Attendu: 0|No secrets|clean
Observé: Outil réel exécuté sur une fixture isolée ; oracle contrôlé.
Portée: Outil réel exécuté sur une fixture isolée ; oracle contrôlé.
Verdict: prouvée

=== Capture scan_secrets.json ===
{
  "name": "scan_secrets",
  "input": {
    "path": "clean.env"
  },
  "expected": "0|No secrets|clean",
  "result": {
    "success": true,
    "output": "No secrets or credentials detected."
  },
  "checks": [
    {
      "check": "output pattern",
      "passed": true
    }
  ],
  "passed": true,
  "ms": 1
}
