Date de consolidation: 2026-09-30T06:18:56Z
Révision du code exécuté: b72202254006beb44b7f70d3daa44da2aeb3f99d
Exécution réelle, sans mocks de runtime ; HOME et projet isolés.
Commande/scénario: registre de production → find_symbols({"name": "add"})
Attendu: add
Observé: Outil réel exécuté sur une fixture isolée ; oracle contrôlé.
Portée: Outil réel exécuté sur une fixture isolée ; oracle contrôlé.
Verdict: prouvée

=== Capture find_symbols.json ===
{
  "name": "find_symbols",
  "input": {
    "name": "add"
  },
  "expected": "add",
  "result": {
    "success": true,
    "output": "Symbols matching \"add\":\n\nFunctions:\n  ⬛ add - sample.ts:1\n  ⬛ add - sample.js:1"
  },
  "checks": [
    {
      "check": "output pattern",
      "passed": true
    }
  ],
  "passed": true,
  "ms": 26
}
