Date de consolidation: 2026-09-30T06:18:56Z
Révision du code exécuté: b72202254006beb44b7f70d3daa44da2aeb3f99d
Exécution réelle, sans mocks de runtime ; HOME et projet isolés.
Commande/scénario: registre de production → file_search({"root": "<QA_PROJECT>", "pattern": "P9_MARKER"})
Attendu: P9_MARKER
Observé: Outil réel exécuté sur une fixture isolée ; oracle contrôlé.
Portée: Outil réel exécuté sur une fixture isolée ; oracle contrôlé.
Verdict: prouvée

=== Capture file_search.json ===
{
  "name": "file_search",
  "input": {
    "root": "<QA_PROJECT>",
    "pattern": "P9_MARKER"
  },
  "expected": "P9_MARKER",
  "result": {
    "success": true,
    "output": "Found 1 match(es)",
    "data": {
      "root": "<QA_PROJECT>",
      "pattern": "P9_MARKER",
      "matches": [
        {
          "file": "sample.js",
          "line": 2,
          "excerpt": "// TODO P9_MARKER"
        }
      ]
    }
  },
  "checks": [
    {
      "check": "output pattern",
      "passed": true
    }
  ],
  "passed": true,
  "ms": 1
}
