Date de consolidation: 2026-09-30T06:18:56Z
Révision du code exécuté: b72202254006beb44b7f70d3daa44da2aeb3f99d
Exécution réelle, sans mocks de runtime ; HOME et projet isolés.
Commande/scénario: registre de production → todo_scan({"root": "<QA_PROJECT>"})
Attendu: p9|sample|typescript|files|dependencies|MIT|passed|No |success
Observé: Outil réel exécuté sur une fixture isolée ; oracle contrôlé.
Portée: Outil réel exécuté sur une fixture isolée ; oracle contrôlé.
Verdict: prouvée

=== Capture todo_scan.json ===
{
  "name": "todo_scan",
  "input": {
    "root": "<QA_PROJECT>"
  },
  "expected": "p9|sample|typescript|files|dependencies|MIT|passed|No |success",
  "result": {
    "success": true,
    "output": "Found 1 todo markers",
    "data": {
      "root": "<QA_PROJECT>",
      "total": 1,
      "byType": {
        "TODO": [
          {
            "file": "sample.js",
            "line": 2,
            "type": "TODO",
            "text": "P9_MARKER"
          }
        ],
        "FIXME": [],
        "HACK": [],
        "XXX": []
      }
    }
  },
  "checks": [
    {
      "check": "output pattern",
      "passed": true
    }
  ],
  "passed": true,
  "ms": 2
}
