Date de consolidation: 2026-09-30T06:18:56Z
Révision du code exécuté: b72202254006beb44b7f70d3daa44da2aeb3f99d
Exécution réelle, sans mocks de runtime ; HOME et projet isolés.
Commande/scénario: registre de production → export({"operation": "csv", "data": [{"marker": "P9_EXPORT", "value": 42}], "output_path": "export.csv"})
Attendu: Fichier non vide
Observé: Outil réel exécuté sur une fixture isolée ; oracle contrôlé.
Portée: Outil réel exécuté sur une fixture isolée ; oracle contrôlé.
Verdict: prouvée

=== Capture export.json ===
{
  "name": "export",
  "input": {
    "operation": "csv",
    "data": [
      {
        "marker": "P9_EXPORT",
        "value": 42
      }
    ],
    "output_path": "export.csv"
  },
  "expected": "Fichier non vide",
  "result": {
    "success": true,
    "output": "📤 Exported 1 rows to CSV: export.csv",
    "data": {
      "path": "export.csv",
      "rows": 1
    }
  },
  "checks": [
    {
      "check": "file exists and nonempty",
      "passed": true
    },
    {
      "check": "file content",
      "passed": true
    }
  ],
  "passed": true,
  "ms": 2
}
