Date de consolidation: 2026-09-30T06:18:56Z
Révision du code exécuté: b72202254006beb44b7f70d3daa44da2aeb3f99d
Exécution réelle, sans mocks de runtime ; HOME et projet isolés.
Commande/scénario: registre de production → dep_inspect({"root": "<QA_PROJECT>"})
Attendu: p9|sample|typescript|files|dependencies|MIT|passed|No |success
Observé: Outil réel exécuté sur une fixture isolée ; oracle contrôlé.
Portée: Outil réel exécuté sur une fixture isolée ; oracle contrôlé.
Verdict: prouvée

=== Capture dep_inspect.json ===
{
  "name": "dep_inspect",
  "input": {
    "root": "<QA_PROJECT>"
  },
  "expected": "p9|sample|typescript|files|dependencies|MIT|passed|No |success",
  "result": {
    "success": true,
    "output": "Found 0 dependencies and 3 scripts",
    "data": {
      "root": "<QA_PROJECT>",
      "dependencies": {},
      "devDependencies": {},
      "scripts": {
        "test": "node --test check.test.js",
        "build": "node build.js",
        "lint": "node --check sample.js"
      },
      "engines": {},
      "totalDependencies": 0
    }
  },
  "checks": [
    {
      "check": "output pattern",
      "passed": true
    }
  ],
  "passed": true,
  "ms": 1
}
