Date de consolidation: 2026-09-30T06:18:56Z
Révision du code exécuté: b72202254006beb44b7f70d3daa44da2aeb3f99d
Exécution réelle, sans mocks de runtime ; HOME et projet isolés.
Commande/scénario: registre de production → kanban_list({})
Attendu: P9_CARD
Observé: Outil réel exécuté sur une fixture isolée ; oracle contrôlé.
Portée: Outil réel exécuté sur une fixture isolée ; oracle contrôlé.
Verdict: prouvée

=== Capture kanban_list.json ===
{
  "name": "kanban_list",
  "input": {},
  "expected": "P9_CARD",
  "result": {
    "success": true,
    "output": "{\n  \"action\": \"kanban_list\",\n  \"boardPath\": \"<QA_PROJECT>/.codebuddy/colab-tasks.json\",\n  \"count\": 1,\n  \"cards\": [\n    {\n      \"id\": \"p9-card\",\n      \"title\": \"P9_CARD\",\n      \"status\": \"todo\",\n      \"priority\": \"medium\",\n      \"tags\": [],\n      \"links\": [],\n      \"comments\": [],\n      \"heartbeats\": [],\n      \"createdAt\": \"2026-09-30T04:40:20.096Z\",\n      \"updatedAt\": \"2026-09-30T04:40:20.096Z\"\n    }\n  ]\n}",
    "data": {
      "action": "kanban_list",
      "boardPath": "<QA_PROJECT>/.codebuddy/colab-tasks.json",
      "count": 1,
      "cards": [
        {
          "id": "p9-card",
          "title": "P9_CARD",
          "status": "todo",
          "priority": "medium",
          "tags": [],
          "links": [],
          "comments": [],
          "heartbeats": [],
          "createdAt": "2026-09-30T04:40:20.096Z",
          "updatedAt": "2026-09-30T04:40:20.096Z"
        }
      ]
    }
  },
  "checks": [
    {
      "check": "output pattern",
      "passed": true
    }
  ],
  "passed": true,
  "ms": 0
}
