Date de consolidation: 2026-09-30T06:18:56Z
Révision du code exécuté: b72202254006beb44b7f70d3daa44da2aeb3f99d
Exécution réelle, sans mocks de runtime ; HOME et projet isolés.
Commande/scénario: registre de production → build_project({"root": "<QA_PROJECT>"})
Attendu: Fichier non vide
Observé: Outil réel exécuté sur une fixture isolée ; oracle contrôlé.
Portée: Outil réel exécuté sur une fixture isolée ; oracle contrôlé.
Verdict: prouvée

=== Capture build_project.json ===
{
  "name": "build_project",
  "input": {
    "root": "<QA_PROJECT>"
  },
  "expected": "Fichier non vide",
  "result": {
    "success": true,
    "output": "Build passed in 104ms",
    "data": {
      "root": "<QA_PROJECT>",
      "durationMs": 104,
      "exitCode": 0,
      "timedOut": false,
      "stdoutTail": "\n> p9-fixture@1.0.0 build\n> node build.js\n\n",
      "stderrTail": ""
    }
  },
  "checks": [
    {
      "check": "file exists and nonempty",
      "passed": true
    },
    {
      "check": "file content",
      "passed": true
    }
  ],
  "passed": true,
  "ms": 105
}
