Date de consolidation: 2026-09-30T06:18:56Z
Révision du code exécuté: b72202254006beb44b7f70d3daa44da2aeb3f99d
Exécution réelle, sans mocks de runtime ; HOME et projet isolés.
Commande/scénario: registre de production → workspace_read({"repo": "p9-project", "path": "data.json"})
Attendu: Lecture effective du dépôt sélectionné
Observé: Outil réel exécuté sur une fixture isolée ; oracle contrôlé.
Portée: Outil réel exécuté sur une fixture isolée ; oracle contrôlé.
Verdict: prouvée

=== Capture workspace_read.json ===
{
  "name": "workspace_read",
  "input": {
    "repo": "p9-project",
    "path": "data.json"
  },
  "expected": "Lecture effective du dépôt sélectionné",
  "result": {
    "success": true,
    "output": "1: {\"marker\":\"P9_JSON\",\"nested\":{\"value\":42}}",
    "data": {
      "repo": "p9-project",
      "path": "data.json",
      "offset": 0,
      "lines": 1
    }
  },
  "checks": [
    {
      "check": "output pattern",
      "passed": true
    }
  ],
  "passed": true,
  "ms": 9
}
