Date de consolidation: 2026-09-30T06:18:56Z
Révision du code exécuté: b72202254006beb44b7f70d3daa44da2aeb3f99d
Exécution réelle, sans mocks de runtime ; HOME et projet isolés.
Commande/scénario: registre de production → create_todo_list({"todos": [{"id": "p9-todo", "content": "P9_TODO", "status": "pending", "priority": "high"}]})
Attendu: P9_TODO|created
Observé: Outil réel exécuté sur une fixture isolée ; oracle contrôlé.
Portée: Outil réel exécuté sur une fixture isolée ; oracle contrôlé.
Verdict: prouvée

=== Capture create_todo_list.json ===
{
  "name": "create_todo_list",
  "input": {
    "todos": [
      {
        "id": "p9-todo",
        "content": "P9_TODO",
        "status": "pending",
        "priority": "high"
      }
    ]
  },
  "expected": "P9_TODO|created",
  "result": {
    "success": true,
    "output": "\u001b[1m⬜ Pending\u001b[0m\n  🔴 P9_TODO\n\n\n📊 0/1 completed | 🔴 1 high priority",
    "data": {
      "message": "Created 1 todos",
      "count": 1,
      "stats": {
        "total": 1,
        "pending": 1,
        "inProgress": 0,
        "completed": 0,
        "byPriority": {
          "high": 1,
          "medium": 0,
          "low": 0
        }
      }
    }
  },
  "checks": [
    {
      "check": "output pattern",
      "passed": true
    }
  ],
  "passed": true,
  "ms": 1
}
