Date de consolidation: 2026-09-30T06:18:56Z
Révision du code exécuté: b72202254006beb44b7f70d3daa44da2aeb3f99d
Exécution réelle, sans mocks de runtime ; HOME et projet isolés.
Commande/scénario: registre de production → codebase_map({"root": "<QA_PROJECT>", "deep": true, "operation": "build"})
Attendu: Construction du graphe sur sources synthétiques
Observé: Outil réel exécuté sur une fixture isolée ; oracle contrôlé.
Portée: Construction locale de carte et index ; cela ne prouve pas le graphe partagé, qui échoue séparément.
Verdict: prouvée

=== Capture codebase_map.json ===
{
  "name": "codebase_map",
  "input": {
    "root": "<QA_PROJECT>",
    "deep": true,
    "operation": "build"
  },
  "expected": "Construction du graphe sur sources synthétiques",
  "result": {
    "success": true,
    "output": "Codebase map built: 48 files, 2775 lines, root <QA_PROJECT>"
  },
  "checks": [
    {
      "check": "output pattern",
      "passed": true
    }
  ],
  "passed": true,
  "ms": 22
}
