Date de consolidation: 2026-09-30T06:18:56Z
Révision du code exécuté: b72202254006beb44b7f70d3daa44da2aeb3f99d
Exécution réelle, sans mocks de runtime ; HOME et projet isolés.
Commande/scénario: registre de production → multi_edit({"file_path": "new.txt", "edits": [{"old_string": "P9_EDIT", "new_string": "P9_MULTI"}]})
Attendu: Fichier non vide
Observé: Outil réel exécuté sur une fixture isolée ; oracle contrôlé.
Portée: Outil réel exécuté sur une fixture isolée ; oracle contrôlé.
Verdict: prouvée

=== Capture multi_edit.json ===
{
  "name": "multi_edit",
  "input": {
    "file_path": "new.txt",
    "edits": [
      {
        "old_string": "P9_EDIT",
        "new_string": "P9_MULTI"
      }
    ]
  },
  "expected": "Fichier non vide",
  "result": {
    "success": true,
    "output": "Applied 1 edit to new.txt (same line count)\n\nUpdated new.txt with 1 addition and 1 removal\n--- a/new.txt\n+++ b/new.txt\n@@ -1,1 +1,1 @@\n-P9_EDIT\n+P9_MULTI"
  },
  "checks": [
    {
      "check": "file exists and nonempty",
      "passed": true
    },
    {
      "check": "file content",
      "passed": true
    }
  ],
  "passed": true,
  "ms": 6
}
