Date de consolidation: 2026-09-30T06:18:56Z
Révision du code exécuté: b72202254006beb44b7f70d3daa44da2aeb3f99d
Exécution réelle, sans mocks de runtime ; HOME et projet isolés.
Commande/scénario: registre de production → search_files({"query": "P9_MARKER", "search_type": "text"})
Attendu: P9_MARKER
Observé: Outil réel exécuté sur une fixture isolée ; oracle contrôlé.
Portée: Outil réel exécuté sur une fixture isolée ; oracle contrôlé.
Verdict: prouvée

=== Capture search_files.json ===
{
  "name": "search_files",
  "input": {
    "query": "P9_MARKER",
    "search_type": "text"
  },
  "expected": "P9_MARKER",
  "result": {
    "success": true,
    "output": "Search results for \"P9_MARKER\":\n  <QA_PROJECT>/sample.js (1 matches)\n\n[Cached result]"
  },
  "checks": [
    {
      "check": "output pattern",
      "passed": true
    }
  ],
  "passed": true,
  "ms": 0
}
