Date de consolidation: 2026-09-30T06:18:56Z
Révision du code exécuté: b72202254006beb44b7f70d3daa44da2aeb3f99d
Exécution réelle, sans mocks de runtime ; HOME et projet isolés.
Commande/scénario: registre de production → git_summary({"root": "<QA_PROJECT>"})
Attendu: p9|sample|typescript|files|dependencies|MIT|passed|No |success
Observé: Outil réel exécuté sur une fixture isolée ; oracle contrôlé.
Portée: Outil réel exécuté sur une fixture isolée ; oracle contrôlé.
Verdict: prouvée

=== Capture git_summary.json ===
{
  "name": "git_summary",
  "input": {
    "root": "<QA_PROJECT>"
  },
  "expected": "p9|sample|typescript|files|dependencies|MIT|passed|No |success",
  "result": {
    "success": true,
    "output": "Git master: 0 modified, 0 staged, 16 untracked",
    "data": {
      "root": "<QA_PROJECT>",
      "isRepo": true,
      "branch": "master",
      "ahead": 0,
      "behind": 0,
      "staged": 0,
      "modified": 0,
      "untracked": 16
    }
  },
  "checks": [
    {
      "check": "output pattern",
      "passed": true
    }
  ],
  "passed": true,
  "ms": 14
}
