Date de consolidation: 2026-09-30T06:18:56Z
Révision du code exécuté: b72202254006beb44b7f70d3daa44da2aeb3f99d
Exécution réelle, sans mocks de runtime ; HOME et projet isolés.
Commande/scénario: registre de production → document({"operation": "read", "path": "p9.docx"})
Attendu: P9_DOC
Observé: Outil réel exécuté sur une fixture isolée ; oracle contrôlé.
Portée: Outil réel exécuté sur une fixture isolée ; oracle contrôlé.
Verdict: prouvée

=== Capture document.json ===
{
  "name": "document",
  "input": {
    "operation": "read",
    "path": "p9.docx"
  },
  "expected": "P9_DOC",
  "result": {
    "success": true,
    "output": "📝 DOCX: p9.docx\n   Author: Un-named\n   Words: 5\n\n--- Content ---\nP9 Document\nP9_DOC\nFixture document.",
    "data": {
      "text": "P9 Document\nP9_DOC\nFixture document.",
      "type": "docx",
      "metadata": {
        "author": "Un-named",
        "created": "2026-09-30T04:40:20.245Z",
        "modified": "2026-09-30T04:40:20.245Z",
        "lastModifiedBy": "Un-named",
        "wordCount": 5,
        "embeddedImageCount": 0
      }
    }
  },
  "checks": [
    {
      "check": "output pattern",
      "passed": true
    }
  ],
  "passed": true,
  "ms": 5
}
