Date de consolidation: 2026-09-30T06:18:56Z
Révision du code exécuté: b72202254006beb44b7f70d3daa44da2aeb3f99d
Exécution réelle, sans mocks de runtime ; HOME et projet isolés.
Commande/scénario: registre de production → list_directory({"path": "."})
Attendu: data.csv
Observé: Outil réel exécuté sur une fixture isolée ; oracle contrôlé.
Portée: Outil réel exécuté sur une fixture isolée ; oracle contrôlé.
Verdict: prouvée

=== Capture list_directory.json ===
{
  "name": "list_directory",
  "input": {
    "path": "."
  },
  "expected": "data.csv",
  "result": {
    "success": true,
    "output": "Directory: <QA_PROJECT>\n14 entries\n\nType       Size  Modified          Name\n---------------------------------------\nfile       38 B  2026-09-30 06:39  bad.rs\nfile      124 B  2026-09-30 06:39  build.js\nfile      150 B  2026-09-30 06:39  check.test.js\nfile       18 B  2026-09-30 06:39  clean.env\nfile      22 KB  2026-09-30 06:39  clip.mp4\nfile       28 B  2026-09-30 06:39  data.csv\nfile       42 B  2026-09-30 06:39  data.json\nfile       39 B  2026-09-30 06:39  LICENSE\nfile       26 B  2026-09-30 06:39  note.md\nfile      188 B  2026-09-30 06:39  package.json\nfile       86 B  2026-09-30 06:39  sample.js\nfile      121 B  2026-09-30 06:39  sample.ts\nfile     146 KB  2026-09-30 06:39  speech.wav\nfile       73 B  2026-09-30 06:39  tsconfig.json"
  },
  "checks": [
    {
      "check": "output pattern",
      "passed": true
    }
  ],
  "passed": true,
  "ms": 9
}
