Date de consolidation: 2026-09-30T06:18:56Z
Révision du code exécuté: b72202254006beb44b7f70d3daa44da2aeb3f99d
Exécution réelle, sans mocks de runtime ; HOME et projet isolés.
Commande/scénario: registre de production → find_references({"symbol_name": "add"})
Attendu: sample
Observé: Outil réel exécuté sur une fixture isolée ; oracle contrôlé.
Portée: Outil réel exécuté sur une fixture isolée ; oracle contrôlé.
Verdict: prouvée

=== Capture find_references.json ===
{
  "name": "find_references",
  "input": {
    "symbol_name": "add"
  },
  "expected": "sample",
  "result": {
    "success": true,
    "output": "References to \"add\" (5 found):\n\ncheck.test.js:\n  L1: import {test} from 'node:test';import {strict as assert} from 'node:assert';impo...\n\nsample.ts:\n  L1: export function add(a: number, b: number): number { return a + b; }\n  L3: console.log(add(1, 2));\n\nsample.js:\n  L1: export function add(a, b) { return a + b; }\n  L3: console.log(add(2, 3));"
  },
  "checks": [
    {
      "check": "output pattern",
      "passed": true
    }
  ],
  "passed": true,
  "ms": 9
}
