Date de consolidation: 2026-09-30T06:18:56Z
Révision du code exécuté: b72202254006beb44b7f70d3daa44da2aeb3f99d
Exécution réelle, sans mocks de runtime ; HOME et projet isolés.
Commande/scénario: registre de production → forget({"key": "p9-marker", "scope": "project"})
Attendu: removed|forgot|deleted
Observé: Outil réel exécuté sur une fixture isolée ; oracle contrôlé.
Portée: Outil réel exécuté sur une fixture isolée ; oracle contrôlé.
Verdict: prouvée

=== Capture forget.json ===
{
  "name": "forget",
  "input": {
    "key": "p9-marker",
    "scope": "project"
  },
  "expected": "removed|forgot|deleted",
  "result": {
    "success": true,
    "output": "Successfully forgot \"p9-marker\" from project memory."
  },
  "checks": [
    {
      "check": "output pattern",
      "passed": true
    }
  ],
  "passed": true,
  "ms": 7
}
