Date de consolidation: 2026-09-30T06:18:56Z
Révision du code exécuté: b72202254006beb44b7f70d3daa44da2aeb3f99d
Exécution réelle, sans mocks de runtime ; HOME et projet isolés.
Commande/scénario: registre de production → recall({"key": "p9-marker", "scope": "project"})
Attendu: P9_MEMORY
Observé: Outil réel exécuté sur une fixture isolée ; oracle contrôlé.
Portée: Outil réel exécuté sur une fixture isolée ; oracle contrôlé.
Verdict: prouvée

=== Capture recall.json ===
{
  "name": "recall",
  "input": {
    "key": "p9-marker",
    "scope": "project"
  },
  "expected": "P9_MEMORY",
  "result": {
    "success": true,
    "output": "Memory for \"p9-marker\":\n\nP9_MEMORY"
  },
  "checks": [
    {
      "check": "output pattern",
      "passed": true
    }
  ],
  "passed": true,
  "ms": 1
}
