Date de consolidation: 2026-09-30T06:18:56Z
Révision du code exécuté: b72202254006beb44b7f70d3daa44da2aeb3f99d
Exécution réelle, sans mocks de runtime ; HOME et projet isolés.
Commande/scénario: registre de production → find_bugs({"path": "sample.js"})
Attendu: bug|0|No |scan
Observé: Outil réel exécuté sur une fixture isolée ; oracle contrôlé.
Portée: Outil réel exécuté sur une fixture isolée ; oracle contrôlé.
Verdict: prouvée

=== Capture find_bugs.json ===
{
  "name": "find_bugs",
  "input": {
    "path": "sample.js"
  },
  "expected": "bug|0|No |scan",
  "result": {
    "success": true,
    "output": "No potential bugs found."
  },
  "checks": [
    {
      "check": "output pattern",
      "passed": true
    }
  ],
  "passed": true,
  "ms": 2
}
