Date de consolidation: 2026-09-30T06:18:56Z
Révision du code exécuté: b72202254006beb44b7f70d3daa44da2aeb3f99d
Exécution réelle, sans mocks de runtime ; HOME et projet isolés.
Commande/scénario: registre de production → codebase_replace({"search_pattern": "P9_MARKER", "replacement": "P9_CHANGED", "glob": "*.js", "dry_run": true})
Attendu: sample|P9_MARKER
Observé: Outil réel exécuté sur une fixture isolée ; oracle contrôlé.
Portée: Outil réel exécuté sur une fixture isolée ; oracle contrôlé.
Verdict: prouvée

=== Capture codebase_replace.json ===
{
  "name": "codebase_replace",
  "input": {
    "search_pattern": "P9_MARKER",
    "replacement": "P9_CHANGED",
    "glob": "*.js",
    "dry_run": true
  },
  "expected": "sample|P9_MARKER",
  "result": {
    "success": true,
    "output": "Dry run preview (1 replacements in 1 files):\n\n  ./sample.js:2\n    - // TODO P9_MARKER\n    + // TODO P9_CHANGED"
  },
  "checks": [
    {
      "check": "output pattern",
      "passed": true
    }
  ],
  "passed": true,
  "ms": 10
}
