Date de consolidation: 2026-09-30T06:18:56Z
Révision du code exécuté: b72202254006beb44b7f70d3daa44da2aeb3f99d
Exécution réelle, sans mocks de runtime ; HOME et projet isolés.
Commande/scénario: registre de production → create_skill({"name": "P9 Fixture", "description": "Procédure synthétique de preuve P9", "body": "# P9_SKILL\nUse for P9 fixture only. Run node --test check.test.js.", "tags": ["p9"]})
Attendu: created|P9|skill
Observé: Outil réel exécuté sur une fixture isolée ; oracle contrôlé.
Portée: Outil réel exécuté sur une fixture isolée ; oracle contrôlé.
Verdict: prouvée

=== Capture create_skill.json ===
{
  "name": "create_skill",
  "input": {
    "name": "P9 Fixture",
    "description": "Procédure synthétique de preuve P9",
    "body": "# P9_SKILL\nUse for P9 fixture only. Run node --test check.test.js.",
    "tags": [
      "p9"
    ]
  },
  "expected": "created|P9|skill",
  "result": {
    "success": true,
    "output": "Skill created and loaded: authored-p9-fixture\nPath: <QA_PROJECT>/.codebuddy/skills/authored-p9-fixture/SKILL.md",
    "data": {
      "name": "authored-p9-fixture",
      "loaded": true
    }
  },
  "checks": [
    {
      "check": "output pattern",
      "passed": true
    }
  ],
  "passed": true,
  "ms": 15
}
