Date de consolidation: 2026-09-30T06:18:56Z
Révision du code exécuté: b72202254006beb44b7f70d3daa44da2aeb3f99d
Exécution réelle, sans mocks de runtime ; HOME et projet isolés.
Commande/scénario: registre de production → video_long_form_plan({"operation": "assess", "plan": {"schemaVersion": 1, "episodeId": "p9-episode", "title": "P9_TITLE", "locale": "fr", "description": "P9_DESCRIPTION", "chapters": [], "publication": {"visibility": "private", "autoPublish": false, "humanReviewRequired": true}}})
Attendu: Un épisode sans chapitre est refusé pour production
Observé: Outil réel exécuté sur une fixture isolée ; oracle contrôlé.
Portée: Outil réel exécuté sur une fixture isolée ; oracle contrôlé.
Verdict: prouvée

=== Capture video_long_form_plan.json ===
{
  "name": "video_long_form_plan",
  "input": {
    "operation": "assess",
    "plan": {
      "schemaVersion": 1,
      "episodeId": "p9-episode",
      "title": "P9_TITLE",
      "locale": "fr",
      "description": "P9_DESCRIPTION",
      "chapters": [],
      "publication": {
        "visibility": "private",
        "autoPublish": false,
        "humanReviewRequired": true
      }
    }
  },
  "expected": "Un épisode sans chapitre est refusé pour production",
  "result": {
    "success": true,
    "output": "{\n  \"ready\": false,\n  \"durationSeconds\": 0,\n  \"narrationWords\": 0,\n  \"uniqueVisualRatio\": 0,\n  \"midRollEligible\": false,\n  \"suggestedAdBreakSeconds\": [],\n  \"failures\": [\n    \"insufficient-chapters\",\n    \"shorter-than-eight-minutes\",\n    \"insufficient-visual-scenes\",\n    \"insufficient-original-narration\",\n    \"repetitive-visual-plan\",\n    \"unsafe-publication-gate\"\n  ]\n}",
    "data": {
      "ready": false,
      "durationSeconds": 0,
      "narrationWords": 0,
      "uniqueVisualRatio": 0,
      "midRollEligible": false,
      "suggestedAdBreakSeconds": [],
      "failures": [
        "insufficient-chapters",
        "shorter-than-eight-minutes",
        "insufficient-visual-scenes",
        "insufficient-original-narration",
        "repetitive-visual-plan",
        "unsafe-publication-gate"
      ]
    }
  },
  "checks": [
    {
      "check": "output pattern",
      "passed": true
    }
  ],
  "passed": true,
  "ms": 1
}
