Date de consolidation: 2026-09-30T06:18:56Z
Révision du code exécuté: b72202254006beb44b7f70d3daa44da2aeb3f99d
Exécution réelle, sans mocks de runtime ; HOME et projet isolés.
Commande/scénario: registre de production → markdown_convert({"source": "p9.docx"})
Attendu: Texte P9_DOC conservé en Markdown (underscore échappé)
Observé: Outil réel exécuté sur une fixture isolée ; oracle contrôlé.
Portée: Outil réel exécuté sur une fixture isolée ; oracle contrôlé.
Verdict: prouvée

=== Capture markdown_convert.json ===
{
  "name": "markdown_convert",
  "input": {
    "source": "p9.docx"
  },
  "expected": "Texte P9_DOC conserv\u00e9 en Markdown (underscore \u00e9chapp\u00e9)",
  "result": {
    "success": true,
    "output": "**P9 Document**\n\n# **P9\\_DOC**\n\nFixture document."
  },
  "checks": [
    {
      "check": "output pattern",
      "passed": true
    }
  ],
  "passed": true,
  "ms": 686
}
