Date de consolidation: 2026-09-30T06:18:56Z
Révision du code exécuté: b72202254006beb44b7f70d3daa44da2aeb3f99d
Exécution réelle, sans mocks de runtime ; HOME et projet isolés.
Commande/scénario: registre de production → kanban_complete({"id": "p9-card", "comment": "P9_DONE"})
Attendu: done
Observé: Outil réel exécuté sur une fixture isolée ; oracle contrôlé.
Portée: Outil réel exécuté sur une fixture isolée ; oracle contrôlé.
Verdict: prouvée

=== Capture kanban_complete.json ===
{
  "name": "kanban_complete",
  "input": {
    "id": "p9-card",
    "comment": "P9_DONE"
  },
  "expected": "done",
  "result": {
    "success": true,
    "output": "{\n  \"action\": \"kanban_complete\",\n  \"boardPath\": \"<QA_PROJECT>/.codebuddy/colab-tasks.json\",\n  \"card\": {\n    \"id\": \"p9-card\",\n    \"title\": \"P9_CARD\",\n    \"status\": \"done\",\n    \"priority\": \"medium\",\n    \"tags\": [],\n    \"links\": [\n      {\n        \"id\": \"lnk-1790743220117-1\",\n        \"target\": \"note.md\",\n        \"createdAt\": \"2026-09-30T04:40:20.117Z\"\n      }\n    ],\n    \"comments\": [\n      {\n        \"id\": \"cmt-1790743220101-1\",\n        \"text\": \"P9_COMMENT\",\n        \"createdAt\": \"2026-09-30T04:40:20.101Z\"\n      },\n      {\n        \"id\": \"cmt-1790743220108-1\",\n        \"text\": \"Blocked: P9_BLOCK\",\n        \"createdAt\": \"2026-09-30T04:40:20.108Z\"\n      },\n      {\n        \"id\": \"cmt-1790743220113-1\",\n        \"text\": \"P9_UNBLOCK\",\n        \"createdAt\": \"2026-09-30T04:40:20.113Z\"\n      },\n      {\n        \"id\": \"cmt-1790743220133-2\",\n        \"text\": \"P9_DONE\",\n        \"createdAt\": \"2026-09-30T04:40:20.133Z\"\n      }\n    ],\n    \"heartbeats\": [\n      {\n        \"id\": \"hb-1790743220122-1\",\n        \"createdAt\": \"2026-09-30T04:40:20.122Z\",\n        \"message\": \"P9_HEARTBEAT\"\n      }\n    ],\n    \"createdAt\": \"2026-09-30T04:40:20.096Z\",\n    \"updatedAt\": \"2026-09-30T04:40:20.126Z\",\n    \"completedAt\": \"2026-09-30T04:40:20.126Z\"\n  }\n}",
    "data": {
      "action": "kanban_complete",
      "boardPath": "<QA_PROJECT>/.codebuddy/colab-tasks.json",
      "card": {
        "id": "p9-card",
        "title": "P9_CARD",
        "status": "done",
        "priority": "medium",
        "tags": [],
        "links": [
          {
            "id": "lnk-1790743220117-1",
            "target": "note.md",
            "createdAt": "2026-09-30T04:40:20.117Z"
          }
        ],
        "comments": [
          {
            "id": "cmt-1790743220101-1",
            "text": "P9_COMMENT",
            "createdAt": "2026-09-30T04:40:20.101Z"
          },
          {
            "id": "cmt-1790743220108-1",
            "text": "Blocked: P9_BLOCK",
            "createdAt": "2026-09-30T04:40:20.108Z"
          },
          {
            "id": "cmt-1790743220113-1",
            "text": "P9_UNBLOCK",
            "createdAt": "2026-09-30T04:40:20.113Z"
          },
          {
            "id": "cmt-1790743220133-2",
            "text": "P9_DONE",
            "createdAt": "2026-09-30T04:40:20.133Z"
          }
        ],
        "heartbeats": [
          {
            "id": "hb-1790743220122-1",
            "createdAt": "2026-09-30T04:40:20.122Z",
            "message": "P9_HEARTBEAT"
          }
        ],
        "createdAt": "2026-09-30T04:40:20.096Z",
        "updatedAt": "2026-09-30T04:40:20.126Z",
        "completedAt": "2026-09-30T04:40:20.126Z"
      }
    }
  },
  "checks": [
    {
      "check": "output pattern",
      "passed": true
    }
  ],
  "passed": true,
  "ms": 11
}
