Date de consolidation: 2026-09-30T06:18:56Z
Révision du code exécuté: b72202254006beb44b7f70d3daa44da2aeb3f99d
Exécution réelle, sans mocks de runtime ; HOME et projet isolés.
Commande/scénario: registre de production → project_map({"root": "<QA_PROJECT>"})
Attendu: p9|sample|typescript|files|dependencies|MIT|passed|No |success
Observé: Outil réel exécuté sur une fixture isolée ; oracle contrôlé.
Portée: Outil réel exécuté sur une fixture isolée ; oracle contrôlé.
Verdict: prouvée

=== Capture project_map.json ===
{
  "name": "project_map",
  "input": {
    "root": "<QA_PROJECT>"
  },
  "expected": "p9|sample|typescript|files|dependencies|MIT|passed|No |success",
  "result": {
    "success": true,
    "output": "Mapped 16 files and 0 directories",
    "data": {
      "root": "<QA_PROJECT>",
      "tree": [
        ".",
        "📄 a.txt",
        "📄 b.txt",
        "📄 bad.rs",
        "📄 build.js",
        "📄 check.test.js",
        "📄 clean.env",
        "📄 clip.mp4",
        "📄 data.csv",
        "📄 data.json",
        "📄 LICENSE",
        "📄 note.md",
        "📄 package.json",
        "📄 sample.js",
        "📄 sample.ts",
        "📄 speech.wav",
        "📄 tsconfig.json"
      ],
      "languages": {
        "Other": 8,
        "JavaScript": 3,
        "JSON": 3,
        "Markdown": 1,
        "TypeScript": 1
      },
      "entrypoints": [],
      "fileCount": 16,
      "directoryCount": 0
    }
  },
  "checks": [
    {
      "check": "output pattern",
      "passed": true
    }
  ],
  "passed": true,
  "ms": 1
}
