Date de consolidation: 2026-09-30T06:18:56Z
Révision du code exécuté: b72202254006beb44b7f70d3daa44da2aeb3f99d
Exécution réelle, sans mocks de runtime ; HOME et projet isolés.
Commande/scénario: registre de production → csv_preview({"file": "<QA_PROJECT>/data.csv"})
Attendu: alpha
Observé: Outil réel exécuté sur une fixture isolée ; oracle contrôlé.
Portée: Outil réel exécuté sur une fixture isolée ; oracle contrôlé.
Verdict: prouvée

=== Capture csv_preview.json ===
{
  "name": "csv_preview",
  "input": {
    "file": "<QA_PROJECT>/data.csv"
  },
  "expected": "alpha",
  "result": {
    "success": true,
    "output": "CSV has 2 columns and 2 rows",
    "data": {
      "file": "<QA_PROJECT>/data.csv",
      "columns": [
        "name",
        "value"
      ],
      "rowCount": 2,
      "preview": [
        {
          "name": "alpha",
          "value": "12"
        },
        {
          "name": "beta",
          "value": "30"
        }
      ],
      "inferredTypes": {
        "name": "text",
        "value": "number"
      }
    }
  },
  "checks": [
    {
      "check": "output pattern",
      "passed": true
    }
  ],
  "passed": true,
  "ms": 1
}
