Date de consolidation: 2026-09-30T06:18:56Z
Révision du code exécuté: b72202254006beb44b7f70d3daa44da2aeb3f99d
Exécution réelle, sans mocks de runtime ; HOME et projet isolés.
Commande/scénario: registre de production → write_file({"path": "alias.txt", "content": "P9_ALIAS"})
Attendu: Fichier non vide
Observé: Outil réel exécuté sur une fixture isolée ; oracle contrôlé.
Portée: Outil réel exécuté sur une fixture isolée ; oracle contrôlé.
Verdict: prouvée

=== Capture write_file.json ===
{
  "name": "write_file",
  "input": {
    "path": "alias.txt",
    "content": "P9_ALIAS"
  },
  "expected": "Fichier non vide",
  "result": {
    "success": true,
    "output": "Updated alias.txt with 1 addition\n--- a/alias.txt\n+++ b/alias.txt\n@@ -1,0 +1,1 @@\n+P9_ALIAS"
  },
  "checks": [
    {
      "check": "file exists and nonempty",
      "passed": true
    },
    {
      "check": "file content",
      "passed": true
    }
  ],
  "passed": true,
  "ms": 1
}
