Date de consolidation: 2026-09-30T06:18:56Z
Révision du code exécuté: b72202254006beb44b7f70d3daa44da2aeb3f99d
Exécution réelle, sans mocks de runtime ; HOME et projet isolés.
Commande/scénario: registre de production → get_todo_list({})
Attendu: P9_TODO
Observé: Outil réel exécuté sur une fixture isolée ; oracle contrôlé.
Portée: Outil réel exécuté sur une fixture isolée ; oracle contrôlé.
Verdict: prouvée

=== Capture get_todo_list.json ===
{
  "name": "get_todo_list",
  "input": {},
  "expected": "P9_TODO",
  "result": {
    "success": true,
    "output": "\u001b[1m⬜ Pending\u001b[0m\n  🔴 P9_TODO\n\n\n📊 0/1 completed | 🔴 1 high priority"
  },
  "checks": [
    {
      "check": "output pattern",
      "passed": true
    }
  ],
  "passed": true,
  "ms": 0
}
