Date de consolidation: 2026-09-30T06:18:56Z
Révision du code exécuté: b72202254006beb44b7f70d3daa44da2aeb3f99d
Exécution réelle, sans mocks de runtime ; HOME et projet isolés.
Commande/scénario: registre de production → tool_search({"query": "read_file", "max_results": 5})
Attendu: read_file|view_file
Observé: Outil réel exécuté sur une fixture isolée ; oracle contrôlé.
Portée: Outil réel exécuté sur une fixture isolée ; oracle contrôlé.
Verdict: prouvée

=== Capture tool_search.json ===
{
  "name": "tool_search",
  "input": {
    "query": "read_file",
    "max_results": 5
  },
  "expected": "read_file|view_file",
  "result": {
    "success": true,
    "output": "No tools found matching \"read_file\"."
  },
  "checks": [
    {
      "check": "output pattern",
      "passed": true
    }
  ],
  "passed": true,
  "ms": 1
}
