Date de consolidation: 2026-09-30T06:18:56Z
Révision du code exécuté: b72202254006beb44b7f70d3daa44da2aeb3f99d
Exécution réelle, sans mocks de runtime ; HOME et projet isolés.
Commande/scénario: registre de production → diff_files({"root": "<QA_PROJECT>", "left": "a.txt", "right": "b.txt"})
Attendu: P9_ALPHA.*P9_BETA
Observé: Outil réel exécuté sur une fixture isolée ; oracle contrôlé.
Portée: Outil réel exécuté sur une fixture isolée ; oracle contrôlé.
Verdict: prouvée

=== Capture diff_files.json ===
{
  "name": "diff_files",
  "input": {
    "root": "<QA_PROJECT>",
    "left": "a.txt",
    "right": "b.txt"
  },
  "expected": "P9_ALPHA.*P9_BETA",
  "result": {
    "success": true,
    "output": "--- a.txt\n+++ b.txt\n+P9_BETA\n-P9_ALPHA\n ",
    "data": {
      "root": "<QA_PROJECT>",
      "left": "a.txt",
      "right": "b.txt",
      "diff": "--- a.txt\n+++ b.txt\n+P9_BETA\n-P9_ALPHA\n ",
      "changed": 2
    }
  },
  "checks": [
    {
      "check": "output pattern",
      "passed": true
    }
  ],
  "passed": true,
  "ms": 1
}
