Date de consolidation: 2026-09-30T06:18:56Z
Révision du code exécuté: b72202254006beb44b7f70d3daa44da2aeb3f99d
Exécution réelle, sans mocks de runtime ; HOME et projet isolés.
Commande/scénario: registre de production → web_scrape({"url": "https://example.com"})
Attendu: Example Domain
Observé: Outil réel exécuté sur une fixture isolée ; oracle contrôlé.
Portée: Outil réel exécuté sur une fixture isolée ; oracle contrôlé.
Verdict: prouvée

=== Capture web_scrape.json ===
{
  "name": "web_scrape",
  "input": {
    "url": "https://example.com"
  },
  "expected": "Example Domain",
  "result": {
    "success": true,
    "output": "Engine: fallback (web_fetch)\n\nContent from https://example.com:\n\n• Example DomainThis domain is for use in documentation examples without needing permission. This is not a service, avoid relying on it for testing and monitoring purposes.\n\nLearn more",
    "data": {
      "url": "https://example.com",
      "contentLength": 184
    },
    "metadata": {
      "engine": "fallback (web_fetch)"
    }
  },
  "checks": [
    {
      "check": "output pattern",
      "passed": true
    }
  ],
  "passed": true,
  "ms": 52
}
