Date de consolidation: 2026-09-30T06:18:56Z
Révision du code exécuté: b72202254006beb44b7f70d3daa44da2aeb3f99d
Exécution réelle, sans mocks de runtime ; HOME et projet isolés.
Commande/scénario: registre de production → self_evolution({"limit": 2})
Attendu: P9_SYNTHETIC_RELEASE
Observé: Outil réel exécuté sur une fixture isolée ; oracle contrôlé.
Portée: Lecture de notes de version synthétiques locales ; aucune auto-modification du programme.
Verdict: prouvée

=== Capture self_evolution.json ===
{
  "name": "self_evolution",
  "input": {
    "limit": 2
  },
  "expected": "P9_SYNTHETIC_RELEASE",
  "result": {
    "success": true,
    "output": "- 2026-09-30 — Added : P9_SYNTHETIC_RELEASE fixture only.",
    "data": {
      "notes": [
        {
          "id": "2026-09-30:added",
          "date": "2026-09-30",
          "title": "Added",
          "facts": [
            "P9_SYNTHETIC_RELEASE fixture only."
          ],
          "variables": [
            "P9_SYNTHETIC_RELEASE"
          ],
          "commands": [],
          "activation": "unspecified"
        }
      ]
    }
  },
  "checks": [
    {
      "check": "output pattern",
      "passed": true
    }
  ],
  "passed": true,
  "ms": 14
}
