Date de consolidation: 2026-09-30T06:18:56Z
Révision du code exécuté: b72202254006beb44b7f70d3daa44da2aeb3f99d
Exécution réelle, sans mocks de runtime ; HOME et projet isolés.
Commande/scénario: registre de production → view_file({"path": "a.txt"})
Attendu: P9_ALPHA
Observé: Outil réel exécuté sur une fixture isolée ; oracle contrôlé.
Portée: Outil réel exécuté sur une fixture isolée ; oracle contrôlé.
Verdict: prouvée

=== Capture view_file.json ===
{
  "name": "view_file",
  "input": {
    "path": "a.txt"
  },
  "expected": "P9_ALPHA",
  "result": {
    "success": true,
    "output": "Contents of a.txt:\n1: P9_ALPHA\n2: "
  },
  "checks": [
    {
      "check": "output pattern",
      "passed": true
    }
  ],
  "passed": true,
  "ms": 3
}
