Date de consolidation: 2026-09-30T06:18:56Z
Révision du code exécuté: b72202254006beb44b7f70d3daa44da2aeb3f99d
Exécution réelle, sans mocks de runtime ; HOME et projet isolés.
Commande/scénario: registre de production → design_system({"action": "get", "id": "apple"})
Attendu: Apple|DESIGN
Observé: Outil réel exécuté sur une fixture isolée ; oracle contrôlé.
Portée: Outil réel exécuté sur une fixture isolée ; oracle contrôlé.
Verdict: prouvée

=== Capture design_system.json ===
{
  "name": "design_system",
  "input": {
    "action": "get",
    "id": "apple"
  },
  "expected": "Apple|DESIGN",
  "result": {
    "success": true,
    "output": "Applique fidèlement ce système de design — couleurs, typographie, géométrie, ombres, espacements.\n\n# Apple (apple)\nCatégorie: Media & Consumer\nConsumer electronics. Premium white space, SF Pro, cinematic imagery.\n\n# Design System Inspired by Apple\n\n> Category: Media & Consumer\n> Consumer electronics. Premium white space, SF Pro, cinematic imagery.\n\n## 1. Visual Theme & Atmosphere\n\nApple's web language is a precision editorial system that alternates between gallery-like calm and retail-density information blocks. The visual tone stays restrained: broad neutral canvases, quiet chrome, and product imagery given almost all of the expressive weight. The interface is engineered to disappear so hardware, materials, and finish options become the narrative foreground.\n\nAcross the five analyzed pages, the rhythm is consistent but not monolithic. Marketing surfaces (homepage and Environment) use cinematic black-and-light chaptering, while commerce surfaces (Store and Shop flows) introduce tighter spacing, more utility controls, and denser card stacks without breaking the core brand grammar. The result is one system with two gears: showcase mode and transaction mode.\n\nTypography is the stabilizer. SF Pro Display carries hero and merchandising hierarchy with compact line heights and controlled tracking, while SF Pro Text handles product metadata, navigation, filters, and dense selection UI. The typography stays understated, but the scale range is wide enough to support both billboard hero messaging and micro utility labels.\n\n**Key Characteristics:**\n- Binary section rhythm: deep black scenes (`#000000`) alternating with pale neutral fields (`#f5f5f7`)\n- Single blue accent family for action and link semantics (`#0071e3`, `#0066cc`, `#2997ff`)\n- Dual operating modes in one system: cinematic showcase modules and dense commerce configurators\n- Heavy reliance on imagery and material finishes; UI chrome remains visually thin\n- Tight headline metrics (SF Pro Display, semibold) paired with compact body/link typography (SF Pro Text)\n- Pill and capsule geometry as signature action language (`18px` to `980px` and circular controls)\n- Depth used sparingly; contrast and surface separation do most of the layering work\n- Multi-page color-block rhythm: black hero chapters -> pale neutral merchandising fields -> utility white retail surfaces -> dark micro-surfaces for controls\n\n## 2. Color Palette & Roles\n\n> **Source Pages:** `https://www.apple.com/`, `https://www.apple.com/environment/`, `https://www.apple.com/store`, `https://www.apple.com/shop/buy-iphone/iphone-17-pro`, `https://www.apple.com/shop/accessories/all`\n\n### Primary\n- **Absolute Black** (`#000000`): Immersive hero canvases, high-drama product chapters, deep UI anchors.\n- **Pale Apple Gray** (`#f5f5f7`): Main light surface for feature bands, comparison blocks, and editorial transitions.\n- **Near-Black Ink** (`#1d1d1f`): Primary text and dark-fill control color on light canvases.\n\n### Secondary & Accent\n- **Apple Action Blue** (`#0071e3`): Primary action fill and focus-signaling brand accent.\n- **Body Link Blue** (`#0066cc`): Inline link color optimized for long-form readability.\n- **High-Luminance Link Blue** (`#2997ff`): Bright link treatment on darker scenes where stronger contrast is required.\n\n### Surface & Background\n- **Pure White Canvas** (`#ffffff`): Retail/product-list backgrounds and dense transactional sections.\n- **Graphite Surface A** (`#272729`): Dark card and media-control context layer.\n- **Graphite Surface B** (`#262629`): Slightly deeper dark utility layer for control groupings.\n- **Graphite Surface C** (`#28282b`): Elevated dark supporting surfaces.\n- **Graphite Surface D** (`#2a2a2c`): Darkest elevated step used for separation in richer dark scenes.\n\n### Neutrals & Text\n- **Secondary Neutral Gray** (`#6e6e73`): Body secondary copy, helper descriptions, tertiary metadata.\n- **Soft Border Gray** (`#d2d2d7`): Dividers, subtle outlines, and muted utility containment.\n- **Mid Border Gray** (`#86868b`): Stronger field outlines in product-configuration and filter contexts.\n- **Utility Dark Gray** (`#424245`): Dark-neutral text/surface crossover in store contexts.\n\n### Semantic & Accent\n- **Selection/Focus Signal** (`#0071e3`): Shared focus and selected-state signal across marketing and commerce contexts.\n- **Error/Warning/Success**: No distinct semantic palette was consistently visible in the extracted surface set.\n\n### Gradient System\n- The extracted pages are overwhelmingly solid-surface driven. Visual richness comes from photography and finish rendering rather than persistent UI gradients.\n\n## 3. Typography Rules\n\n### Font Family\n- **Display Family:** `SF Pro Display`, fallbacks `SF Pro Icons, Helvetica Neue, Helvetica, Arial, sans-serif`\n- **Text Family:** `SF Pro Text`, fallbacks `SF Pro Icons, Helvetica Neue, Helvetica, Arial, sans-serif`\n- **Usage Split:** Display family handles hero/product headlines and merchandising headings; Text family handles navigation, controls, labels, and dense commerce copy.\n\n### Hierarchy\n| Role | Size | Weight | Line Height | Letter Spacing | Notes |\n|------|------|--------|-------------|----------------|-------|\n| Hero Display XL | 80px | 600 | 1.00-1.05 | -1.2px | Environment/store hero scale |\n| Hero Display L | 56px | 600 | 1.07 | -0.28px | Homepage hero moments |\n| Section Display | 48px | 500-600 | 1.08 | -0.144px | Major chapter headings |\n| Product Heading | 40px | 600 | 1.10 | normal | Product and campaign section titles |\n| Feature Display | 38px | 600 | 1.21 | 0.152px | Device and merchandising callouts |\n| Promo Display | 32px | 300-600 | 1.09-1.13 | 0.128px to 0.352px | Module-level sub-heroes |\n| Card/Product Title | 28px | 600 | 1.14 | 0.196px | Tile-level naming and key copy |\n| Utility Heading | 24px | 600 | 1.17 | 0.216px / -0.2px | Configurator and grouped content headers |\n| Link/Action Heading | 21px | 600 | 1.14-1.38 | 0.231px | Larger promotional links |\n…[tronqué]\n\nTokens clés disponibles: `schemaVersion`, `format`, `contract`, `generatedAt`, `source`, `summary`, `tokens`."
  },
  "checks": [
    {
      "check": "output pattern",
      "passed": true
    }
  ],
  "passed": true,
  "ms": 3
}
