Date de consolidation: 2026-09-30T06:18:56Z
Révision du code exécuté: b72202254006beb44b7f70d3daa44da2aeb3f99d
Exécution réelle, sans mocks de runtime ; HOME et projet isolés.
Commande/scénario: registre de production → replace_memory({"key": "p9-marker", "value": "P9_REPLACED", "scope": "project"})
Attendu: P9_REPLACED|updated|replaced
Observé: Outil réel exécuté sur une fixture isolée ; oracle contrôlé.
Portée: Outil réel exécuté sur une fixture isolée ; oracle contrôlé.
Verdict: prouvée

=== Capture replace_memory.json ===
{
  "name": "replace_memory",
  "input": {
    "key": "p9-marker",
    "value": "P9_REPLACED",
    "scope": "project"
  },
  "expected": "P9_REPLACED|updated|replaced",
  "result": {
    "success": true,
    "output": "Replaced \"p9-marker\" in project memory. Usage: 22/2200 chars (1%)."
  },
  "checks": [
    {
      "check": "output pattern",
      "passed": true
    }
  ],
  "passed": true,
  "ms": 10
}
