Date de consolidation: 2026-09-30T06:18:56Z
Révision du code exécuté: b72202254006beb44b7f70d3daa44da2aeb3f99d
Exécution réelle, sans mocks de runtime ; HOME et projet isolés.
Commande/scénario: registre de production → bundle_analyze({"root": "<QA_PROJECT>", "distDir": "dist"})
Attendu: app.js
Observé: Outil réel exécuté sur une fixture isolée ; oracle contrôlé.
Portée: Outil réel exécuté sur une fixture isolée ; oracle contrôlé.
Verdict: prouvée

=== Capture bundle_analyze.json ===
{
  "name": "bundle_analyze",
  "input": {
    "root": "<QA_PROJECT>",
    "distDir": "dist"
  },
  "expected": "app.js",
  "result": {
    "success": true,
    "output": "Bundle: 1 file(s), 8 bytes, 28 gzip bytes",
    "data": {
      "root": "<QA_PROJECT>",
      "distDir": "<QA_PROJECT>/dist",
      "totalSize": 8,
      "totalGzipSize": 28,
      "largest": [
        {
          "file": "app.js",
          "size": 8,
          "gzipSize": 28
        }
      ],
      "files": [
        {
          "file": "app.js",
          "size": 8,
          "gzipSize": 28
        }
      ]
    }
  },
  "checks": [
    {
      "check": "output pattern",
      "passed": true
    }
  ],
  "passed": true,
  "ms": 4
}
