Date de consolidation: 2026-09-30T06:18:56Z
Révision du code exécuté: b72202254006beb44b7f70d3daa44da2aeb3f99d
Exécution réelle, sans mocks de runtime ; HOME et projet isolés.
Commande/scénario: registre de production → lint_project({"root": "<QA_PROJECT>"})
Attendu: p9|sample|typescript|files|dependencies|MIT|passed|No |success
Observé: Outil réel exécuté sur une fixture isolée ; oracle contrôlé.
Portée: Outil réel exécuté sur une fixture isolée ; oracle contrôlé.
Verdict: prouvée

=== Capture lint_project.json ===
{
  "name": "lint_project",
  "input": {
    "root": "<QA_PROJECT>"
  },
  "expected": "p9|sample|typescript|files|dependencies|MIT|passed|No |success",
  "result": {
    "success": true,
    "output": "ESLint: 0 error(s), 0 warning(s) in 0 file(s)",
    "data": {
      "root": "<QA_PROJECT>",
      "eslintPath": "<QA_PROJECT>/node_modules/.bin/eslint",
      "missing": false,
      "errorCount": 0,
      "warningCount": 0,
      "files": [],
      "timedOut": false
    }
  },
  "checks": [
    {
      "check": "output pattern",
      "passed": true
    }
  ],
  "passed": true,
  "ms": 142
}
