Date de consolidation: 2026-09-30T06:18:56Z
Révision du code exécuté: b72202254006beb44b7f70d3daa44da2aeb3f99d
Exécution réelle, sans mocks de runtime ; HOME et projet isolés.
Commande/scénario: registre de production → lsp_rename({"file_path": "rename-space test.ts", "line": 1, "character": 18, "new_name": "p9Add"})
Attendu: Le fichier avec espace est réellement renommé
Observé: Outil réel exécuté sur une fixture isolée ; oracle contrôlé.
Portée: Renommage TypeScript appliqué et relu, fichier dont le chemin contient un espace ; pas de multi-langage.
Verdict: prouvée

=== Capture lsp_rename.json ===
{
  "name": "lsp_rename",
  "input": {
    "file_path": "rename-space test.ts",
    "line": 1,
    "character": 18,
    "new_name": "p9Add"
  },
  "expected": "Le fichier avec espace est réellement renommé",
  "result": {
    "success": true,
    "output": "Renamed \"(symbol)\" to \"p9Add\"\nFiles changed: 1\nTotal edits: 2\n\n## <QA_PROJECT>/rename-space test.ts\n  2 edit(s):\n  - line 1: \"p9Add\"\n  - line 3: \"p9Add\"\n",
    "data": {
      "filesChanged": 1,
      "totalEdits": 2,
      "files": [
        "<QA_PROJECT>/rename-space test.ts"
      ]
    }
  },
  "checks": [
    {
      "check": "output pattern",
      "passed": true
    },
    {
      "check": "file exists and nonempty",
      "passed": true
    },
    {
      "check": "file content",
      "passed": true
    }
  ],
  "passed": true,
  "ms": 496
}
