Date de consolidation: 2026-09-30T06:18:56Z
Révision du code exécuté: b72202254006beb44b7f70d3daa44da2aeb3f99d
Exécution réelle, sans mocks de runtime ; HOME et projet isolés.
Commande/scénario: registre de production → user_model_observe({"kind": "preference", "content": "P9_SYNTHETIC prefers concise output", "confidence": 1})
Attendu: P9|pending|proposal|record
Observé: Outil réel exécuté sur une fixture isolée ; oracle contrôlé.
Portée: Outil réel exécuté sur une fixture isolée ; oracle contrôlé.
Verdict: prouvée

=== Capture user_model_observe.json ===
{
  "name": "user_model_observe",
  "input": {
    "kind": "preference",
    "content": "P9_SYNTHETIC prefers concise output",
    "confidence": 1
  },
  "expected": "P9|pending|proposal|record",
  "result": {
    "success": true,
    "output": "Proposed observation [um-munny9q5f3q] (preference): P9_SYNTHETIC prefers concise output\nIt is awaiting human review and is NOT yet part of the user model. Accept with: buddy user-model accept um-munny9q5f3q --by <name>"
  },
  "checks": [
    {
      "check": "output pattern",
      "passed": true
    }
  ],
  "passed": true,
  "ms": 6
}
