Date de consolidation: 2026-09-30T19:33:55.697891Z
Révision exécutée: 99dbcdf27b61fa6a98bc73779b44c0e7efcd3049
Exécution réelle de production, sans mocks ; HOME et projet QA isolés.
Commande/scénario: document({"operation": "read", "path": "p9.docx"})
Attendu: Toutes les clauses spécifiques sont nécessaires ; seuls espaces/retours peuvent être normalisés.
Observé: Toutes les clauses spécifiques sont nécessaires ; seuls espaces/retours peuvent être normalisés.
Verdict: prouvée

{
  "name": "document",
  "input": {
    "operation": "read",
    "path": "p9.docx"
  },
  "oracle": {
    "rules": [
      {
        "field": "output",
        "op": "includes",
        "values": [
          "P9_DOC",
          "Fixture document."
        ]
      },
      {
        "field": "data.text",
        "op": "includes",
        "values": [
          "P9_DOC",
          "Fixture document."
        ]
      }
    ]
  },
  "expected": "Toutes les clauses spécifiques sont nécessaires ; seuls espaces/retours peuvent être normalisés.",
  "preparationCalls": [],
  "result": {
    "success": true,
    "output": "📝 DOCX: p9.docx\n   Author: Un-named\n   Words: 5\n\n--- Content ---\nP9 Document\nP9_DOC\nFixture document.",
    "data": {
      "text": "P9 Document\nP9_DOC\nFixture document.",
      "type": "docx",
      "metadata": {
        "author": "Un-named",
        "created": "2026-09-30T18:19:57.124Z",
        "modified": "2026-09-30T18:19:57.125Z",
        "lastModifiedBy": "Un-named",
        "wordCount": 5,
        "embeddedImageCount": 0
      }
    }
  },
  "observations": {},
  "verificationCalls": [],
  "passed": true,
  "checks": [
    {
      "check": "statut attendu",
      "passed": true
    },
    {
      "check": "output includes",
      "passed": true
    },
    {
      "check": "data.text includes",
      "passed": true
    },
    {
      "check": "oracle spécifique déclaré",
      "passed": true
    }
  ],
  "echoRejected": true,
  "ms": 11,
  "executionRevision": "99dbcdf27b61fa6a98bc73779b44c0e7efcd3049",
  "id": "tool:document",
  "summary": "Toutes les clauses spécifiques sont nécessaires ; seuls espaces/retours peuvent être normalisés."
}
