Date de consolidation: 2026-09-30T19:33:55.842224Z
Révision exécutée: 99dbcdf27b61fa6a98bc73779b44c0e7efcd3049
Exécution réelle de production, sans mocks ; HOME et projet QA isolés.
Commande/scénario: remember({"key": "p9-marker", "value": "P9_MEMORY", "scope": "project"})
Attendu: Toutes les clauses spécifiques sont nécessaires ; seuls espaces/retours peuvent être normalisés.
Observé: Toutes les clauses spécifiques sont nécessaires ; seuls espaces/retours peuvent être normalisés.
Verdict: prouvée

{
  "name": "remember",
  "input": {
    "key": "p9-marker",
    "value": "P9_MEMORY",
    "scope": "project"
  },
  "oracle": {
    "rules": [
      {
        "field": "observations.memoryValue",
        "op": "eq",
        "value": "P9_MEMORY"
      }
    ]
  },
  "expected": "Toutes les clauses spécifiques sont nécessaires ; seuls espaces/retours peuvent être normalisés.",
  "preparationCalls": [
    {
      "name": "remember",
      "input": {
        "key": "p9-marker",
        "value": "P9_BEFORE",
        "scope": "project"
      },
      "result": {
        "success": true,
        "output": "Updated \"p9-marker\" in project memory. Usage: 20/2200 chars (1%)."
      }
    }
  ],
  "result": {
    "success": true,
    "output": "Updated \"p9-marker\" in project memory. Usage: 20/2200 chars (1%)."
  },
  "observations": {
    "memoryValue": "P9_MEMORY",
    "memoryAbsent": false
  },
  "verificationCalls": [
    {
      "name": "recall",
      "input": {
        "key": "p9-marker",
        "scope": "project"
      },
      "result": {
        "success": true,
        "output": "Memory for \"p9-marker\":\n\nP9_MEMORY"
      }
    }
  ],
  "passed": true,
  "checks": [
    {
      "check": "statut attendu",
      "passed": true
    },
    {
      "check": "observations.memoryValue eq",
      "passed": true
    },
    {
      "check": "oracle spécifique déclaré",
      "passed": true
    }
  ],
  "echoRejected": true,
  "ms": 41960,
  "executionRevision": "99dbcdf27b61fa6a98bc73779b44c0e7efcd3049",
  "id": "tool:remember",
  "summary": "Toutes les clauses spécifiques sont nécessaires ; seuls espaces/retours peuvent être normalisés."
}
