Date de consolidation: 2026-09-30T19:33:55.800850Z
Révision exécutée: 99dbcdf27b61fa6a98bc73779b44c0e7efcd3049
Exécution réelle de production, sans mocks ; HOME et projet QA isolés.
Commande/scénario: lsp_hover({"file": "sample.ts", "line": 1, "column": 17})
Attendu: Toutes les clauses spécifiques sont nécessaires ; seuls espaces/retours peuvent être normalisés.
Observé: Toutes les clauses spécifiques sont nécessaires ; seuls espaces/retours peuvent être normalisés.
Verdict: prouvée

{
  "name": "lsp_hover",
  "input": {
    "file": "sample.ts",
    "line": 1,
    "column": 17
  },
  "oracle": {
    "rules": [
      {
        "field": "output",
        "op": "includes",
        "values": [
          "function add(a: number, b: number): number"
        ]
      }
    ]
  },
  "expected": "Toutes les clauses spécifiques sont nécessaires ; seuls espaces/retours peuvent être normalisés.",
  "preparationCalls": [],
  "result": {
    "success": true,
    "output": "Hover for <QA>/reprise-1/project/sample.ts:1:17:\n\n\n```typescript\nfunction add(a: number, b: number): number\n```\n\n\nRange: <QA>/reprise-1/project/sample.ts:1:17-1:20",
    "data": {
      "file": "<QA>/reprise-1/project/sample.ts",
      "language": "typescript",
      "position": {
        "line": 1,
        "column": 17
      },
      "hover": {
        "content": "\n```typescript\nfunction add(a: number, b: number): number\n```\n",
        "range": {
          "file": "<QA>/reprise-1/project/sample.ts",
          "line": 1,
          "column": 17,
          "endLine": 1,
          "endColumn": 20
        }
      }
    }
  },
  "observations": {},
  "verificationCalls": [],
  "passed": true,
  "checks": [
    {
      "check": "statut attendu",
      "passed": true
    },
    {
      "check": "output includes",
      "passed": true
    },
    {
      "check": "oracle spécifique déclaré",
      "passed": true
    }
  ],
  "echoRejected": true,
  "ms": 29,
  "executionRevision": "99dbcdf27b61fa6a98bc73779b44c0e7efcd3049",
  "id": "tool:lsp_hover",
  "summary": "Toutes les clauses spécifiques sont nécessaires ; seuls espaces/retours peuvent être normalisés."
}
