Date de consolidation: 2026-09-30T19:33:55.825250Z
Révision exécutée: 99dbcdf27b61fa6a98bc73779b44c0e7efcd3049
Exécution réelle de production, sans mocks ; HOME et projet QA isolés.
Commande/scénario: pdf({"operation": "extract", "path": "p9.pdf"})
Attendu: Toutes les clauses spécifiques sont nécessaires ; seuls espaces/retours peuvent être normalisés.
Observé: Toutes les clauses spécifiques sont nécessaires ; seuls espaces/retours peuvent être normalisés.
Verdict: prouvée

{
  "name": "pdf",
  "input": {
    "operation": "extract",
    "path": "p9.pdf"
  },
  "oracle": {
    "rules": [
      {
        "field": "data.pageCount",
        "op": "eq",
        "value": 1
      },
      {
        "field": "data.text",
        "op": "includes",
        "values": [
          "P9_PDF scientific fixture reports forty two blue boxes."
        ]
      }
    ]
  },
  "expected": "Toutes les clauses spécifiques sont nécessaires ; seuls espaces/retours peuvent être normalisés.",
  "preparationCalls": [],
  "result": {
    "success": true,
    "output": "📄 PDF: p9.pdf\n   Pages: 1\n   Words: 26\n\n--- Content ---\nP9_PDF scientific fixture reports forty two blue boxes. F1 14 Tf 50 750 Td (P9 PDF scientific fixture reports forty two blue boxes.) Tj ET endstream",
    "data": {
      "text": "P9_PDF scientific fixture reports forty two blue boxes. F1 14 Tf 50 750 Td (P9 PDF scientific fixture reports forty two blue boxes.) Tj ET endstream",
      "pageCount": 1,
      "metadata": {},
      "pages": [
        {
          "pageNumber": 1,
          "text": "P9_PDF scientific fixture reports forty two blue boxes. F1 14 Tf 50 750 Td (P9 PDF scientific fixture reports forty two blue boxes.) Tj ET endstream",
          "wordCount": 26
        }
      ]
    }
  },
  "observations": {},
  "verificationCalls": [],
  "passed": true,
  "checks": [
    {
      "check": "statut attendu",
      "passed": true
    },
    {
      "check": "data.pageCount eq",
      "passed": true
    },
    {
      "check": "data.text includes",
      "passed": true
    },
    {
      "check": "oracle spécifique déclaré",
      "passed": true
    }
  ],
  "echoRejected": true,
  "ms": 4,
  "executionRevision": "99dbcdf27b61fa6a98bc73779b44c0e7efcd3049",
  "id": "tool:pdf",
  "summary": "Toutes les clauses spécifiques sont nécessaires ; seuls espaces/retours peuvent être normalisés."
}
