Date de consolidation: 2026-09-30T19:33:55.815558Z
Révision exécutée: 99dbcdf27b61fa6a98bc73779b44c0e7efcd3049
Exécution réelle de production, sans mocks ; HOME et projet QA isolés.
Commande/scénario: multi_edit({"file_path": "new.txt", "edits": [{"old_string": "P9_EDIT", "new_string": "P9_MULTI"}]})
Attendu: Toutes les clauses spécifiques sont nécessaires ; seuls espaces/retours peuvent être normalisés.
Observé: Toutes les clauses spécifiques sont nécessaires ; seuls espaces/retours peuvent être normalisés.
Verdict: prouvée

{
  "name": "multi_edit",
  "input": {
    "file_path": "new.txt",
    "edits": [
      {
        "old_string": "P9_EDIT",
        "new_string": "P9_MULTI"
      }
    ]
  },
  "oracle": {
    "rules": [
      {
        "file": "new.txt",
        "op": "eq",
        "value": "P9_MULTI",
        "changed": true
      }
    ]
  },
  "expected": "Toutes les clauses spécifiques sont nécessaires ; seuls espaces/retours peuvent être normalisés.",
  "preparationCalls": [],
  "result": {
    "success": true,
    "output": "Applied 1 edit to new.txt (same line count)\n\nUpdated new.txt with 1 addition and 1 removal\n--- a/new.txt\n+++ b/new.txt\n@@ -1,1 +1,1 @@\n-P9_EDIT\n+P9_MULTI"
  },
  "observations": {},
  "verificationCalls": [],
  "passed": true,
  "checks": [
    {
      "check": "statut attendu",
      "passed": true
    },
    {
      "check": "écriture effective de new.txt",
      "passed": true
    },
    {
      "check": "new.txt eq",
      "passed": true
    },
    {
      "check": "oracle spécifique déclaré",
      "passed": true
    }
  ],
  "echoRejected": true,
  "ms": 7,
  "executionRevision": "99dbcdf27b61fa6a98bc73779b44c0e7efcd3049",
  "id": "tool:multi_edit",
  "summary": "Toutes les clauses spécifiques sont nécessaires ; seuls espaces/retours peuvent être normalisés."
}
