Date de consolidation: 2026-09-30T19:33:55.935732Z
Révision exécutée: 99dbcdf27b61fa6a98bc73779b44c0e7efcd3049
Exécution réelle de production, sans mocks ; HOME et projet QA isolés.
Commande/scénario: workspace_search({"query": "P9_MARKER", "repos": ["p9-project"]})
Attendu: Toutes les clauses spécifiques sont nécessaires ; seuls espaces/retours peuvent être normalisés.
Observé: Toutes les clauses spécifiques sont nécessaires ; seuls espaces/retours peuvent être normalisés.
Verdict: prouvée

{
  "name": "workspace_search",
  "input": {
    "query": "P9_MARKER",
    "repos": [
      "p9-project"
    ]
  },
  "oracle": {
    "rules": [
      {
        "field": "data",
        "op": "some",
        "value": "p9-project:sample.js:2: // TODO P9_MARKER"
      }
    ]
  },
  "expected": "Toutes les clauses spécifiques sont nécessaires ; seuls espaces/retours peuvent être normalisés.",
  "preparationCalls": [],
  "result": {
    "success": true,
    "output": "p9-project:sample.js:2: // TODO P9_MARKER",
    "data": [
      "p9-project:sample.js:2: // TODO P9_MARKER"
    ]
  },
  "observations": {},
  "verificationCalls": [],
  "passed": true,
  "checks": [
    {
      "check": "statut attendu",
      "passed": true
    },
    {
      "check": "data some",
      "passed": true
    },
    {
      "check": "oracle spécifique déclaré",
      "passed": true
    }
  ],
  "echoRejected": true,
  "ms": 51,
  "executionRevision": "99dbcdf27b61fa6a98bc73779b44c0e7efcd3049",
  "id": "tool:workspace_search",
  "summary": "Toutes les clauses spécifiques sont nécessaires ; seuls espaces/retours peuvent être normalisés."
}
