Date de consolidation: 2026-09-30T19:33:55.806798Z
Révision exécutée: 99dbcdf27b61fa6a98bc73779b44c0e7efcd3049
Exécution réelle de production, sans mocks ; HOME et projet QA isolés.
Commande/scénario: lsp_symbols({"file": "sample.ts"})
Attendu: Toutes les clauses spécifiques sont nécessaires ; seuls espaces/retours peuvent être normalisés.
Observé: Toutes les clauses spécifiques sont nécessaires ; seuls espaces/retours peuvent être normalisés.
Verdict: prouvée

{
  "name": "lsp_symbols",
  "input": {
    "file": "sample.ts"
  },
  "oracle": {
    "rules": [
      {
        "field": "data.symbols",
        "op": "some",
        "value": {
          "name": "add",
          "kind": "Function"
        }
      }
    ]
  },
  "expected": "Toutes les clauses spécifiques sont nécessaires ; seuls espaces/retours peuvent être normalisés.",
  "preparationCalls": [],
  "result": {
    "success": true,
    "output": "Document symbols for <QA>/reprise-1/project/sample.ts:\n- [Function] add — <QA>/reprise-1/project/sample.ts:1:1-1:68\n- [Constant] bad — <QA>/reprise-1/project/sample.ts:2:7-2:26",
    "data": {
      "file": "<QA>/reprise-1/project/sample.ts",
      "language": "typescript",
      "symbols": [
        {
          "name": "add",
          "kind": "Function",
          "location": {
            "file": "<QA>/reprise-1/project/sample.ts",
            "line": 1,
            "column": 1,
            "endLine": 1,
            "endColumn": 68
          },
          "children": []
        },
        {
          "name": "bad",
          "kind": "Constant",
          "location": {
            "file": "<QA>/reprise-1/project/sample.ts",
            "line": 2,
            "column": 7,
            "endLine": 2,
            "endColumn": 26
          },
          "children": []
        }
      ]
    }
  },
  "observations": {},
  "verificationCalls": [],
  "passed": true,
  "checks": [
    {
      "check": "statut attendu",
      "passed": true
    },
    {
      "check": "data.symbols some",
      "passed": true
    },
    {
      "check": "oracle spécifique déclaré",
      "passed": true
    }
  ],
  "echoRejected": true,
  "ms": 6,
  "executionRevision": "99dbcdf27b61fa6a98bc73779b44c0e7efcd3049",
  "id": "tool:lsp_symbols",
  "summary": "Toutes les clauses spécifiques sont nécessaires ; seuls espaces/retours peuvent être normalisés."
}
