Date de consolidation: 2026-09-30T19:33:55.883691Z
Révision exécutée: 99dbcdf27b61fa6a98bc73779b44c0e7efcd3049
Exécution réelle de production, sans mocks ; HOME et projet QA isolés.
Commande/scénario: stock_quote({"symbol": "AAPL"})
Attendu: Toutes les clauses spécifiques sont nécessaires ; seuls espaces/retours peuvent être normalisés.
Observé: Toutes les clauses spécifiques sont nécessaires ; seuls espaces/retours peuvent être normalisés.
Verdict: prouvée

{
  "name": "stock_quote",
  "input": {
    "symbol": "AAPL"
  },
  "oracle": {
    "rules": [
      {
        "field": "data.symbol",
        "op": "eq",
        "value": "AAPL"
      },
      {
        "field": "data.currency",
        "op": "eq",
        "value": "USD"
      },
      {
        "field": "data.price",
        "op": "min",
        "value": 1
      },
      {
        "field": "data.price",
        "op": "max",
        "value": 10000
      },
      {
        "field": "data.time",
        "op": "nonempty"
      }
    ]
  },
  "expected": "Toutes les clauses spécifiques sont nécessaires ; seuls espaces/retours peuvent être normalisés.",
  "preparationCalls": [],
  "result": {
    "success": true,
    "output": "Yahoo Finance indisponible. Repli Nasdaq : Apple Inc. (AAPL) : 336,47 USD, en hausse +7,07 USD (+2,15 %), séance 330,14–339,50, Sep 30, 2026 2:53 PM ET.",
    "data": {
      "type": "stock",
      "symbol": "AAPL",
      "name": "Apple Inc.",
      "price": 336.47,
      "change": 7.07,
      "changePercent": 2.15,
      "currency": "USD",
      "high": 339.5,
      "low": 330.14,
      "previousClose": 329.4,
      "volume": 23961331.528224,
      "market": "NASDAQ-GS",
      "time": "Sep 30, 2026 2:53 PM ET"
    },
    "metadata": {
      "provider": "Nasdaq",
      "sourceUrl": "https://api.nasdaq.com/api/quote/AAPL/info?assetclass=stocks",
      "fetchedAt": 1790794408809,
      "quoteTime": "Sep 30, 2026 2:53 PM ET",
      "fallbackFrom": [
        "Yahoo Finance"
      ]
    }
  },
  "observations": {},
  "verificationCalls": [],
  "passed": true,
  "checks": [
    {
      "check": "statut attendu",
      "passed": true
    },
    {
      "check": "data.symbol eq",
      "passed": true
    },
    {
      "check": "data.currency eq",
      "passed": true
    },
    {
      "check": "data.price min",
      "passed": true
    },
    {
      "check": "data.price max",
      "passed": true
    },
    {
      "check": "data.time nonempty",
      "passed": true
    },
    {
      "check": "oracle spécifique déclaré",
      "passed": true
    }
  ],
  "echoRejected": true,
  "ms": 130,
  "executionRevision": "99dbcdf27b61fa6a98bc73779b44c0e7efcd3049",
  "id": "tool:stock_quote",
  "summary": "Toutes les clauses spécifiques sont nécessaires ; seuls espaces/retours peuvent être normalisés."
}
