Date de consolidation: 2026-09-30T19:33:55.922454Z
Révision exécutée: 99dbcdf27b61fa6a98bc73779b44c0e7efcd3049
Exécution réelle de production, sans mocks ; HOME et projet QA isolés.
Commande/scénario: vision_analyze({"image_path": "ocr.png", "include_ocr": true})
Attendu: Toutes les clauses spécifiques sont nécessaires ; seuls espaces/retours peuvent être normalisés.
Observé: OCR exact : attendu P9 TEXT 42, observé PO TEXT 42 ; largeur 700 exclue de l’oracle.
Verdict: échec

{
  "name": "vision_analyze",
  "input": {
    "image_path": "ocr.png",
    "include_ocr": true
  },
  "oracle": {
    "rules": [
      {
        "field": "data.ocr.attempted",
        "op": "eq",
        "value": true
      },
      {
        "field": "data.ocr.ok",
        "op": "eq",
        "value": true
      },
      {
        "field": "data.ocr.text",
        "op": "eq",
        "normalize": true,
        "value": "P9 TEXT 42"
      }
    ]
  },
  "expected": "Toutes les clauses spécifiques sont nécessaires ; seuls espaces/retours peuvent être normalisés.",
  "preparationCalls": [],
  "result": {
    "success": true,
    "output": "{\n  \"kind\": \"vision_analyze_result\",\n  \"ok\": true,\n  \"source\": \"image\",\n  \"imagePath\": \"<QA>/reprise-1/project/ocr.png\",\n  \"reportPath\": \"<QA>/reprise-1/project/.codebuddy/vision-analysis/vision-dd59af1c-457a-4905-9a93-f08df0e3a497.json\",\n  \"generatedAt\": \"2026-09-30T18:53:30.309Z\",\n  \"metadata\": {\n    \"width\": 700,\n    \"height\": 180,\n    \"format\": \"png\",\n    \"sizeBytes\": 6137,\n    \"channels\": 3,\n    \"hasAlpha\": false,\n    \"density\": 72\n  },\n  \"colors\": {\n    \"dominant\": {\n      \"r\": 248,\n      \"g\": 248,\n      \"b\": 248\n    },\n    \"isOpaque\": true\n  },\n  \"labels\": [\n    \"image\",\n    \"png\",\n    \"landscape\"\n  ],\n  \"ocr\": {\n    \"attempted\": true,\n    \"ok\": true,\n    \"language\": \"eng\",\n    \"text\": \"PO TEXT 42\"\n  }\n}",
    "data": {
      "kind": "vision_analyze_result",
      "ok": true,
      "source": "image",
      "imagePath": "<QA>/reprise-1/project/ocr.png",
      "reportPath": "<QA>/reprise-1/project/.codebuddy/vision-analysis/vision-dd59af1c-457a-4905-9a93-f08df0e3a497.json",
      "generatedAt": "2026-09-30T18:53:30.309Z",
      "metadata": {
        "width": 700,
        "height": 180,
        "format": "png",
        "sizeBytes": 6137,
        "channels": 3,
        "hasAlpha": false,
        "density": 72
      },
      "colors": {
        "dominant": {
          "r": 248,
          "g": 248,
          "b": 248
        },
        "isOpaque": true
      },
      "labels": [
        "image",
        "png",
        "landscape"
      ],
      "ocr": {
        "attempted": true,
        "ok": true,
        "language": "eng",
        "text": "PO TEXT 42"
      }
    }
  },
  "observations": {},
  "verificationCalls": [],
  "passed": false,
  "checks": [
    {
      "check": "statut attendu",
      "passed": true
    },
    {
      "check": "data.ocr.attempted eq",
      "passed": true
    },
    {
      "check": "data.ocr.ok eq",
      "passed": true
    },
    {
      "check": "data.ocr.text eq",
      "passed": false
    },
    {
      "check": "oracle spécifique déclaré",
      "passed": true
    }
  ],
  "echoRejected": true,
  "ms": 230,
  "executionRevision": "99dbcdf27b61fa6a98bc73779b44c0e7efcd3049",
  "id": "tool:vision_analyze",
  "summary": "OCR exact : attendu P9 TEXT 42, observé PO TEXT 42 ; largeur 700 exclue de l’oracle."
}
