Date de consolidation: 2026-09-30T19:33:55.831938Z
Révision exécutée: 99dbcdf27b61fa6a98bc73779b44c0e7efcd3049
Exécution réelle de production, sans mocks ; HOME et projet QA isolés.
Commande/scénario: qr({"operation": "generate", "data": "P9_QR", "format": "svg"})
Attendu: Toutes les clauses spécifiques sont nécessaires ; seuls espaces/retours peuvent être normalisés.
Observé: SVG non décodable : jsQR renvoie null ; le même décodeur réussit le QR témoin P9_QR_CONTROL.
Verdict: échec

{
  "name": "qr",
  "input": {
    "operation": "generate",
    "data": "P9_QR",
    "format": "svg"
  },
  "oracle": {
    "rules": [
      {
        "field": "observations.qrDecoded",
        "op": "eq",
        "value": "P9_QR"
      },
      {
        "field": "observations.qrDecoderControl",
        "op": "eq",
        "value": true
      }
    ]
  },
  "expected": "Toutes les clauses spécifiques sont nécessaires ; seuls espaces/retours peuvent être normalisés.",
  "preparationCalls": [],
  "result": {
    "success": true,
    "output": "QR Code saved to: <QA>/reprise-1/project/.codebuddy/qrcodes/qr_1790794304425.svg",
    "data": {
      "format": "svg",
      "path": "<QA>/reprise-1/project/.codebuddy/qrcodes/qr_1790794304425.svg"
    }
  },
  "observations": {
    "qrDecoded": null,
    "qrPixelSize": {
      "width": 1208,
      "height": 1208
    },
    "qrDecoderControl": true
  },
  "verificationCalls": [],
  "passed": false,
  "checks": [
    {
      "check": "statut attendu",
      "passed": true
    },
    {
      "check": "observations.qrDecoded eq",
      "passed": false
    },
    {
      "check": "observations.qrDecoderControl eq",
      "passed": true
    },
    {
      "check": "oracle spécifique déclaré",
      "passed": true
    }
  ],
  "echoRejected": true,
  "ms": 185,
  "executionRevision": "99dbcdf27b61fa6a98bc73779b44c0e7efcd3049",
  "id": "tool:qr",
  "summary": "SVG non décodable : jsQR renvoie null ; le même décodeur réussit le QR témoin P9_QR_CONTROL."
}
