Date de consolidation: 2026-09-30T19:33:55.720004Z
Révision exécutée: 99dbcdf27b61fa6a98bc73779b44c0e7efcd3049
Exécution réelle de production, sans mocks ; HOME et projet QA isolés.
Commande/scénario: generate_document({"type": "docx", "title": "P9 Document", "content": "# P9_DOC\nFixture document.", "outputPath": "p9.docx"})
Attendu: Toutes les clauses spécifiques sont nécessaires ; seuls espaces/retours peuvent être normalisés.
Observé: Toutes les clauses spécifiques sont nécessaires ; seuls espaces/retours peuvent être normalisés.
Verdict: prouvée

{
  "name": "generate_document",
  "input": {
    "type": "docx",
    "title": "P9 Document",
    "content": "# P9_DOC\nFixture document.",
    "outputPath": "p9.docx"
  },
  "oracle": {
    "rules": [
      {
        "field": "observations.docxText",
        "op": "eq",
        "value": "P9 Document P9_DOC Fixture document."
      }
    ]
  },
  "expected": "Toutes les clauses spécifiques sont nécessaires ; seuls espaces/retours peuvent être normalisés.",
  "preparationCalls": [],
  "result": {
    "success": true,
    "output": "Created DOCX: p9.docx\nDOCX validation:\n- relationships: 7\n- embedded image relationships: 0\n- media files: 0",
    "data": {
      "outputPath": "p9.docx",
      "embeddedImages": [],
      "docxValidation": {
        "relationshipCount": 7,
        "embeddedRelationshipCount": 0,
        "mediaFileCount": 0
      }
    }
  },
  "observations": {
    "docxText": "P9 Document P9_DOC Fixture document."
  },
  "verificationCalls": [],
  "passed": true,
  "checks": [
    {
      "check": "statut attendu",
      "passed": true
    },
    {
      "check": "observations.docxText eq",
      "passed": true
    },
    {
      "check": "oracle spécifique déclaré",
      "passed": true
    }
  ],
  "echoRejected": true,
  "ms": 79,
  "executionRevision": "99dbcdf27b61fa6a98bc73779b44c0e7efcd3049",
  "id": "tool:generate_document",
  "summary": "Toutes les clauses spécifiques sont nécessaires ; seuls espaces/retours peuvent être normalisés."
}
