Date de consolidation: 2026-09-30T19:33:55.716245Z
Révision exécutée: 99dbcdf27b61fa6a98bc73779b44c0e7efcd3049
Exécution réelle de production, sans mocks ; HOME et projet QA isolés.
Commande/scénario: forget({"key": "p9-marker", "scope": "project"})
Attendu: Toutes les clauses spécifiques sont nécessaires ; seuls espaces/retours peuvent être normalisés.
Observé: Toutes les clauses spécifiques sont nécessaires ; seuls espaces/retours peuvent être normalisés.
Verdict: prouvée

{
  "name": "forget",
  "input": {
    "key": "p9-marker",
    "scope": "project"
  },
  "oracle": {
    "rules": [
      {
        "field": "observations.memoryAbsent",
        "op": "eq",
        "value": true
      }
    ]
  },
  "expected": "Toutes les clauses spécifiques sont nécessaires ; seuls espaces/retours peuvent être normalisés.",
  "preparationCalls": [
    {
      "name": "remember",
      "input": {
        "key": "p9-marker",
        "value": "P9_MEMORY",
        "scope": "project"
      },
      "result": {
        "success": true,
        "output": "Updated \"p9-marker\" in project memory. Usage: 20/2200 chars (1%)."
      }
    }
  ],
  "result": {
    "success": true,
    "output": "Successfully forgot \"p9-marker\" from project memory."
  },
  "observations": {
    "memoryValue": null,
    "memoryAbsent": true
  },
  "verificationCalls": [
    {
      "name": "recall",
      "input": {
        "key": "p9-marker",
        "scope": "project"
      },
      "result": {
        "success": true,
        "output": "No memory found for key \"p9-marker\" in project scope."
      }
    }
  ],
  "passed": true,
  "checks": [
    {
      "check": "statut attendu",
      "passed": true
    },
    {
      "check": "observations.memoryAbsent eq",
      "passed": true
    },
    {
      "check": "oracle spécifique déclaré",
      "passed": true
    }
  ],
  "echoRejected": true,
  "ms": 11886,
  "executionRevision": "99dbcdf27b61fa6a98bc73779b44c0e7efcd3049",
  "id": "tool:forget",
  "summary": "Toutes les clauses spécifiques sont nécessaires ; seuls espaces/retours peuvent être normalisés."
}
