Date de consolidation: 2026-09-30T19:33:55.804800Z
Révision exécutée: 99dbcdf27b61fa6a98bc73779b44c0e7efcd3049
Exécution réelle de production, sans mocks ; HOME et projet QA isolés.
Commande/scénario: lsp_rename({"file_path": "rename-space test.ts", "line": 1, "character": 18, "new_name": "p9Add"})
Attendu: Toutes les clauses spécifiques sont nécessaires ; seuls espaces/retours peuvent être normalisés.
Observé: Toutes les clauses spécifiques sont nécessaires ; seuls espaces/retours peuvent être normalisés.
Verdict: prouvée

{
  "name": "lsp_rename",
  "input": {
    "file_path": "rename-space test.ts",
    "line": 1,
    "character": 18,
    "new_name": "p9Add"
  },
  "oracle": {
    "rules": [
      {
        "field": "data.filesChanged",
        "op": "eq",
        "value": 1
      },
      {
        "field": "data.totalEdits",
        "op": "eq",
        "value": 2
      },
      {
        "file": "rename-space test.ts",
        "op": "includes",
        "values": [
          "function p9Add",
          "console.log(p9Add(1, 2));"
        ],
        "changed": true
      },
      {
        "file": "rename-space test.ts",
        "op": "excludes",
        "values": [
          "function add",
          "console.log(add("
        ]
      }
    ]
  },
  "expected": "Toutes les clauses spécifiques sont nécessaires ; seuls espaces/retours peuvent être normalisés.",
  "preparationCalls": [],
  "result": {
    "success": true,
    "output": "Renamed \"(symbol)\" to \"p9Add\"\nFiles changed: 1\nTotal edits: 2\n\n## <QA>/reprise-1/project/rename-space test.ts\n  2 edit(s):\n  - line 1: \"p9Add\"\n  - line 3: \"p9Add\"\n",
    "data": {
      "filesChanged": 1,
      "totalEdits": 2,
      "files": [
        "<QA>/reprise-1/project/rename-space test.ts"
      ]
    }
  },
  "observations": {},
  "verificationCalls": [],
  "passed": true,
  "checks": [
    {
      "check": "statut attendu",
      "passed": true
    },
    {
      "check": "data.filesChanged eq",
      "passed": true
    },
    {
      "check": "data.totalEdits eq",
      "passed": true
    },
    {
      "check": "écriture effective de rename-space test.ts",
      "passed": true
    },
    {
      "check": "rename-space test.ts includes",
      "passed": true
    },
    {
      "check": "rename-space test.ts excludes",
      "passed": true
    },
    {
      "check": "oracle spécifique déclaré",
      "passed": true
    }
  ],
  "echoRejected": true,
  "ms": 866,
  "executionRevision": "99dbcdf27b61fa6a98bc73779b44c0e7efcd3049",
  "id": "tool:lsp_rename",
  "summary": "Toutes les clauses spécifiques sont nécessaires ; seuls espaces/retours peuvent être normalisés."
}
