Date de consolidation: 2026-09-30T19:33:55.850676Z
Révision exécutée: 99dbcdf27b61fa6a98bc73779b44c0e7efcd3049
Exécution réelle de production, sans mocks ; HOME et projet QA isolés.
Commande/scénario: run_script({"script": "print(6*7)", "language": "python"})
Attendu: Toutes les clauses spécifiques sont nécessaires ; seuls espaces/retours peuvent être normalisés.
Observé: Toutes les clauses spécifiques sont nécessaires ; seuls espaces/retours peuvent être normalisés.
Verdict: prouvée

{
  "name": "run_script",
  "input": {
    "script": "print(6*7)",
    "language": "python"
  },
  "oracle": {
    "rules": [
      {
        "field": "data.exitCode",
        "op": "eq",
        "value": 0
      },
      {
        "field": "output",
        "op": "eq",
        "normalize": true,
        "value": "42"
      }
    ]
  },
  "expected": "Toutes les clauses spécifiques sont nécessaires ; seuls espaces/retours peuvent être normalisés.",
  "preparationCalls": [],
  "result": {
    "success": true,
    "output": "42\n",
    "data": {
      "exitCode": 0,
      "file": "script_9ffd18d8.py"
    }
  },
  "observations": {},
  "verificationCalls": [],
  "passed": true,
  "checks": [
    {
      "check": "statut attendu",
      "passed": true
    },
    {
      "check": "data.exitCode eq",
      "passed": true
    },
    {
      "check": "output eq",
      "passed": true
    },
    {
      "check": "oracle spécifique déclaré",
      "passed": true
    }
  ],
  "echoRejected": true,
  "ms": 769,
  "executionRevision": "99dbcdf27b61fa6a98bc73779b44c0e7efcd3049",
  "id": "tool:run_script",
  "summary": "Toutes les clauses spécifiques sont nécessaires ; seuls espaces/retours peuvent être normalisés."
}
