Date de consolidation: 2026-09-30T19:33:55.813439Z
Révision exécutée: 99dbcdf27b61fa6a98bc73779b44c0e7efcd3049
Exécution réelle de production, sans mocks ; HOME et projet QA isolés.
Commande/scénario: memory_propose({"key": "p9-candidate", "value": "P9_CANDIDATE 1790794270909", "scope": "project", "confidence": 0.9})
Attendu: Toutes les clauses spécifiques sont nécessaires ; seuls espaces/retours peuvent être normalisés.
Observé: Toutes les clauses spécifiques sont nécessaires ; seuls espaces/retours peuvent être normalisés.
Verdict: prouvée

{
  "name": "memory_propose",
  "input": {
    "key": "p9-candidate",
    "value": "P9_CANDIDATE 1790794270909",
    "scope": "project",
    "confidence": 0.9
  },
  "oracle": {
    "rules": [
      {
        "field": "observations.memoryCandidatePersisted",
        "op": "eq",
        "value": true
      },
      {
        "field": "observations.memoryNotAccepted",
        "op": "eq",
        "value": true
      }
    ]
  },
  "expected": "Toutes les clauses spécifiques sont nécessaires ; seuls espaces/retours peuvent être normalisés.",
  "preparationCalls": [],
  "result": {
    "success": true,
    "output": "Proposed memory candidate mc-muogo6v47ia (project/context). Approve with: /memory accept mc-muogo6v47ia"
  },
  "observations": {
    "memoryCandidatePersisted": true,
    "memoryNotAccepted": true
  },
  "verificationCalls": [
    {
      "name": "recall",
      "input": {
        "key": "p9-candidate",
        "scope": "project"
      },
      "result": {
        "success": true,
        "output": "No memory found for key \"p9-candidate\" in project scope."
      }
    }
  ],
  "passed": true,
  "checks": [
    {
      "check": "statut attendu",
      "passed": true
    },
    {
      "check": "observations.memoryCandidatePersisted eq",
      "passed": true
    },
    {
      "check": "observations.memoryNotAccepted eq",
      "passed": true
    },
    {
      "check": "oracle spécifique déclaré",
      "passed": true
    }
  ],
  "echoRejected": true,
  "ms": 7,
  "executionRevision": "99dbcdf27b61fa6a98bc73779b44c0e7efcd3049",
  "id": "tool:memory_propose",
  "summary": "Toutes les clauses spécifiques sont nécessaires ; seuls espaces/retours peuvent être normalisés."
}
