Date de consolidation: 2026-09-30T19:33:55.677996Z
Révision exécutée: 99dbcdf27b61fa6a98bc73779b44c0e7efcd3049
Exécution réelle de production, sans mocks ; HOME et projet QA isolés.
Commande/scénario: create_todo_list({"todos": [{"id": "p9-todo", "content": "P9_TODO", "status": "pending", "priority": "high"}]})
Attendu: Toutes les clauses spécifiques sont nécessaires ; seuls espaces/retours peuvent être normalisés.
Observé: Toutes les clauses spécifiques sont nécessaires ; seuls espaces/retours peuvent être normalisés.
Verdict: prouvée

{
  "name": "create_todo_list",
  "input": {
    "todos": [
      {
        "id": "p9-todo",
        "content": "P9_TODO",
        "status": "pending",
        "priority": "high"
      }
    ]
  },
  "oracle": {
    "rules": [
      {
        "field": "observations.todoContent",
        "op": "eq",
        "value": "P9_TODO"
      },
      {
        "field": "observations.todoStatus",
        "op": "eq",
        "value": "pending"
      }
    ]
  },
  "expected": "Toutes les clauses spécifiques sont nécessaires ; seuls espaces/retours peuvent être normalisés.",
  "preparationCalls": [
    {
      "name": "create_todo_list",
      "input": {
        "todos": [
          {
            "id": "p9-todo",
            "content": "P9_BEFORE",
            "status": "pending",
            "priority": "high"
          }
        ]
      },
      "result": {
        "success": true,
        "output": "\u001b[1m⬜ Pending\u001b[0m\n  🔴 P9_BEFORE\n\n\n📊 0/1 completed | 🔴 1 high priority",
        "data": {
          "message": "Created 1 todos",
          "count": 1,
          "stats": {
            "total": 1,
            "pending": 1,
            "inProgress": 0,
            "completed": 0,
            "byPriority": {
              "high": 1,
              "medium": 0,
              "low": 0
            }
          }
        }
      }
    }
  ],
  "result": {
    "success": true,
    "output": "\u001b[1m⬜ Pending\u001b[0m\n  🔴 P9_TODO\n\n\n📊 0/1 completed | 🔴 1 high priority",
    "data": {
      "message": "Created 1 todos",
      "count": 1,
      "stats": {
        "total": 1,
        "pending": 1,
        "inProgress": 0,
        "completed": 0,
        "byPriority": {
          "high": 1,
          "medium": 0,
          "low": 0
        }
      }
    }
  },
  "observations": {
    "todoContent": "P9_TODO",
    "todoStatus": "pending"
  },
  "verificationCalls": [
    {
      "name": "get_todo_list",
      "input": {},
      "result": {
        "success": true,
        "output": "\u001b[1m⬜ Pending\u001b[0m\n  🔴 P9_TODO\n\n\n📊 0/1 completed | 🔴 1 high priority"
      }
    }
  ],
  "passed": true,
  "checks": [
    {
      "check": "statut attendu",
      "passed": true
    },
    {
      "check": "observations.todoContent eq",
      "passed": true
    },
    {
      "check": "observations.todoStatus eq",
      "passed": true
    },
    {
      "check": "oracle spécifique déclaré",
      "passed": true
    }
  ],
  "echoRejected": true,
  "ms": 3,
  "executionRevision": "99dbcdf27b61fa6a98bc73779b44c0e7efcd3049",
  "id": "tool:create_todo_list",
  "summary": "Toutes les clauses spécifiques sont nécessaires ; seuls espaces/retours peuvent être normalisés."
}
