Date de consolidation: 2026-09-30T19:33:55.736199Z
Révision exécutée: 99dbcdf27b61fa6a98bc73779b44c0e7efcd3049
Exécution réelle de production, sans mocks ; HOME et projet QA isolés.
Commande/scénario: kanban_block({"id": "p9r1-kanban_block-1790794266830", "reason": "P9_BLOCK"})
Attendu: Toutes les clauses spécifiques sont nécessaires ; seuls espaces/retours peuvent être normalisés.
Observé: Toutes les clauses spécifiques sont nécessaires ; seuls espaces/retours peuvent être normalisés.
Verdict: prouvée

{
  "name": "kanban_block",
  "input": {
    "id": "p9r1-kanban_block-1790794266830",
    "reason": "P9_BLOCK"
  },
  "oracle": {
    "rules": [
      {
        "field": "data.card.title",
        "op": "eq",
        "value": "P9_CARD"
      },
      {
        "field": "data.card.status",
        "op": "eq",
        "value": "blocked"
      },
      {
        "field": "observations.persistedCard.status",
        "op": "eq",
        "value": "blocked"
      },
      {
        "field": "data.card.blockedReason",
        "op": "eq",
        "value": "P9_BLOCK"
      }
    ]
  },
  "expected": "Toutes les clauses spécifiques sont nécessaires ; seuls espaces/retours peuvent être normalisés.",
  "preparationCalls": [
    {
      "name": "kanban_create",
      "input": {
        "id": "p9r1-kanban_block-1790794266830",
        "title": "P9_CARD"
      },
      "result": {
        "success": true,
        "output": "{\n  \"action\": \"kanban_create\",\n  \"boardPath\": \"<QA>/reprise-1/project/.codebuddy/colab-tasks.json\",\n  \"card\": {\n    \"id\": \"p9r1-kanban_block-1790794266830\",\n    \"title\": \"P9_CARD\",\n    \"status\": \"todo\",\n    \"priority\": \"medium\",\n    \"tags\": [],\n    \"links\": [],\n    \"comments\": [],\n    \"heartbeats\": [],\n    \"createdAt\": \"2026-09-30T18:51:06.831Z\",\n    \"updatedAt\": \"2026-09-30T18:51:06.831Z\"\n  }\n}",
        "data": {
          "action": "kanban_create",
          "boardPath": "<QA>/reprise-1/project/.codebuddy/colab-tasks.json",
          "card": {
            "id": "p9r1-kanban_block-1790794266830",
            "title": "P9_CARD",
            "status": "todo",
            "priority": "medium",
            "tags": [],
            "links": [],
            "comments": [],
            "heartbeats": [],
            "createdAt": "2026-09-30T18:51:06.831Z",
            "updatedAt": "2026-09-30T18:51:06.831Z"
          }
        }
      }
    }
  ],
  "result": {
    "success": true,
    "output": "{\n  \"action\": \"kanban_block\",\n  \"boardPath\": \"<QA>/reprise-1/project/.codebuddy/colab-tasks.json\",\n  \"card\": {\n    \"id\": \"p9r1-kanban_block-1790794266830\",\n    \"title\": \"P9_CARD\",\n    \"status\": \"blocked\",\n    \"priority\": \"medium\",\n    \"tags\": [],\n    \"links\": [],\n    \"comments\": [\n      {\n        \"id\": \"cmt-1790794266838-1\",\n        \"text\": \"Blocked: P9_BLOCK\",\n        \"createdAt\": \"2026-09-30T18:51:06.838Z\"\n      }\n    ],\n    \"heartbeats\": [],\n    \"createdAt\": \"2026-09-30T18:51:06.831Z\",\n    \"updatedAt\": \"2026-09-30T18:51:06.831Z\",\n    \"blockedReason\": \"P9_BLOCK\"\n  }\n}",
    "data": {
      "action": "kanban_block",
      "boardPath": "<QA>/reprise-1/project/.codebuddy/colab-tasks.json",
      "card": {
        "id": "p9r1-kanban_block-1790794266830",
        "title": "P9_CARD",
        "status": "blocked",
        "priority": "medium",
        "tags": [],
        "links": [],
        "comments": [
          {
            "id": "cmt-1790794266838-1",
            "text": "Blocked: P9_BLOCK",
            "createdAt": "2026-09-30T18:51:06.838Z"
          }
        ],
        "heartbeats": [],
        "createdAt": "2026-09-30T18:51:06.831Z",
        "updatedAt": "2026-09-30T18:51:06.831Z",
        "blockedReason": "P9_BLOCK"
      }
    }
  },
  "observations": {
    "persistedCard": {
      "id": "p9r1-kanban_block-1790794266830",
      "title": "P9_CARD",
      "status": "blocked",
      "priority": "medium",
      "assignedAgent": null,
      "claimedBy": null,
      "claimedAt": null,
      "createdBy": "<PRIVATE_NAME>/project",
      "createdAt": "2026-09-30T18:51:06.831Z",
      "blockedReason": "P9_BLOCK",
      "comments": [
        {
          "id": "cmt-1790794266838-1",
          "text": "Blocked: P9_BLOCK",
          "createdAt": "2026-09-30T18:51:06.838Z"
        }
      ]
    }
  },
  "verificationCalls": [],
  "passed": true,
  "checks": [
    {
      "check": "statut attendu",
      "passed": true
    },
    {
      "check": "data.card.title eq",
      "passed": true
    },
    {
      "check": "data.card.status eq",
      "passed": true
    },
    {
      "check": "observations.persistedCard.status eq",
      "passed": true
    },
    {
      "check": "data.card.blockedReason eq",
      "passed": true
    },
    {
      "check": "oracle spécifique déclaré",
      "passed": true
    }
  ],
  "echoRejected": true,
  "ms": 12,
  "executionRevision": "99dbcdf27b61fa6a98bc73779b44c0e7efcd3049",
  "id": "tool:kanban_block",
  "summary": "Toutes les clauses spécifiques sont nécessaires ; seuls espaces/retours peuvent être normalisés."
}
