Date de consolidation: 2026-09-30T19:33:55.925003Z
Révision exécutée: 99dbcdf27b61fa6a98bc73779b44c0e7efcd3049
Exécution réelle de production, sans mocks ; HOME et projet QA isolés.
Commande/scénario: weather({"location": "Paris", "days": 1})
Attendu: Toutes les clauses spécifiques sont nécessaires ; seuls espaces/retours peuvent être normalisés.
Observé: Toutes les clauses spécifiques sont nécessaires ; seuls espaces/retours peuvent être normalisés.
Verdict: prouvée

{
  "name": "weather",
  "input": {
    "location": "Paris",
    "days": 1
  },
  "oracle": {
    "rules": [
      {
        "field": "data.type",
        "op": "eq",
        "value": "weather"
      },
      {
        "field": "data.current.temperature",
        "op": "min",
        "value": -100
      },
      {
        "field": "data.current.temperature",
        "op": "max",
        "value": 60
      },
      {
        "field": "data.forecast.0.date",
        "op": "eq",
        "value": "2026-09-30"
      }
    ]
  },
  "expected": "Toutes les clauses spécifiques sont nécessaires ; seuls espaces/retours peuvent être normalisés.",
  "preparationCalls": [],
  "result": {
    "success": true,
    "output": "Météo à Paris (France) : 22°C (ressenti 23°C), pluvieux 🌧️, vent 9 km/h, humidité 83 %.\n2026-09-30 : 21–23°C, pluvieux 🌧️ (pluie 93 %)",
    "data": {
      "type": "weather",
      "location": "Paris, France",
      "current": {
        "temperature": 21.5,
        "feelsLike": 23.3,
        "condition": "rain",
        "humidity": 83,
        "windSpeed": 8.8
      },
      "units": "metric",
      "forecast": [
        {
          "date": "2026-09-30",
          "high": 22.8,
          "low": 20.5,
          "condition": "rain",
          "precipitation": 93
        }
      ]
    }
  },
  "observations": {},
  "verificationCalls": [],
  "passed": true,
  "checks": [
    {
      "check": "statut attendu",
      "passed": true
    },
    {
      "check": "data.type eq",
      "passed": true
    },
    {
      "check": "data.current.temperature min",
      "passed": true
    },
    {
      "check": "data.current.temperature max",
      "passed": true
    },
    {
      "check": "data.forecast.0.date eq",
      "passed": true
    },
    {
      "check": "oracle spécifique déclaré",
      "passed": true
    }
  ],
  "echoRejected": true,
  "ms": 191,
  "executionRevision": "99dbcdf27b61fa6a98bc73779b44c0e7efcd3049",
  "id": "tool:weather",
  "summary": "Toutes les clauses spécifiques sont nécessaires ; seuls espaces/retours peuvent être normalisés."
}
