Date de consolidation: 2026-09-30T19:33:55.873831Z
Révision exécutée: 99dbcdf27b61fa6a98bc73779b44c0e7efcd3049
Exécution réelle de production, sans mocks ; HOME et projet QA isolés.
Commande/scénario: self_evolution({"limit": 2})
Attendu: Toutes les clauses spécifiques sont nécessaires ; seuls espaces/retours peuvent être normalisés.
Observé: Toutes les clauses spécifiques sont nécessaires ; seuls espaces/retours peuvent être normalisés.
Verdict: prouvée

{
  "name": "self_evolution",
  "input": {
    "limit": 2
  },
  "oracle": {
    "rules": [
      {
        "field": "data.notes",
        "op": "some",
        "value": {
          "facts": [
            "P9_SYNTHETIC_RELEASE fixture only."
          ]
        }
      }
    ]
  },
  "expected": "Toutes les clauses spécifiques sont nécessaires ; seuls espaces/retours peuvent être normalisés.",
  "preparationCalls": [],
  "result": {
    "success": true,
    "output": "- 2026-09-30 — Added : P9_SYNTHETIC_RELEASE fixture only.",
    "data": {
      "notes": [
        {
          "id": "2026-09-30:added",
          "date": "2026-09-30",
          "title": "Added",
          "facts": [
            "P9_SYNTHETIC_RELEASE fixture only."
          ],
          "variables": [
            "P9_SYNTHETIC_RELEASE"
          ],
          "commands": [],
          "activation": "unspecified"
        }
      ]
    }
  },
  "observations": {},
  "verificationCalls": [],
  "passed": true,
  "checks": [
    {
      "check": "statut attendu",
      "passed": true
    },
    {
      "check": "data.notes some",
      "passed": true
    },
    {
      "check": "oracle spécifique déclaré",
      "passed": true
    }
  ],
  "echoRejected": true,
  "ms": 7,
  "executionRevision": "99dbcdf27b61fa6a98bc73779b44c0e7efcd3049",
  "id": "tool:self_evolution",
  "summary": "Toutes les clauses spécifiques sont nécessaires ; seuls espaces/retours peuvent être normalisés."
}
