Date de consolidation: 2026-09-30T19:33:55.788672Z
Révision exécutée: 99dbcdf27b61fa6a98bc73779b44c0e7efcd3049
Exécution réelle de production, sans mocks ; HOME et projet QA isolés.
Commande/scénario: license_check({"root": "<QA>/reprise-1/project"})
Attendu: Toutes les clauses spécifiques sont nécessaires ; seuls espaces/retours peuvent être normalisés.
Observé: Toutes les clauses spécifiques sont nécessaires ; seuls espaces/retours peuvent être normalisés.
Verdict: prouvée

{
  "name": "license_check",
  "input": {
    "root": "<QA>/reprise-1/project"
  },
  "oracle": {
    "rules": [
      {
        "field": "data.packages",
        "op": "some",
        "value": {
          "name": "p9-fixture-lib",
          "version": "1.0.0",
          "license": "MIT"
        }
      }
    ]
  },
  "expected": "Toutes les clauses spécifiques sont nécessaires ; seuls espaces/retours peuvent être normalisés.",
  "preparationCalls": [],
  "result": {
    "success": true,
    "output": "Licenses: 1 package(s), 0 non-permissive flagged",
    "data": {
      "root": "<QA>/reprise-1/project",
      "total": 1,
      "flagged": [],
      "packages": [
        {
          "name": "p9-fixture-lib",
          "version": "1.0.0",
          "license": "MIT"
        }
      ]
    }
  },
  "observations": {},
  "verificationCalls": [],
  "passed": true,
  "checks": [
    {
      "check": "statut attendu",
      "passed": true
    },
    {
      "check": "data.packages some",
      "passed": true
    },
    {
      "check": "oracle spécifique déclaré",
      "passed": true
    }
  ],
  "echoRejected": true,
  "ms": 1,
  "executionRevision": "99dbcdf27b61fa6a98bc73779b44c0e7efcd3049",
  "id": "tool:license_check",
  "summary": "Toutes les clauses spécifiques sont nécessaires ; seuls espaces/retours peuvent être normalisés."
}
