Date de consolidation: 2026-09-30T19:33:55.857516Z
Révision exécutée: 99dbcdf27b61fa6a98bc73779b44c0e7efcd3049
Exécution réelle de production, sans mocks ; HOME et projet QA isolés.
Commande/scénario: scan_secrets({"path": "secret-fixture.txt"})
Attendu: Toutes les clauses spécifiques sont nécessaires ; seuls espaces/retours peuvent être normalisés.
Observé: Toutes les clauses spécifiques sont nécessaires ; seuls espaces/retours peuvent être normalisés.
Verdict: prouvée

{
  "name": "scan_secrets",
  "input": {
    "path": "secret-fixture.txt"
  },
  "oracle": {
    "rules": [
      {
        "field": "output",
        "op": "includes",
        "values": [
          "potential secret(s):",
          "secret-fixture.txt:1:",
          "[password_in_code]"
        ]
      },
      {
        "field": "output",
        "op": "excludes",
        "values": [
          "MangoCloud47!"
        ]
      }
    ]
  },
  "expected": "Toutes les clauses spécifiques sont nécessaires ; seuls espaces/retours peuvent être normalisés.",
  "preparationCalls": [],
  "result": {
    "success": true,
    "output": "Found 1 potential secret(s):\n\n## HIGH (1)\n  <QA>/reprise-1/project/secret-fixture.txt:1:1 [password_in_code]\n    Match: pass***\n    Hardcoded password detected\n    Suggestion: Use environment variable or secrets manager instead of hardcoding passwords\n"
  },
  "observations": {},
  "verificationCalls": [],
  "passed": true,
  "checks": [
    {
      "check": "statut attendu",
      "passed": true
    },
    {
      "check": "output includes",
      "passed": true
    },
    {
      "check": "output excludes",
      "passed": true
    },
    {
      "check": "oracle spécifique déclaré",
      "passed": true
    }
  ],
  "echoRejected": true,
  "ms": 3,
  "executionRevision": "99dbcdf27b61fa6a98bc73779b44c0e7efcd3049",
  "id": "tool:scan_secrets",
  "summary": "Toutes les clauses spécifiques sont nécessaires ; seuls espaces/retours peuvent être normalisés."
}
