Date de consolidation: 2026-09-30T19:33:55.952462Z
Révision exécutée: be7f81998adadf19b7448a5080435f290eb28a76
Exécution réelle de production, sans mocks ; HOME et projet QA isolés.
Commande/scénario: browser_type({"ref": 10, "text": "P9_VALUE", "clear": true})
Attendu: Tous les contrôles de contenu ou de changement d’état sont nécessaires.
Observé: Tous les contrôles de contenu ou de changement d’état sont nécessaires.
Verdict: prouvée

{
  "name": "browser_type",
  "input": {
    "ref": 10,
    "text": "P9_VALUE",
    "clear": true
  },
  "result": {
    "success": true,
    "output": "Typed \"P9_VALUE\" into [10]"
  },
  "observations": {
    "actualInput": true
  },
  "passed": true,
  "expected": "Tous les contrôles de contenu ou de changement d’état sont nécessaires.",
  "executionRevision": "be7f81998adadf19b7448a5080435f290eb28a76",
  "id": "tool:browser_type",
  "summary": "Tous les contrôles de contenu ou de changement d’état sont nécessaires."
}
