Date de consolidation: 2026-09-30T19:33:55.742963Z
Révision exécutée: 99dbcdf27b61fa6a98bc73779b44c0e7efcd3049
Exécution réelle de production, sans mocks ; HOME et projet QA isolés.
Commande/scénario: kanban_create({"id": "p9r1-kanban_create-1790794266867", "title": "P9_CARD"})
Attendu: Toutes les clauses spécifiques sont nécessaires ; seuls espaces/retours peuvent être normalisés.
Observé: Toutes les clauses spécifiques sont nécessaires ; seuls espaces/retours peuvent être normalisés.
Verdict: prouvée

{
  "name": "kanban_create",
  "input": {
    "id": "p9r1-kanban_create-1790794266867",
    "title": "P9_CARD"
  },
  "oracle": {
    "rules": [
      {
        "field": "data.card.title",
        "op": "eq",
        "value": "P9_CARD"
      },
      {
        "field": "data.card.status",
        "op": "eq",
        "value": "todo"
      },
      {
        "field": "observations.persistedCard.status",
        "op": "eq",
        "value": "open"
      }
    ]
  },
  "expected": "Toutes les clauses spécifiques sont nécessaires ; seuls espaces/retours peuvent être normalisés.",
  "preparationCalls": [],
  "result": {
    "success": true,
    "output": "{\n  \"action\": \"kanban_create\",\n  \"boardPath\": \"<QA>/reprise-1/project/.codebuddy/colab-tasks.json\",\n  \"card\": {\n    \"id\": \"p9r1-kanban_create-1790794266867\",\n    \"title\": \"P9_CARD\",\n    \"status\": \"todo\",\n    \"priority\": \"medium\",\n    \"tags\": [],\n    \"links\": [],\n    \"comments\": [],\n    \"heartbeats\": [],\n    \"createdAt\": \"2026-09-30T18:51:06.867Z\",\n    \"updatedAt\": \"2026-09-30T18:51:06.867Z\"\n  }\n}",
    "data": {
      "action": "kanban_create",
      "boardPath": "<QA>/reprise-1/project/.codebuddy/colab-tasks.json",
      "card": {
        "id": "p9r1-kanban_create-1790794266867",
        "title": "P9_CARD",
        "status": "todo",
        "priority": "medium",
        "tags": [],
        "links": [],
        "comments": [],
        "heartbeats": [],
        "createdAt": "2026-09-30T18:51:06.867Z",
        "updatedAt": "2026-09-30T18:51:06.867Z"
      }
    }
  },
  "observations": {
    "persistedCard": {
      "id": "p9r1-kanban_create-1790794266867",
      "title": "P9_CARD",
      "status": "open",
      "priority": "medium",
      "assignedAgent": null,
      "claimedBy": null,
      "claimedAt": null,
      "createdBy": "<PRIVATE_NAME>/project",
      "createdAt": "2026-09-30T18:51:06.867Z"
    }
  },
  "verificationCalls": [],
  "passed": true,
  "checks": [
    {
      "check": "statut attendu",
      "passed": true
    },
    {
      "check": "data.card.title eq",
      "passed": true
    },
    {
      "check": "data.card.status eq",
      "passed": true
    },
    {
      "check": "observations.persistedCard.status eq",
      "passed": true
    },
    {
      "check": "oracle spécifique déclaré",
      "passed": true
    }
  ],
  "echoRejected": true,
  "ms": 4,
  "executionRevision": "99dbcdf27b61fa6a98bc73779b44c0e7efcd3049",
  "id": "tool:kanban_create",
  "summary": "Toutes les clauses spécifiques sont nécessaires ; seuls espaces/retours peuvent être normalisés."
}
