Date de consolidation: 2026-09-30T19:33:55.659402Z
Révision exécutée: 99dbcdf27b61fa6a98bc73779b44c0e7efcd3049
Exécution réelle de production, sans mocks ; HOME et projet QA isolés.
Commande/scénario: bundle_analyze({"root": "<QA>/reprise-1/project", "distDir": "dist"})
Attendu: Toutes les clauses spécifiques sont nécessaires ; seuls espaces/retours peuvent être normalisés.
Observé: Toutes les clauses spécifiques sont nécessaires ; seuls espaces/retours peuvent être normalisés.
Verdict: prouvée

{
  "name": "bundle_analyze",
  "input": {
    "root": "<QA>/reprise-1/project",
    "distDir": "dist"
  },
  "oracle": {
    "rules": [
      {
        "field": "data.files",
        "op": "some",
        "value": {
          "file": "app.js",
          "size": 8
        }
      },
      {
        "field": "data.totalSize",
        "op": "eq",
        "value": 8
      }
    ]
  },
  "expected": "Toutes les clauses spécifiques sont nécessaires ; seuls espaces/retours peuvent être normalisés.",
  "preparationCalls": [],
  "result": {
    "success": true,
    "output": "Bundle: 1 file(s), 8 bytes, 28 gzip bytes",
    "data": {
      "root": "<QA>/reprise-1/project",
      "distDir": "<QA>/reprise-1/project/dist",
      "totalSize": 8,
      "totalGzipSize": 28,
      "largest": [
        {
          "file": "app.js",
          "size": 8,
          "gzipSize": 28
        }
      ],
      "files": [
        {
          "file": "app.js",
          "size": 8,
          "gzipSize": 28
        }
      ]
    }
  },
  "observations": {},
  "verificationCalls": [],
  "passed": true,
  "checks": [
    {
      "check": "statut attendu",
      "passed": true
    },
    {
      "check": "data.files some",
      "passed": true
    },
    {
      "check": "data.totalSize eq",
      "passed": true
    },
    {
      "check": "oracle spécifique déclaré",
      "passed": true
    }
  ],
  "echoRejected": true,
  "ms": 3,
  "executionRevision": "99dbcdf27b61fa6a98bc73779b44c0e7efcd3049",
  "id": "tool:bundle_analyze",
  "summary": "Toutes les clauses spécifiques sont nécessaires ; seuls espaces/retours peuvent être normalisés."
}
