Date de consolidation: 2026-09-30T19:33:55.690187Z
Révision exécutée: 99dbcdf27b61fa6a98bc73779b44c0e7efcd3049
Exécution réelle de production, sans mocks ; HOME et projet QA isolés.
Commande/scénario: diagram({"operation": "mermaid", "code": "graph TD; A[P9_START]-->B[P9_END]", "format": "ascii"})
Attendu: Toutes les clauses spécifiques sont nécessaires ; seuls espaces/retours peuvent être normalisés.
Observé: Mermaid à séparateurs point-virgule : No nodes found in flowchart ; aucun rendu ASCII.
Verdict: échec

{
  "name": "diagram",
  "input": {
    "operation": "mermaid",
    "code": "graph TD; A[P9_START]-->B[P9_END]",
    "format": "ascii"
  },
  "oracle": {
    "rules": [
      {
        "field": "output",
        "op": "includes",
        "values": [
          "P9_START",
          "P9_END",
          "┌",
          "┐",
          "│",
          "└",
          "┘"
        ]
      },
      {
        "field": "output",
        "op": "excludes",
        "values": [
          "No nodes found",
          "Mermaid code:"
        ]
      }
    ]
  },
  "expected": "Toutes les clauses spécifiques sont nécessaires ; seuls espaces/retours peuvent être normalisés.",
  "preparationCalls": [],
  "result": {
    "success": true,
    "output": "No nodes found in flowchart",
    "data": {
      "content": "No nodes found in flowchart",
      "format": "ascii",
      "mermaidCode": "graph TD; A[P9_START]-->B[P9_END]"
    }
  },
  "observations": {},
  "verificationCalls": [],
  "passed": false,
  "checks": [
    {
      "check": "statut attendu",
      "passed": true
    },
    {
      "check": "output includes",
      "passed": false
    },
    {
      "check": "output excludes",
      "passed": false
    },
    {
      "check": "oracle spécifique déclaré",
      "passed": true
    }
  ],
  "echoRejected": true,
  "ms": 2,
  "executionRevision": "99dbcdf27b61fa6a98bc73779b44c0e7efcd3049",
  "id": "tool:diagram",
  "summary": "Mermaid à séparateurs point-virgule : No nodes found in flowchart ; aucun rendu ASCII."
}
