Date de consolidation: 2026-09-30T19:33:55.766793Z
Révision exécutée: 99dbcdf27b61fa6a98bc73779b44c0e7efcd3049
Exécution réelle de production, sans mocks ; HOME et projet QA isolés.
Commande/scénario: lead_scout_lesson_candidates({"goal": "Review synthetic fixture organization", "stats": {"processed": 1, "selectedLeads": 1, "needsPublicEnrichment": 1}})
Attendu: Toutes les clauses spécifiques sont nécessaires ; seuls espaces/retours peuvent être normalisés.
Observé: Toutes les clauses spécifiques sont nécessaires ; seuls espaces/retours peuvent être normalisés.
Verdict: prouvée

{
  "name": "lead_scout_lesson_candidates",
  "input": {
    "goal": "Review synthetic fixture organization",
    "stats": {
      "processed": 1,
      "selectedLeads": 1,
      "needsPublicEnrichment": 1
    }
  },
  "oracle": {
    "rules": [
      {
        "field": "data.reviewRequired",
        "op": "eq",
        "value": true
      },
      {
        "field": "data.candidates.length",
        "op": "min",
        "value": 1
      },
      {
        "field": "data.candidates.0.content",
        "op": "includes",
        "values": [
          "100%",
          "need public enrichment"
        ]
      }
    ]
  },
  "expected": "Toutes les clauses spécifiques sont nécessaires ; seuls espaces/retours peuvent être normalisés.",
  "preparationCalls": [],
  "result": {
    "success": true,
    "output": "# Lead Scout Lesson Candidates: Review synthetic fixture organization\n\nContext: Lead Scout\nReview required: yes\nPersistence tool: lessons_add\n\n## Candidates\n1. [INSIGHT] 100% of selected leads for \"Review synthetic fixture organization\" still need public enrichment; run lead_scout_enrichment_plan before outreach review. (confidence 0.9)\n\n## Guidance\n- Review candidates before persisting them with lessons_add.\n- Persist only stable reusable patterns, not one-off data or raw page content.\n- Prefer PATTERN for repeatable extraction behavior and RULE for safety constraints.\n- Keep lessons short enough to steer future runs without replacing source evidence.\n\nStructured result:\n{\n  \"goal\": \"Review synthetic fixture organization\",\n  \"context\": \"Lead Scout\",\n  \"candidates\": [\n    {\n      \"category\": \"INSIGHT\",\n      \"content\": \"100% of selected leads for \\\"Review synthetic fixture organization\\\" still need public enrichment; run lead_scout_enrichment_plan before outreach review.\",\n      \"context\": \"Lead Scout\",\n      \"confidence\": 0.9,\n      \"reason\": \"High share of selected leads lacks email, phone, and website.\",\n      \"source\": \"self_observed\",\n      \"lessonsAddInput\": {\n        \"category\": \"INSIGHT\",\n        \"content\": \"100% of selected leads for \\\"Review synthetic fixture organization\\\" still need public enrichment; run lead_scout_enrichment_plan before outreach review.\",\n        \"context\": \"Lead Scout\",\n        \"source\": \"self_observed\"\n      }\n    }\n  ],\n  \"reviewRequired\": true,\n  \"persistenceTool\": \"lessons_add\",\n  \"guidance\": [\n    \"Review candidates before persisting them with lessons_add.\",\n    \"Persist only stable reusable patterns, not one-off data or raw page content.\",\n    \"Prefer PATTERN for repeatable extraction behavior and RULE for safety constraints.\",\n    \"Keep lessons short enough to steer future runs without replacing source evidence.\"\n  ]\n}",
    "data": {
      "goal": "Review synthetic fixture organization",
      "context": "Lead Scout",
      "candidates": [
        {
          "category": "INSIGHT",
          "content": "100% of selected leads for \"Review synthetic fixture organization\" still need public enrichment; run lead_scout_enrichment_plan before outreach review.",
          "context": "Lead Scout",
          "confidence": 0.9,
          "reason": "High share of selected leads lacks email, phone, and website.",
          "source": "self_observed",
          "lessonsAddInput": {
            "category": "INSIGHT",
            "content": "100% of selected leads for \"Review synthetic fixture organization\" still need public enrichment; run lead_scout_enrichment_plan before outreach review.",
            "context": "Lead Scout",
            "source": "self_observed"
          }
        }
      ],
      "reviewRequired": true,
      "persistenceTool": "lessons_add",
      "guidance": [
        "Review candidates before persisting them with lessons_add.",
        "Persist only stable reusable patterns, not one-off data or raw page content.",
        "Prefer PATTERN for repeatable extraction behavior and RULE for safety constraints.",
        "Keep lessons short enough to steer future runs without replacing source evidence."
      ]
    }
  },
  "observations": {},
  "verificationCalls": [],
  "passed": true,
  "checks": [
    {
      "check": "statut attendu",
      "passed": true
    },
    {
      "check": "data.reviewRequired eq",
      "passed": true
    },
    {
      "check": "data.candidates.length min",
      "passed": true
    },
    {
      "check": "data.candidates.0.content includes",
      "passed": true
    },
    {
      "check": "oracle spécifique déclaré",
      "passed": true
    }
  ],
  "echoRejected": true,
  "ms": 1,
  "executionRevision": "99dbcdf27b61fa6a98bc73779b44c0e7efcd3049",
  "id": "tool:lead_scout_lesson_candidates",
  "summary": "Toutes les clauses spécifiques sont nécessaires ; seuls espaces/retours peuvent être normalisés."
}
