Date de consolidation: 2026-09-30T19:33:55.920405Z
Révision exécutée: 99dbcdf27b61fa6a98bc73779b44c0e7efcd3049
Exécution réelle de production, sans mocks ; HOME et projet QA isolés.
Commande/scénario: view_file({"path": "a.txt"})
Attendu: Toutes les clauses spécifiques sont nécessaires ; seuls espaces/retours peuvent être normalisés.
Observé: Toutes les clauses spécifiques sont nécessaires ; seuls espaces/retours peuvent être normalisés.
Verdict: prouvée

{
  "name": "view_file",
  "input": {
    "path": "a.txt"
  },
  "oracle": {
    "rules": [
      {
        "field": "output",
        "op": "includes",
        "values": [
          "1: P9_ALPHA"
        ]
      }
    ]
  },
  "expected": "Toutes les clauses spécifiques sont nécessaires ; seuls espaces/retours peuvent être normalisés.",
  "preparationCalls": [],
  "result": {
    "success": true,
    "output": "Contents of a.txt:\n1: P9_ALPHA\n2: "
  },
  "observations": {},
  "verificationCalls": [],
  "passed": true,
  "checks": [
    {
      "check": "statut attendu",
      "passed": true
    },
    {
      "check": "output includes",
      "passed": true
    },
    {
      "check": "oracle spécifique déclaré",
      "passed": true
    }
  ],
  "echoRejected": true,
  "ms": 2,
  "executionRevision": "99dbcdf27b61fa6a98bc73779b44c0e7efcd3049",
  "id": "tool:view_file",
  "summary": "Toutes les clauses spécifiques sont nécessaires ; seuls espaces/retours peuvent être normalisés."
}
