Date de consolidation: 2026-09-30T19:33:55.760867Z
Révision exécutée: 99dbcdf27b61fa6a98bc73779b44c0e7efcd3049
Exécution réelle de production, sans mocks ; HOME et projet QA isolés.
Commande/scénario: knowledge_search({"query": "P9_KNOWLEDGE"})
Attendu: Toutes les clauses spécifiques sont nécessaires ; seuls espaces/retours peuvent être normalisés.
Observé: Toutes les clauses spécifiques sont nécessaires ; seuls espaces/retours peuvent être normalisés.
Verdict: prouvée

{
  "name": "knowledge_search",
  "input": {
    "query": "P9_KNOWLEDGE"
  },
  "oracle": {
    "rules": [
      {
        "field": "output",
        "op": "includes",
        "values": [
          "### P9 Knowledge",
          "P9_KNOWLEDGE"
        ]
      }
    ]
  },
  "expected": "Toutes les clauses spécifiques sont nécessaires ; seuls espaces/retours peuvent être normalisés.",
  "preparationCalls": [
    {
      "name": "knowledge_add",
      "input": {
        "title": "P9 Knowledge",
        "content": "P9_KNOWLEDGE",
        "tags": [
          "p9"
        ]
      },
      "result": {
        "success": true,
        "output": "Knowledge entry \"P9 Knowledge\" saved to <QA_HOME>/.codebuddy/knowledge/p9-knowledge.md"
      }
    }
  ],
  "result": {
    "success": true,
    "output": "Found 4 knowledge entries for \"P9_KNOWLEDGE\":\n\n### P9 Knowledge 1790791047703 (score: 1.00, source: global)\nTags: p9\n\nP9_KNOWLEDGE\n\n### P9 Knowledge 1790792397312 (score: 1.00, source: global)\nTags: p9\n\nP9_KNOWLEDGE\n\n### P9 Knowledge 1790794266935 (score: 1.00, source: global)\nTags: p9\n\nP9_KNOWLEDGE\n\n### P9 Knowledge (score: 1.00, source: global)\nTags: p9\n\nP9_KNOWLEDGE\n"
  },
  "observations": {},
  "verificationCalls": [],
  "passed": true,
  "checks": [
    {
      "check": "statut attendu",
      "passed": true
    },
    {
      "check": "output includes",
      "passed": true
    },
    {
      "check": "oracle spécifique déclaré",
      "passed": true
    }
  ],
  "echoRejected": true,
  "ms": 7,
  "executionRevision": "99dbcdf27b61fa6a98bc73779b44c0e7efcd3049",
  "id": "tool:knowledge_search",
  "summary": "Toutes les clauses spécifiques sont nécessaires ; seuls espaces/retours peuvent être normalisés."
}
