Date de consolidation: 2026-09-30T19:33:55.723900Z
Révision exécutée: 99dbcdf27b61fa6a98bc73779b44c0e7efcd3049
Exécution réelle de production, sans mocks ; HOME et projet QA isolés.
Commande/scénario: git({"operation": "status"})
Attendu: Toutes les clauses spécifiques sont nécessaires ; seuls espaces/retours peuvent être normalisés.
Observé: Toutes les clauses spécifiques sont nécessaires ; seuls espaces/retours peuvent être normalisés.
Verdict: prouvée

{
  "name": "git",
  "input": {
    "operation": "status"
  },
  "oracle": {
    "rules": [
      {
        "field": "data.untracked",
        "op": "some",
        "value": "a.txt"
      }
    ]
  },
  "expected": "Toutes les clauses spécifiques sont nécessaires ; seuls espaces/retours peuvent être normalisés.",
  "preparationCalls": [],
  "result": {
    "success": true,
    "output": "Branch: master\n\nUntracked:\n  ? .codebuddy/\n  ? CHANGELOG.md\n  ? LICENSE\n  ? PLAN.md\n  ? a.txt\n  ? alias.txt\n  ? audit-fixture/\n  ? b.txt\n  ? browser-page-r1.html\n  ? browser-server-r1.mjs\n  ? bug-fixture.js\n  ? build.js\n  ? bundle.zip\n  ? check.test.js\n  ? clip.mp4\n  ? conflict.txt\n  ? data.csv\n  ? data.json\n  ? dist/\n  ? docs/\n  ? eng.traineddata\n  ? export.csv\n  ? format-fixture/\n  ? leads.json\n  ? lint-fixture/\n  ? meeting-report-1790792603296.json\n  ? meeting-report-1790792603296.md\n  ? meeting-report.json\n  ? meeting-report.md\n  ? meeting.txt\n  ? new-cli-first-run/\n  ? new-cli/\n  ? new.txt\n  ? node_modules/\n  ? note.md\n  ? ocr.png\n  ? p9-apply-r1.txt\n  ? p9-screen.png\n  ? p9.docx\n  ? p9.pdf\n  ? package.json\n  ? patch-nine.txt\n  ? \"rename-space test.ts\"\n  ? review-leads.json\n  ? sample.js\n  ? sample.ts\n  ? secret-fixture.txt\n  ? speech.wav\n  ? todo.md\n  ? tsconfig.json\n  ? tts-p9.wav\n",
    "data": {
      "staged": [],
      "unstaged": [],
      "untracked": [
        ".codebuddy/",
        "CHANGELOG.md",
        "LICENSE",
        "PLAN.md",
        "a.txt",
        "alias.txt",
        "audit-fixture/",
        "b.txt",
        "browser-page-r1.html",
        "browser-server-r1.mjs",
        "bug-fixture.js",
        "build.js",
        "bundle.zip",
        "check.test.js",
        "clip.mp4",
        "conflict.txt",
        "data.csv",
        "data.json",
        "dist/",
        "docs/",
        "eng.traineddata",
        "export.csv",
        "format-fixture/",
        "leads.json",
        "lint-fixture/",
        "meeting-report-1790792603296.json",
        "meeting-report-1790792603296.md",
        "meeting-report.json",
        "meeting-report.md",
        "meeting.txt",
        "new-cli-first-run/",
        "new-cli/",
        "new.txt",
        "node_modules/",
        "note.md",
        "ocr.png",
        "p9-apply-r1.txt",
        "p9-screen.png",
        "p9.docx",
        "p9.pdf",
        "package.json",
        "patch-nine.txt",
        "\"rename-space test.ts\"",
        "review-leads.json",
        "sample.js",
        "sample.ts",
        "secret-fixture.txt",
        "speech.wav",
        "todo.md",
        "tsconfig.json",
        "tts-p9.wav"
      ],
      "branch": "master",
      "ahead": 0,
      "behind": 0
    }
  },
  "observations": {},
  "verificationCalls": [],
  "passed": true,
  "checks": [
    {
      "check": "statut attendu",
      "passed": true
    },
    {
      "check": "data.untracked some",
      "passed": true
    },
    {
      "check": "oracle spécifique déclaré",
      "passed": true
    }
  ],
  "echoRejected": true,
  "ms": 12,
  "executionRevision": "99dbcdf27b61fa6a98bc73779b44c0e7efcd3049",
  "id": "tool:git",
  "summary": "Toutes les clauses spécifiques sont nécessaires ; seuls espaces/retours peuvent être normalisés."
}
