Date de consolidation: 2026-09-30T19:33:55.780258Z
Révision exécutée: 99dbcdf27b61fa6a98bc73779b44c0e7efcd3049
Exécution réelle de production, sans mocks ; HOME et projet QA isolés.
Commande/scénario: lessons_graph({"query": "P9_LESSON", "format": "json"})
Attendu: Toutes les clauses spécifiques sont nécessaires ; seuls espaces/retours peuvent être normalisés.
Observé: Toutes les clauses spécifiques sont nécessaires ; seuls espaces/retours peuvent être normalisés.
Verdict: prouvée

{
  "name": "lessons_graph",
  "input": {
    "query": "P9_LESSON",
    "format": "json"
  },
  "oracle": {
    "rules": [
      {
        "field": "outputJson.lessons",
        "op": "some",
        "value": {
          "content": "P9_LESSON"
        }
      }
    ]
  },
  "expected": "Toutes les clauses spécifiques sont nécessaires ; seuls espaces/retours peuvent être normalisés.",
  "preparationCalls": [
    {
      "name": "lessons_add",
      "input": {
        "category": "RULE",
        "content": "P9_LESSON",
        "source": "manual"
      },
      "result": {
        "success": true,
        "output": "Lesson saved [muogo3uzhmc] (RULE): P9_LESSON"
      }
    }
  ],
  "result": {
    "success": true,
    "output": "{\n  \"schemaVersion\": 1,\n  \"generatedAt\": 1790794267027,\n  \"filters\": {\n    \"query\": \"P9_LESSON\",\n    \"includeKeywords\": true,\n    \"limit\": 50\n  },\n  \"lessons\": [\n    {\n      \"id\": \"muoer3uel04\",\n      \"content\": \"P9_LESSON\",\n      \"category\": \"RULE\",\n      \"createdAt\": 1790726400000,\n      \"source\": \"manual\"\n    },\n    {\n      \"id\": \"muoer3ujde1\",\n      \"content\": \"P9_LESSON\",\n      \"category\": \"RULE\",\n      \"createdAt\": 1790726400000,\n      \"source\": \"manual\"\n    },\n    {\n      \"id\": \"muoer3upsr5\",\n      \"content\": \"P9_LESSON\",\n      \"category\": \"RULE\",\n      \"createdAt\": 1790726400000,\n      \"source\": \"manual\"\n    },\n    {\n      \"id\": \"muoer3uz33s\",\n      \"content\": \"P9_LESSON\",\n      \"category\": \"RULE\",\n      \"createdAt\": 1790726400000,\n      \"source\": \"manual\"\n    },\n    {\n      \"id\": \"muofk17clmx\",\n      \"content\": \"P9_LESSON\",\n      \"category\": \"RULE\",\n      \"createdAt\": 1790726400000,\n      \"source\": \"manual\"\n    },\n    {\n      \"id\": \"muofk17g8sl\",\n      \"content\": \"P9_LESSON\",\n      \"category\": \"RULE\",\n      \"createdAt\": 1790726400000,\n      \"source\": \"manual\"\n    },\n    {\n      \"id\": \"muofk17mp3g\",\n      \"content\": \"P9_LESSON\",\n      \"category\": \"RULE\",\n      \"createdAt\": 1790726400000,\n      \"source\": \"manual\"\n    },\n    {\n      \"id\": \"muofk17ughr\",\n      \"content\": \"P9_LESSON\",\n      \"category\": \"RULE\",\n      \"createdAt\": 1790726400000,\n      \"source\": \"manual\"\n    },\n    {\n      \"id\": \"muogo3uodr1\",\n      \"category\": \"RULE\",\n      \"content\": \"P9_LESSON 1790794267005\",\n      \"createdAt\": 1790794267008,\n      \"source\": \"manual\"\n    },\n    {\n      \"id\": \"muogo3uzhmc\",\n      \"category\": \"RULE\",\n      \"content\": \"P9_LESSON\",\n      \"createdAt\": 1790794267019,\n      \"source\": \"manual\"\n    }\n  ],\n  \"concepts\": [\n    {\n      \"id\": \"p9-lesson\",\n      \"label\": \"p9 lesson\",\n      \"lessonIds\": [\n        \"muoer3uel04\",\n        \"muoer3ujde1\",\n        \"muoer3upsr5\",\n        \"muoer3uz33s\",\n        \"muofk17clmx\",\n        \"muofk17g8sl\",\n        \"muofk17mp3g\",\n        \"muofk17ughr\",\n        \"muogo3uodr1\",\n        \"muogo3uzhmc\"\n      ],\n      \"sources\": [\n        \"keyword\"\n      ],\n      \"weight\": 10\n    },\n    {\n      \"id\": \"1790794267005\",\n      \"label\": \"1790794267005\",\n      \"lessonIds\": [\n        \"muogo3uodr1\"\n      ],\n      \"sources\": [\n        \"keyword\"\n      ],\n      \"weight\": 1\n    }\n  ],\n  \"lessonConcepts\": {\n    \"muoer3uel04\": [\n      {\n        \"slug\": \"p9-lesson\",\n        \"label\": \"p9 lesson\",\n        \"sources\": [\n          \"keyword\"\n        ]\n      }\n    ],\n    \"muoer3ujde1\": [\n      {\n        \"slug\": \"p9-lesson\",\n        \"label\": \"p9 lesson\",\n        \"sources\": [\n          \"keyword\"\n        ]\n      }\n    ],\n    \"muoer3upsr5\": [\n      {\n        \"slug\": \"p9-lesson\",\n        \"label\": \"p9 lesson\",\n        \"sources\": [\n          \"keyword\"\n        ]\n      }\n    ],\n    \"muoer3uz33s\": [\n      {\n        \"slug\": \"p9-lesson\",\n        \"label\": \"p9 lesson\",\n        \"sources\": [\n          \"keyword\"\n        ]\n      }\n    ],\n    \"muofk17clmx\": [\n      {\n        \"slug\": \"p9-lesson\",\n        \"label\": \"p9 lesson\",\n        \"sources\": [\n          \"keyword\"\n        ]\n      }\n    ],\n    \"muofk17g8sl\": [\n      {\n        \"slug\": \"p9-lesson\",\n        \"label\": \"p9 lesson\",\n        \"sources\": [\n          \"keyword\"\n        ]\n      }\n    ],\n    \"muofk17mp3g\": [\n      {\n        \"slug\": \"p9-lesson\",\n        \"label\": \"p9 lesson\",\n        \"sources\": [\n          \"keyword\"\n        ]\n      }\n    ],\n    \"muofk17ughr\": [\n      {\n        \"slug\": \"p9-lesson\",\n        \"label\": \"p9 lesson\",\n        \"sources\": [\n          \"keyword\"\n        ]\n      }\n    ],\n    \"muogo3uodr1\": [\n      {\n        \"slug\": \"1790794267005\",\n        \"label\": \"1790794267005\",\n        \"sources\": [\n          \"keyword\"\n        ]\n      },\n      {\n        \"slug\": \"p9-lesson\",\n        \"label\": \"p9 lesson\",\n        \"sources\": [\n          \"keyword\"\n        ]\n      }\n    ],\n    \"muogo3uzhmc\": [\n      {\n        \"slug\": \"p9-lesson\",\n        \"label\": \"p9 lesson\",\n        \"sources\": [\n          \"keyword\"\n        ]\n      }\n    ]\n  },\n  \"backlinks\": {\n    \"p9-lesson\": [\n      \"muoer3uel04\",\n      \"muoer3ujde1\",\n      \"muoer3upsr5\",\n      \"muoer3uz33s\",\n      \"muofk17clmx\",\n      \"muofk17g8sl\",\n      \"muofk17mp3g\",\n      \"muofk17ughr\",\n      \"muogo3uodr1\",\n      \"muogo3uzhmc\"\n    ],\n    \"1790794267005\": [\n      \"muogo3uodr1\"\n    ]\n  },\n  \"relatedLessons\": [\n    {\n      \"from\": \"muoer3uel04\",\n      \"to\": \"muoer3ujde1\",\n      \"sharedConcepts\": [\n        \"p9-lesson\"\n      ],\n      \"weight\": 1\n    },\n    {\n      \"from\": \"muoer3uel04\",\n      \"to\": \"muoer3upsr5\",\n      \"sharedConcepts\": [\n        \"p9-lesson\"\n      ],\n      \"weight\": 1\n    },\n    {\n      \"from\": \"muoer3uel04\",\n      \"to\": \"muoer3uz33s\",\n      \"sharedConcepts\": [\n        \"p9-lesson\"\n      ],\n      \"weight\": 1\n    },\n    {\n      \"from\": \"muoer3uel04\",\n      \"to\": \"muofk17clmx\",\n      \"sharedConcepts\": [\n        \"p9-lesson\"\n      ],\n      \"weight\": 1\n    },\n    {\n      \"from\": \"muoer3uel04\",\n      \"to\": \"muofk17g8sl\",\n      \"sharedConcepts\": [\n        \"p9-lesson\"\n      ],\n      \"weight\": 1\n    },\n    {\n      \"from\": \"muoer3uel04\",\n      \"to\": \"muofk17mp3g\",\n      \"sharedConcepts\": [\n        \"p9-lesson\"\n      ],\n      \"weight\": 1\n    },\n    {\n      \"from\": \"muoer3uel04\",\n      \"to\": \"muofk17ughr\",\n      \"sharedConcepts\": [\n        \"p9-lesson\"\n      ],\n      \"weight\": 1\n    },\n    {\n      \"from\": \"muoer3uel04\",\n      \"to\": \"muogo3uodr1\",\n      \"sharedConcepts\": [\n        \"p9-lesson\"\n      ],\n      \"weight\": 1\n    },\n    {\n      \"from\": \"muoer3uel04\",\n      \"to\": \"muogo3uzhmc\",\n      \"sharedConcepts\": [\n        \"p9-lesson\"\n      ],\n      \"weight\": 1\n    },\n    {\n      \"from\": \"muoer3ujde1\",\n      \"to\": \"muoer3upsr5\",\n      \"sharedConcepts\": [\n        \"p9-lesson\"\n      ],\n      \"weight\": 1\n    },\n    {\n      \"from\": \"muoer3ujde1\",\n      \"to\": \"muoer3uz33s\",\n      \"sharedConcepts\": [\n        \"p9-lesson\"\n      ],\n      \"weight\": 1\n    },\n    {\n      \"from\": \"muoer3ujde1\",\n      \"to\": \"muofk17clmx\",\n      \"sharedConcepts\": [\n        \"p9-lesson\"\n      ],\n      \"weight\": 1\n    },\n    {\n      \"from\": \"muoer3ujde1\",\n      \"to\": \"muofk17g8sl\",\n      \"sharedConcepts\": [\n        \"p9-lesson\"\n      ],\n      \"weight\": 1\n    },\n    {\n      \"from\": \"muoer3ujde1\",\n      \"to\": \"muofk17mp3g\",\n      \"sharedConcepts\": [\n        \"p9-lesson\"\n      ],\n      \"weight\": 1\n    },\n    {\n      \"from\": \"muoer3ujde1\",\n      \"to\": \"muofk17ughr\",\n      \"sharedConcepts\": [\n        \"p9-lesson\"\n      ],\n      \"weight\": 1\n    },\n    {\n      \"from\": \"muoer3ujde1\",\n      \"to\": \"muogo3uodr1\",\n      \"sharedConcepts\": [\n        \"p9-lesson\"\n      ],\n      \"weight\": 1\n    },\n    {\n      \"from\": \"muoer3ujde1\",\n      \"to\": \"muogo3uzhmc\",\n      \"sharedConcepts\": [\n        \"p9-lesson\"\n      ],\n      \"weight\": 1\n    },\n    {\n      \"from\": \"muoer3upsr5\",\n      \"to\": \"muoer3uz33s\",\n      \"sharedConcepts\": [\n        \"p9-lesson\"\n      ],\n      \"weight\": 1\n    },\n    {\n      \"from\": \"muoer3upsr5\",\n      \"to\": \"muofk17clmx\",\n      \"sharedConcepts\": [\n        \"p9-lesson\"\n      ],\n      \"weight\": 1\n    },\n    {\n      \"from\": \"muoer3upsr5\",\n      \"to\": \"muofk17g8sl\",\n      \"sharedConcepts\": [\n        \"p9-lesson\"\n      ],\n      \"weight\": 1\n    },\n    {\n      \"from\": \"muoer3upsr5\",\n      \"to\": \"muofk17mp3g\",\n      \"sharedConcepts\": [\n        \"p9-lesson\"\n      ],\n      \"weight\": 1\n    },\n    {\n      \"from\": \"muoer3upsr5\",\n      \"to\": \"muofk17ughr\",\n      \"sharedConcepts\": [\n        \"p9-lesson\"\n      ],\n      \"weight\": 1\n    },\n    {\n      \"from\": \"muoer3upsr5\",\n      \"to\": \"muogo3uodr1\",\n      \"sharedConcepts\": [\n        \"p9-lesson\"\n      ],\n      \"weight\": 1\n    },\n    {\n      \"from\": \"muoer3upsr5\",\n      \"to\": \"muogo3uzhmc\",\n      \"sharedConcepts\": [\n        \"p9-lesson\"\n      ],\n      \"weight\": 1\n    },\n    {\n      \"from\": \"muoer3uz33s\",\n      \"to\": \"muofk17clmx\",\n      \"sharedConcepts\": [\n        \"p9-lesson\"\n      ],\n      \"weight\": 1\n    },\n    {\n      \"from\": \"muoer3uz33s\",\n      \"to\": \"muofk17g8sl\",\n      \"sharedConcepts\": [\n        \"p9-lesson\"\n      ],\n      \"weight\": 1\n    },\n    {\n      \"from\": \"muoer3uz33s\",\n      \"to\": \"muofk17mp3g\",\n      \"sharedConcepts\": [\n        \"p9-lesson\"\n      ],\n      \"weight\": 1\n    },\n    {\n      \"from\": \"muoer3uz33s\",\n      \"to\": \"muofk17ughr\",\n      \"sharedConcepts\": [\n        \"p9-lesson\"\n      ],\n      \"weight\": 1\n    },\n    {\n      \"from\": \"muoer3uz33s\",\n      \"to\": \"muogo3uodr1\",\n      \"sharedConcepts\": [\n        \"p9-lesson\"\n      ],\n      \"weight\": 1\n    },\n    {\n      \"from\": \"muoer3uz33s\",\n      \"to\": \"muogo3uzhmc\",\n      \"sharedConcepts\": [\n        \"p9-lesson\"\n      ],\n      \"weight\": 1\n    },\n    {\n      \"from\": \"muofk17clmx\",\n      \"to\": \"muofk17g8sl\",\n      \"sharedConcepts\": [\n        \"p9-lesson\"\n      ],\n      \"weight\": 1\n    },\n    {\n      \"from\": \"muofk17clmx\",\n      \"to\": \"muofk17mp3g\",\n      \"sharedConcepts\": [\n        \"p9-lesson\"\n      ],\n      \"weight\": 1\n    },\n    {\n      \"from\": \"muofk17clmx\",\n      \"to\": \"muofk17ughr\",\n      \"sharedConcepts\": [\n        \"p9-lesson\"\n      ],\n      \"weight\": 1\n    },\n    {\n      \"from\": \"muofk17clmx\",\n      \"to\": \"muogo3uodr1\",\n      \"sharedConcepts\": [\n        \"p9-lesson\"\n      ],\n      \"weight\": 1\n    },\n    {\n      \"from\": \"muofk17clmx\",\n      \"to\": \"muogo3uzhmc\",\n      \"sharedConcepts\": [\n        \"p9-lesson\"\n      ],\n      \"weight\": 1\n    },\n    {\n      \"from\": \"muofk17g8sl\",\n      \"to\": \"muofk17mp3g\",\n      \"sharedConcepts\": [\n        \"p9-lesson\"\n      ],\n      \"weight\": 1\n    },\n    {\n      \"from\": \"muofk17g8sl\",\n      \"to\": \"muofk17ughr\",\n      \"sharedConcepts\": [\n        \"p9-lesson\"\n      ],\n      \"weight\": 1\n    },\n    {\n      \"from\": \"muofk17g8sl\",\n      \"to\": \"muogo3uodr1\",\n      \"sharedConcepts\": [\n        \"p9-lesson\"\n      ],\n      \"weight\": 1\n    },\n    {\n      \"from\": \"muofk17g8sl\",\n      \"to\": \"muogo3uzhmc\",\n      \"sharedConcepts\": [\n        \"p9-lesson\"\n      ],\n      \"weight\": 1\n    },\n    {\n      \"from\": \"muofk17mp3g\",\n      \"to\": \"muofk17ughr\",\n      \"sharedConcepts\": [\n        \"p9-lesson\"\n      ],\n      \"weight\": 1\n    },\n    {\n      \"from\": \"muofk17mp3g\",\n      \"to\": \"muogo3uodr1\",\n      \"sharedConcepts\": [\n        \"p9-lesson\"\n      ],\n      \"weight\": 1\n    },\n    {\n      \"from\": \"muofk17mp3g\",\n      \"to\": \"muogo3uzhmc\",\n      \"sharedConcepts\": [\n        \"p9-lesson\"\n      ],\n      \"weight\": 1\n    },\n    {\n      \"from\": \"muofk17ughr\",\n      \"to\": \"muogo3uodr1\",\n      \"sharedConcepts\": [\n        \"p9-lesson\"\n      ],\n      \"weight\": 1\n    },\n    {\n      \"from\": \"muofk17ughr\",\n      \"to\": \"muogo3uzhmc\",\n      \"sharedConcepts\": [\n        \"p9-lesson\"\n      ],\n      \"weight\": 1\n    },\n    {\n      \"from\": \"muogo3uodr1\",\n      \"to\": \"muogo3uzhmc\",\n      \"sharedConcepts\": [\n        \"p9-lesson\"\n      ],\n      \"weight\": 1\n    }\n  ]\n}"
  },
  "observations": {},
  "verificationCalls": [],
  "passed": true,
  "checks": [
    {
      "check": "statut attendu",
      "passed": true
    },
    {
      "check": "outputJson.lessons some",
      "passed": true
    },
    {
      "check": "oracle spécifique déclaré",
      "passed": true
    }
  ],
  "echoRejected": true,
  "ms": 8,
  "executionRevision": "99dbcdf27b61fa6a98bc73779b44c0e7efcd3049",
  "id": "tool:lessons_graph",
  "summary": "Toutes les clauses spécifiques sont nécessaires ; seuls espaces/retours peuvent être normalisés."
}
