Date de consolidation: 2026-09-30T19:33:55.740929Z
Révision exécutée: 99dbcdf27b61fa6a98bc73779b44c0e7efcd3049
Exécution réelle de production, sans mocks ; HOME et projet QA isolés.
Commande/scénario: kanban_complete({"id": "p9r1-kanban_complete-1790794266852", "comment": "P9_DONE"})
Attendu: Toutes les clauses spécifiques sont nécessaires ; seuls espaces/retours peuvent être normalisés.
Observé: Toutes les clauses spécifiques sont nécessaires ; seuls espaces/retours peuvent être normalisés.
Verdict: prouvée

{
  "name": "kanban_complete",
  "input": {
    "id": "p9r1-kanban_complete-1790794266852",
    "comment": "P9_DONE"
  },
  "oracle": {
    "rules": [
      {
        "field": "data.card.title",
        "op": "eq",
        "value": "P9_CARD"
      },
      {
        "field": "data.card.status",
        "op": "eq",
        "value": "done"
      },
      {
        "field": "observations.persistedCard.status",
        "op": "eq",
        "value": "completed"
      }
    ]
  },
  "expected": "Toutes les clauses spécifiques sont nécessaires ; seuls espaces/retours peuvent être normalisés.",
  "preparationCalls": [
    {
      "name": "kanban_create",
      "input": {
        "id": "p9r1-kanban_complete-1790794266852",
        "title": "P9_CARD"
      },
      "result": {
        "success": true,
        "output": "{\n  \"action\": \"kanban_create\",\n  \"boardPath\": \"<QA>/reprise-1/project/.codebuddy/colab-tasks.json\",\n  \"card\": {\n    \"id\": \"p9r1-kanban_complete-1790794266852\",\n    \"title\": \"P9_CARD\",\n    \"status\": \"todo\",\n    \"priority\": \"medium\",\n    \"tags\": [],\n    \"links\": [],\n    \"comments\": [],\n    \"heartbeats\": [],\n    \"createdAt\": \"2026-09-30T18:51:06.853Z\",\n    \"updatedAt\": \"2026-09-30T18:51:06.853Z\"\n  }\n}",
        "data": {
          "action": "kanban_create",
          "boardPath": "<QA>/reprise-1/project/.codebuddy/colab-tasks.json",
          "card": {
            "id": "p9r1-kanban_complete-1790794266852",
            "title": "P9_CARD",
            "status": "todo",
            "priority": "medium",
            "tags": [],
            "links": [],
            "comments": [],
            "heartbeats": [],
            "createdAt": "2026-09-30T18:51:06.853Z",
            "updatedAt": "2026-09-30T18:51:06.853Z"
          }
        }
      }
    }
  ],
  "result": {
    "success": true,
    "output": "{\n  \"action\": \"kanban_complete\",\n  \"boardPath\": \"<QA>/reprise-1/project/.codebuddy/colab-tasks.json\",\n  \"card\": {\n    \"id\": \"p9r1-kanban_complete-1790794266852\",\n    \"title\": \"P9_CARD\",\n    \"status\": \"done\",\n    \"priority\": \"medium\",\n    \"tags\": [],\n    \"links\": [],\n    \"comments\": [\n      {\n        \"id\": \"cmt-1790794266862-2\",\n        \"text\": \"P9_DONE\",\n        \"createdAt\": \"2026-09-30T18:51:06.862Z\"\n      }\n    ],\n    \"heartbeats\": [],\n    \"createdAt\": \"2026-09-30T18:51:06.853Z\",\n    \"updatedAt\": \"2026-09-30T18:51:06.856Z\",\n    \"completedAt\": \"2026-09-30T18:51:06.856Z\"\n  }\n}",
    "data": {
      "action": "kanban_complete",
      "boardPath": "<QA>/reprise-1/project/.codebuddy/colab-tasks.json",
      "card": {
        "id": "p9r1-kanban_complete-1790794266852",
        "title": "P9_CARD",
        "status": "done",
        "priority": "medium",
        "tags": [],
        "links": [],
        "comments": [
          {
            "id": "cmt-1790794266862-2",
            "text": "P9_DONE",
            "createdAt": "2026-09-30T18:51:06.862Z"
          }
        ],
        "heartbeats": [],
        "createdAt": "2026-09-30T18:51:06.853Z",
        "updatedAt": "2026-09-30T18:51:06.856Z",
        "completedAt": "2026-09-30T18:51:06.856Z"
      }
    }
  },
  "observations": {
    "persistedCard": {
      "id": "p9r1-kanban_complete-1790794266852",
      "title": "P9_CARD",
      "status": "completed",
      "priority": "medium",
      "assignedAgent": null,
      "claimedBy": "<PRIVATE_NAME>/project",
      "claimedAt": null,
      "createdBy": "<PRIVATE_NAME>/project",
      "createdAt": "2026-09-30T18:51:06.853Z",
      "completedAt": "2026-09-30T18:51:06.856Z",
      "comments": [
        {
          "id": "cmt-1790794266862-2",
          "text": "P9_DONE",
          "createdAt": "2026-09-30T18:51:06.862Z"
        }
      ]
    }
  },
  "verificationCalls": [],
  "passed": true,
  "checks": [
    {
      "check": "statut attendu",
      "passed": true
    },
    {
      "check": "data.card.title eq",
      "passed": true
    },
    {
      "check": "data.card.status eq",
      "passed": true
    },
    {
      "check": "observations.persistedCard.status eq",
      "passed": true
    },
    {
      "check": "oracle spécifique déclaré",
      "passed": true
    }
  ],
  "echoRejected": true,
  "ms": 13,
  "executionRevision": "99dbcdf27b61fa6a98bc73779b44c0e7efcd3049",
  "id": "tool:kanban_complete",
  "summary": "Toutes les clauses spécifiques sont nécessaires ; seuls espaces/retours peuvent être normalisés."
}
