Date de consolidation: 2026-09-30T19:33:55.734309Z
Révision exécutée: 99dbcdf27b61fa6a98bc73779b44c0e7efcd3049
Exécution réelle de production, sans mocks ; HOME et projet QA isolés.
Commande/scénario: json_query({"file": "<QA>/reprise-1/project/data.json", "path": "nested.value"})
Attendu: Toutes les clauses spécifiques sont nécessaires ; seuls espaces/retours peuvent être normalisés.
Observé: Toutes les clauses spécifiques sont nécessaires ; seuls espaces/retours peuvent être normalisés.
Verdict: prouvée

{
  "name": "json_query",
  "input": {
    "file": "<QA>/reprise-1/project/data.json",
    "path": "nested.value"
  },
  "oracle": {
    "rules": [
      {
        "field": "data.value",
        "op": "eq",
        "value": 42
      },
      {
        "field": "output",
        "op": "eq",
        "normalize": true,
        "value": "42"
      }
    ]
  },
  "expected": "Toutes les clauses spécifiques sont nécessaires ; seuls espaces/retours peuvent être normalisés.",
  "preparationCalls": [],
  "result": {
    "success": true,
    "output": "42",
    "data": {
      "file": "<QA>/reprise-1/project/data.json",
      "path": "nested.value",
      "value": 42
    }
  },
  "observations": {},
  "verificationCalls": [],
  "passed": true,
  "checks": [
    {
      "check": "statut attendu",
      "passed": true
    },
    {
      "check": "data.value eq",
      "passed": true
    },
    {
      "check": "output eq",
      "passed": true
    },
    {
      "check": "oracle spécifique déclaré",
      "passed": true
    }
  ],
  "echoRejected": true,
  "ms": 1,
  "executionRevision": "99dbcdf27b61fa6a98bc73779b44c0e7efcd3049",
  "id": "tool:json_query",
  "summary": "Toutes les clauses spécifiques sont nécessaires ; seuls espaces/retours peuvent être normalisés."
}
