Date de consolidation: 2026-09-30T19:33:55.821584Z
Révision exécutée: 99dbcdf27b61fa6a98bc73779b44c0e7efcd3049
Exécution réelle de production, sans mocks ; HOME et projet QA isolés.
Commande/scénario: patch({"path": "patch-nine.txt", "old_str": "P9_BEFORE", "new_str": "P9_AFTER"})
Attendu: Toutes les clauses spécifiques sont nécessaires ; seuls espaces/retours peuvent être normalisés.
Observé: Toutes les clauses spécifiques sont nécessaires ; seuls espaces/retours peuvent être normalisés.
Verdict: prouvée

{
  "name": "patch",
  "input": {
    "path": "patch-nine.txt",
    "old_str": "P9_BEFORE",
    "new_str": "P9_AFTER"
  },
  "oracle": {
    "rules": [
      {
        "file": "patch-nine.txt",
        "op": "eq",
        "value": "P9_AFTER",
        "changed": true
      }
    ]
  },
  "expected": "Toutes les clauses spécifiques sont nécessaires ; seuls espaces/retours peuvent être normalisés.",
  "preparationCalls": [],
  "result": {
    "success": true,
    "output": "Updated patch-nine.txt with 1 addition and 1 removal\n--- a/patch-nine.txt\n+++ b/patch-nine.txt\n@@ -1,1 +1,1 @@\n-P9_BEFORE\n+P9_AFTER"
  },
  "observations": {},
  "verificationCalls": [],
  "passed": true,
  "checks": [
    {
      "check": "statut attendu",
      "passed": true
    },
    {
      "check": "écriture effective de patch-nine.txt",
      "passed": true
    },
    {
      "check": "patch-nine.txt eq",
      "passed": true
    },
    {
      "check": "oracle spécifique déclaré",
      "passed": true
    }
  ],
  "echoRejected": true,
  "ms": 8,
  "executionRevision": "99dbcdf27b61fa6a98bc73779b44c0e7efcd3049",
  "id": "tool:patch",
  "summary": "Toutes les clauses spécifiques sont nécessaires ; seuls espaces/retours peuvent être normalisés."
}
