Date de consolidation: 2026-09-30T19:33:55.916282Z
Révision exécutée: 99dbcdf27b61fa6a98bc73779b44c0e7efcd3049
Exécution réelle de production, sans mocks ; HOME et projet QA isolés.
Commande/scénario: video_stitch({"clips": ["clip.mp4", "clip.mp4"], "transition": "cut", "output": "stitched-second.mp4"})
Attendu: Toutes les clauses spécifiques sont nécessaires ; seuls espaces/retours peuvent être normalisés.
Observé: Toutes les clauses spécifiques sont nécessaires ; seuls espaces/retours peuvent être normalisés.
Verdict: prouvée

{
  "name": "video_stitch",
  "input": {
    "clips": [
      "clip.mp4",
      "clip.mp4"
    ],
    "transition": "cut",
    "output": "stitched-second.mp4"
  },
  "oracle": {
    "rules": [
      {
        "field": "observations.stitchedDuration",
        "op": "eq",
        "value": 4
      },
      {
        "field": "observations.stitchedWidth",
        "op": "eq",
        "value": 320
      }
    ]
  },
  "expected": "Toutes les clauses spécifiques sont nécessaires ; seuls espaces/retours peuvent être normalisés.",
  "preparationCalls": [],
  "result": {
    "success": true,
    "output": "{\n  \"kind\": \"film_assemble_result\",\n  \"success\": true,\n  \"outputPath\": \"<QA>/reprise-1/project/.codebuddy/media-generation/films/stitched-second.mp4\",\n  \"mediaPath\": \"MEDIA:<QA>/reprise-1/project/.codebuddy/media-generation/films/stitched-second.mp4\",\n  \"engine\": \"xfade\",\n  \"clipCount\": 2,\n  \"transitionCount\": 1,\n  \"targetWidth\": 320,\n  \"targetHeight\": 240,\n  \"fps\": 25,\n  \"estimatedDuration\": 4,\n  \"probedDuration\": 4,\n  \"hasAudio\": true,\n  \"transitions\": [\n    {\n      \"type\": \"cut\",\n      \"duration\": 0\n    }\n  ],\n  \"warnings\": []\n}",
    "data": {
      "kind": "film_assemble_result",
      "success": true,
      "outputPath": "<QA>/reprise-1/project/.codebuddy/media-generation/films/stitched-second.mp4",
      "mediaPath": "MEDIA:<QA>/reprise-1/project/.codebuddy/media-generation/films/stitched-second.mp4",
      "engine": "xfade",
      "clipCount": 2,
      "transitionCount": 1,
      "targetWidth": 320,
      "targetHeight": 240,
      "fps": 25,
      "estimatedDuration": 4,
      "probedDuration": 4,
      "hasAudio": true,
      "transitions": [
        {
          "type": "cut",
          "duration": 0
        }
      ],
      "warnings": []
    }
  },
  "observations": {
    "stitchedDuration": 4,
    "stitchedWidth": 320
  },
  "verificationCalls": [],
  "passed": true,
  "checks": [
    {
      "check": "statut attendu",
      "passed": true
    },
    {
      "check": "observations.stitchedDuration eq",
      "passed": true
    },
    {
      "check": "observations.stitchedWidth eq",
      "passed": true
    },
    {
      "check": "oracle spécifique déclaré",
      "passed": true
    }
  ],
  "echoRejected": true,
  "ms": 655,
  "executionRevision": "99dbcdf27b61fa6a98bc73779b44c0e7efcd3049",
  "id": "tool:video_stitch",
  "summary": "Toutes les clauses spécifiques sont nécessaires ; seuls espaces/retours peuvent être normalisés."
}
