Date de consolidation: 2026-09-30T19:33:55.679970Z
Révision exécutée: 99dbcdf27b61fa6a98bc73779b44c0e7efcd3049
Exécution réelle de production, sans mocks ; HOME et projet QA isolés.
Commande/scénario: csv_analyze({"path": "data.csv"})
Attendu: Toutes les clauses spécifiques sont nécessaires ; seuls espaces/retours peuvent être normalisés.
Observé: Toutes les clauses spécifiques sont nécessaires ; seuls espaces/retours peuvent être normalisés.
Verdict: prouvée

{
  "name": "csv_analyze",
  "input": {
    "path": "data.csv"
  },
  "oracle": {
    "rules": [
      {
        "field": "output",
        "op": "includes",
        "values": [
          "| value | number | 2 | 0 | 12 | 30 | 21 | 21 |",
          "| alpha | 12 |",
          "| beta | 30 |"
        ]
      }
    ]
  },
  "expected": "Toutes les clauses spécifiques sont nécessaires ; seuls espaces/retours peuvent être normalisés.",
  "preparationCalls": [],
  "result": {
    "success": true,
    "output": "# CSV analysis: data.csv\n\n- Rows: 2\n- Columns: 2\n\n## Columns\n| Column | Type | Non-null | Nulls | Min | Max | Mean | Median |\n| --- | --- | ---: | ---: | ---: | ---: | ---: | ---: |\n| name | string | 2 | 0 | — | — | — | — |\n| value | number | 2 | 0 | 12 | 30 | 21 | 21 |\n\n## Preview (2 of 2 rows)\n| name | value |\n| --- | --- |\n| alpha | 12 |\n| beta | 30 |"
  },
  "observations": {},
  "verificationCalls": [],
  "passed": true,
  "checks": [
    {
      "check": "statut attendu",
      "passed": true
    },
    {
      "check": "output includes",
      "passed": true
    },
    {
      "check": "oracle spécifique déclaré",
      "passed": true
    }
  ],
  "echoRejected": true,
  "ms": 2,
  "executionRevision": "99dbcdf27b61fa6a98bc73779b44c0e7efcd3049",
  "id": "tool:csv_analyze",
  "summary": "Toutes les clauses spécifiques sont nécessaires ; seuls espaces/retours peuvent être normalisés."
}
