Date de consolidation: 2026-09-30T19:33:55.791265Z
Révision exécutée: 99dbcdf27b61fa6a98bc73779b44c0e7efcd3049
Exécution réelle de production, sans mocks ; HOME et projet QA isolés.
Commande/scénario: lint_project({"root": "<QA>/reprise-1/project/lint-fixture"})
Attendu: Toutes les clauses spécifiques sont nécessaires ; seuls espaces/retours peuvent être normalisés.
Observé: Toutes les clauses spécifiques sont nécessaires ; seuls espaces/retours peuvent être normalisés.
Verdict: prouvée

{
  "name": "lint_project",
  "input": {
    "root": "<QA>/reprise-1/project/lint-fixture"
  },
  "oracle": {
    "rules": [
      {
        "field": "data.errorCount",
        "op": "eq",
        "value": 1
      },
      {
        "field": "data.files",
        "op": "some",
        "value": {
          "filePath": "bad.js",
          "errors": 1,
          "messages": {
            "0": {
              "ruleId": "no-undef",
              "line": 1
            }
          }
        }
      }
    ],
    "success": false
  },
  "expected": "Toutes les clauses spécifiques sont nécessaires ; seuls espaces/retours peuvent être normalisés.",
  "preparationCalls": [],
  "result": {
    "success": false,
    "output": "ESLint: 1 error(s), 0 warning(s) in 1 file(s)",
    "data": {
      "root": "<QA>/reprise-1/project/lint-fixture",
      "eslintPath": "<QA>/reprise-1/project/lint-fixture/node_modules/.bin/eslint",
      "missing": false,
      "errorCount": 1,
      "warningCount": 0,
      "files": [
        {
          "filePath": "bad.js",
          "errors": 1,
          "warnings": 0,
          "messages": [
            {
              "ruleId": "no-undef",
              "severity": 2,
              "line": 1,
              "column": 1,
              "message": "'missingValue' is not defined."
            }
          ]
        }
      ],
      "timedOut": false
    }
  },
  "observations": {},
  "verificationCalls": [],
  "passed": true,
  "checks": [
    {
      "check": "statut attendu",
      "passed": true
    },
    {
      "check": "data.errorCount eq",
      "passed": true
    },
    {
      "check": "data.files some",
      "passed": true
    },
    {
      "check": "oracle spécifique déclaré",
      "passed": true
    }
  ],
  "echoRejected": true,
  "ms": 230,
  "executionRevision": "99dbcdf27b61fa6a98bc73779b44c0e7efcd3049",
  "id": "tool:lint_project",
  "summary": "Toutes les clauses spécifiques sont nécessaires ; seuls espaces/retours peuvent être normalisés."
}
