Date de consolidation: 2026-09-30T19:33:55.885784Z
Révision exécutée: 99dbcdf27b61fa6a98bc73779b44c0e7efcd3049
Exécution réelle de production, sans mocks ; HOME et projet QA isolés.
Commande/scénario: str_replace_editor({"path": "new.txt", "old_str": "P9_NEW", "new_str": "P9_EDIT"})
Attendu: Toutes les clauses spécifiques sont nécessaires ; seuls espaces/retours peuvent être normalisés.
Observé: Toutes les clauses spécifiques sont nécessaires ; seuls espaces/retours peuvent être normalisés.
Verdict: prouvée

{
  "name": "str_replace_editor",
  "input": {
    "path": "new.txt",
    "old_str": "P9_NEW",
    "new_str": "P9_EDIT"
  },
  "oracle": {
    "rules": [
      {
        "file": "new.txt",
        "op": "eq",
        "value": "P9_EDIT",
        "changed": true
      }
    ]
  },
  "expected": "Toutes les clauses spécifiques sont nécessaires ; seuls espaces/retours peuvent être normalisés.",
  "preparationCalls": [],
  "result": {
    "success": true,
    "output": "Updated new.txt with 1 addition and 1 removal\n--- a/new.txt\n+++ b/new.txt\n@@ -1,1 +1,1 @@\n-P9_NEW\n+P9_EDIT"
  },
  "observations": {},
  "verificationCalls": [],
  "passed": true,
  "checks": [
    {
      "check": "statut attendu",
      "passed": true
    },
    {
      "check": "écriture effective de new.txt",
      "passed": true
    },
    {
      "check": "new.txt eq",
      "passed": true
    },
    {
      "check": "oracle spécifique déclaré",
      "passed": true
    }
  ],
  "echoRejected": true,
  "ms": 2,
  "executionRevision": "99dbcdf27b61fa6a98bc73779b44c0e7efcd3049",
  "id": "tool:str_replace_editor",
  "summary": "Toutes les clauses spécifiques sont nécessaires ; seuls espaces/retours peuvent être normalisés."
}
