Date de consolidation: 2026-09-30T19:33:55.950562Z
Révision exécutée: be7f81998adadf19b7448a5080435f290eb28a76
Exécution réelle de production, sans mocks ; HOME et projet QA isolés.
Commande/scénario: browser_snapshot({})
Attendu: Tous les contrôles de contenu ou de changement d’état sont nécessaires.
Observé: Tous les contrôles de contenu ou de changement d’état sont nécessaires.
Verdict: prouvée

{
  "name": "browser_snapshot",
  "input": {},
  "result": {
    "success": true,
    "output": "# Web Snapshot\nURL: http://127.0.0.1:18870/\nTitle: P9_BROWSER\nElements: 3\n\n## Interactive Elements\n\n### textbox\n  [10] Name\n\n### button\n  [11] Save\n  [12] Dialog\n",
    "data": {
      "snapshotId": "websnap-1790796090549",
      "url": "http://127.0.0.1:18870/",
      "title": "P9_BROWSER",
      "elementCount": 3
    }
  },
  "observations": {
    "actualElements": true
  },
  "passed": true,
  "expected": "Tous les contrôles de contenu ou de changement d’état sont nécessaires.",
  "executionRevision": "be7f81998adadf19b7448a5080435f290eb28a76",
  "id": "tool:browser_snapshot",
  "summary": "Tous les contrôles de contenu ou de changement d’état sont nécessaires."
}
