Date de consolidation: 2026-09-30T19:33:55.745061Z
Révision exécutée: 99dbcdf27b61fa6a98bc73779b44c0e7efcd3049
Exécution réelle de production, sans mocks ; HOME et projet QA isolés.
Commande/scénario: kanban_heartbeat({"id": "p9r1-kanban_heartbeat-1790794266872", "message": "P9_HEARTBEAT"})
Attendu: Toutes les clauses spécifiques sont nécessaires ; seuls espaces/retours peuvent être normalisés.
Observé: Toutes les clauses spécifiques sont nécessaires ; seuls espaces/retours peuvent être normalisés.
Verdict: prouvée

{
  "name": "kanban_heartbeat",
  "input": {
    "id": "p9r1-kanban_heartbeat-1790794266872",
    "message": "P9_HEARTBEAT"
  },
  "oracle": {
    "rules": [
      {
        "field": "data.card.title",
        "op": "eq",
        "value": "P9_CARD"
      },
      {
        "field": "data.card.status",
        "op": "eq",
        "value": "in_progress"
      },
      {
        "field": "observations.persistedCard.status",
        "op": "eq",
        "value": "in_progress"
      },
      {
        "field": "data.card.heartbeats",
        "op": "some",
        "value": {
          "message": "P9_HEARTBEAT"
        }
      }
    ]
  },
  "expected": "Toutes les clauses spécifiques sont nécessaires ; seuls espaces/retours peuvent être normalisés.",
  "preparationCalls": [
    {
      "name": "kanban_create",
      "input": {
        "id": "p9r1-kanban_heartbeat-1790794266872",
        "title": "P9_CARD"
      },
      "result": {
        "success": true,
        "output": "{\n  \"action\": \"kanban_create\",\n  \"boardPath\": \"<QA>/reprise-1/project/.codebuddy/colab-tasks.json\",\n  \"card\": {\n    \"id\": \"p9r1-kanban_heartbeat-1790794266872\",\n    \"title\": \"P9_CARD\",\n    \"status\": \"todo\",\n    \"priority\": \"medium\",\n    \"tags\": [],\n    \"links\": [],\n    \"comments\": [],\n    \"heartbeats\": [],\n    \"createdAt\": \"2026-09-30T18:51:06.872Z\",\n    \"updatedAt\": \"2026-09-30T18:51:06.872Z\"\n  }\n}",
        "data": {
          "action": "kanban_create",
          "boardPath": "<QA>/reprise-1/project/.codebuddy/colab-tasks.json",
          "card": {
            "id": "p9r1-kanban_heartbeat-1790794266872",
            "title": "P9_CARD",
            "status": "todo",
            "priority": "medium",
            "tags": [],
            "links": [],
            "comments": [],
            "heartbeats": [],
            "createdAt": "2026-09-30T18:51:06.872Z",
            "updatedAt": "2026-09-30T18:51:06.872Z"
          }
        }
      }
    },
    {
      "name": "kanban_unblock",
      "input": {
        "id": "p9r1-kanban_heartbeat-1790794266872"
      },
      "result": {
        "success": true,
        "output": "{\n  \"action\": \"kanban_unblock\",\n  \"boardPath\": \"<QA>/reprise-1/project/.codebuddy/colab-tasks.json\",\n  \"card\": {\n    \"id\": \"p9r1-kanban_heartbeat-1790794266872\",\n    \"title\": \"P9_CARD\",\n    \"status\": \"todo\",\n    \"priority\": \"medium\",\n    \"tags\": [],\n    \"links\": [],\n    \"comments\": [\n      {\n        \"id\": \"cmt-1790794266876-1\",\n        \"text\": \"Unblocked\",\n        \"createdAt\": \"2026-09-30T18:51:06.876Z\"\n      }\n    ],\n    \"heartbeats\": [],\n    \"createdAt\": \"2026-09-30T18:51:06.872Z\",\n    \"updatedAt\": \"2026-09-30T18:51:06.872Z\"\n  }\n}",
        "data": {
          "action": "kanban_unblock",
          "boardPath": "<QA>/reprise-1/project/.codebuddy/colab-tasks.json",
          "card": {
            "id": "p9r1-kanban_heartbeat-1790794266872",
            "title": "P9_CARD",
            "status": "todo",
            "priority": "medium",
            "tags": [],
            "links": [],
            "comments": [
              {
                "id": "cmt-1790794266876-1",
                "text": "Unblocked",
                "createdAt": "2026-09-30T18:51:06.876Z"
              }
            ],
            "heartbeats": [],
            "createdAt": "2026-09-30T18:51:06.872Z",
            "updatedAt": "2026-09-30T18:51:06.872Z"
          }
        }
      }
    }
  ],
  "result": {
    "success": true,
    "output": "{\n  \"action\": \"kanban_heartbeat\",\n  \"boardPath\": \"<QA>/reprise-1/project/.codebuddy/colab-tasks.json\",\n  \"card\": {\n    \"id\": \"p9r1-kanban_heartbeat-1790794266872\",\n    \"title\": \"P9_CARD\",\n    \"status\": \"in_progress\",\n    \"priority\": \"medium\",\n    \"tags\": [],\n    \"links\": [],\n    \"comments\": [\n      {\n        \"id\": \"cmt-1790794266876-1\",\n        \"text\": \"Unblocked\",\n        \"createdAt\": \"2026-09-30T18:51:06.876Z\"\n      }\n    ],\n    \"heartbeats\": [\n      {\n        \"id\": \"hb-1790794266880-1\",\n        \"createdAt\": \"2026-09-30T18:51:06.880Z\",\n        \"message\": \"P9_HEARTBEAT\"\n      }\n    ],\n    \"createdAt\": \"2026-09-30T18:51:06.872Z\",\n    \"updatedAt\": \"2026-09-30T18:51:06.880Z\"\n  }\n}",
    "data": {
      "action": "kanban_heartbeat",
      "boardPath": "<QA>/reprise-1/project/.codebuddy/colab-tasks.json",
      "card": {
        "id": "p9r1-kanban_heartbeat-1790794266872",
        "title": "P9_CARD",
        "status": "in_progress",
        "priority": "medium",
        "tags": [],
        "links": [],
        "comments": [
          {
            "id": "cmt-1790794266876-1",
            "text": "Unblocked",
            "createdAt": "2026-09-30T18:51:06.876Z"
          }
        ],
        "heartbeats": [
          {
            "id": "hb-1790794266880-1",
            "createdAt": "2026-09-30T18:51:06.880Z",
            "message": "P9_HEARTBEAT"
          }
        ],
        "createdAt": "2026-09-30T18:51:06.872Z",
        "updatedAt": "2026-09-30T18:51:06.880Z"
      }
    }
  },
  "observations": {
    "persistedCard": {
      "id": "p9r1-kanban_heartbeat-1790794266872",
      "title": "P9_CARD",
      "status": "in_progress",
      "priority": "medium",
      "assignedAgent": null,
      "claimedBy": "<PRIVATE_NAME>/project",
      "claimedAt": "2026-09-30T18:51:06.880Z",
      "createdBy": "<PRIVATE_NAME>/project",
      "createdAt": "2026-09-30T18:51:06.872Z",
      "comments": [
        {
          "id": "cmt-1790794266876-1",
          "text": "Unblocked",
          "createdAt": "2026-09-30T18:51:06.876Z"
        }
      ],
      "lastHeartbeatAt": "2026-09-30T18:51:06.880Z",
      "heartbeats": [
        {
          "id": "hb-1790794266880-1",
          "createdAt": "2026-09-30T18:51:06.880Z",
          "message": "P9_HEARTBEAT"
        }
      ]
    }
  },
  "verificationCalls": [],
  "passed": true,
  "checks": [
    {
      "check": "statut attendu",
      "passed": true
    },
    {
      "check": "data.card.title eq",
      "passed": true
    },
    {
      "check": "data.card.status eq",
      "passed": true
    },
    {
      "check": "observations.persistedCard.status eq",
      "passed": true
    },
    {
      "check": "data.card.heartbeats some",
      "passed": true
    },
    {
      "check": "oracle spécifique déclaré",
      "passed": true
    }
  ],
  "echoRejected": true,
  "ms": 12,
  "executionRevision": "99dbcdf27b61fa6a98bc73779b44c0e7efcd3049",
  "id": "tool:kanban_heartbeat",
  "summary": "Toutes les clauses spécifiques sont nécessaires ; seuls espaces/retours peuvent être normalisés."
}
