Date de consolidation: 2026-09-30T19:33:55.909083Z
Révision exécutée: 99dbcdf27b61fa6a98bc73779b44c0e7efcd3049
Exécution réelle de production, sans mocks ; HOME et projet QA isolés.
Commande/scénario: video({"operation": "info", "path": "clip.mp4"})
Attendu: Toutes les clauses spécifiques sont nécessaires ; seuls espaces/retours peuvent être normalisés.
Observé: Toutes les clauses spécifiques sont nécessaires ; seuls espaces/retours peuvent être normalisés.
Verdict: prouvée

{
  "name": "video",
  "input": {
    "operation": "info",
    "path": "clip.mp4"
  },
  "oracle": {
    "rules": [
      {
        "field": "data.width",
        "op": "eq",
        "value": 320
      },
      {
        "field": "data.height",
        "op": "eq",
        "value": 240
      },
      {
        "field": "data.codec",
        "op": "eq",
        "value": "h264"
      },
      {
        "field": "data.duration",
        "op": "min",
        "value": 2
      },
      {
        "field": "data.duration",
        "op": "max",
        "value": 2.2
      }
    ]
  },
  "expected": "Toutes les clauses spécifiques sont nécessaires ; seuls espaces/retours peuvent être normalisés.",
  "preparationCalls": [],
  "result": {
    "success": true,
    "output": "🎬 Video: clip.mp4\n   Format: MP4\n   Size: 21.78 KB\n   Duration: 0:02\n   Resolution: 320x240\n   Frame Rate: 25 fps\n   Codec: h264\n   Bitrate: 89 kbps",
    "data": {
      "filename": "clip.mp4",
      "format": "MP4",
      "size": "21.78 KB",
      "duration": 2,
      "width": 320,
      "height": 240,
      "codec": "h264",
      "fps": 25,
      "bitrate": 89
    }
  },
  "observations": {},
  "verificationCalls": [],
  "passed": true,
  "checks": [
    {
      "check": "statut attendu",
      "passed": true
    },
    {
      "check": "data.width eq",
      "passed": true
    },
    {
      "check": "data.height eq",
      "passed": true
    },
    {
      "check": "data.codec eq",
      "passed": true
    },
    {
      "check": "data.duration min",
      "passed": true
    },
    {
      "check": "data.duration max",
      "passed": true
    },
    {
      "check": "oracle spécifique déclaré",
      "passed": true
    }
  ],
  "echoRejected": true,
  "ms": 63,
  "executionRevision": "99dbcdf27b61fa6a98bc73779b44c0e7efcd3049",
  "id": "tool:video",
  "summary": "Toutes les clauses spécifiques sont nécessaires ; seuls espaces/retours peuvent être normalisés."
}
