Date de consolidation: 2026-09-30T19:33:55.837824Z
Révision exécutée: 99dbcdf27b61fa6a98bc73779b44c0e7efcd3049
Exécution réelle de production, sans mocks ; HOME et projet QA isolés.
Commande/scénario: recall({"key": "p9-marker", "scope": "project"})
Attendu: Toutes les clauses spécifiques sont nécessaires ; seuls espaces/retours peuvent être normalisés.
Observé: Toutes les clauses spécifiques sont nécessaires ; seuls espaces/retours peuvent être normalisés.
Verdict: prouvée

{
  "name": "recall",
  "input": {
    "key": "p9-marker",
    "scope": "project"
  },
  "oracle": {
    "rules": [
      {
        "field": "output",
        "op": "includes",
        "values": [
          "P9_MEMORY"
        ]
      }
    ]
  },
  "expected": "Toutes les clauses spécifiques sont nécessaires ; seuls espaces/retours peuvent être normalisés.",
  "preparationCalls": [
    {
      "name": "remember",
      "input": {
        "key": "p9-marker",
        "value": "P9_MEMORY",
        "scope": "project"
      },
      "result": {
        "success": true,
        "output": "Stored \"p9-marker\" in project memory. Usage: 20/2200 chars (1%)."
      }
    }
  ],
  "result": {
    "success": true,
    "output": "Memory for \"p9-marker\":\n\nP9_MEMORY"
  },
  "observations": {},
  "verificationCalls": [],
  "passed": true,
  "checks": [
    {
      "check": "statut attendu",
      "passed": true
    },
    {
      "check": "output includes",
      "passed": true
    },
    {
      "check": "oracle spécifique déclaré",
      "passed": true
    }
  ],
  "echoRejected": true,
  "ms": 24410,
  "executionRevision": "99dbcdf27b61fa6a98bc73779b44c0e7efcd3049",
  "id": "tool:recall",
  "summary": "Toutes les clauses spécifiques sont nécessaires ; seuls espaces/retours peuvent être normalisés."
}
