Date de consolidation: 2026-09-30T19:33:55.827528Z
Révision exécutée: 99dbcdf27b61fa6a98bc73779b44c0e7efcd3049
Exécution réelle de production, sans mocks ; HOME et projet QA isolés.
Commande/scénario: plan({"action": "init", "goal": "P9_PLAN"})
Attendu: Toutes les clauses spécifiques sont nécessaires ; seuls espaces/retours peuvent être normalisés.
Observé: Toutes les clauses spécifiques sont nécessaires ; seuls espaces/retours peuvent être normalisés.
Verdict: prouvée

{
  "name": "plan",
  "input": {
    "action": "init",
    "goal": "P9_PLAN"
  },
  "oracle": {
    "rules": [
      {
        "file": "PLAN.md",
        "op": "includes",
        "values": [
          "**Goal:** P9_PLAN"
        ],
        "changed": true
      }
    ]
  },
  "expected": "Toutes les clauses spécifiques sont nécessaires ; seuls espaces/retours peuvent être normalisés.",
  "preparationCalls": [],
  "result": {
    "success": true,
    "output": "Created new plan at <QA>/reprise-1/project/PLAN.md",
    "data": {
      "content": "# Execution Plan\n\n**Goal:** P9_PLAN\n\n## Steps\n"
    }
  },
  "observations": {},
  "verificationCalls": [],
  "passed": true,
  "checks": [
    {
      "check": "statut attendu",
      "passed": true
    },
    {
      "check": "écriture effective de PLAN.md",
      "passed": true
    },
    {
      "check": "PLAN.md includes",
      "passed": true
    },
    {
      "check": "oracle spécifique déclaré",
      "passed": true
    }
  ],
  "echoRejected": true,
  "ms": 2,
  "executionRevision": "99dbcdf27b61fa6a98bc73779b44c0e7efcd3049",
  "id": "tool:plan",
  "summary": "Toutes les clauses spécifiques sont nécessaires ; seuls espaces/retours peuvent être normalisés."
}
