Date de consolidation: 2026-09-30T19:33:55.876308Z
Révision exécutée: 99dbcdf27b61fa6a98bc73779b44c0e7efcd3049
Exécution réelle de production, sans mocks ; HOME et projet QA isolés.
Commande/scénario: skill_manage({"action": "view", "name": "authored-p9-fixture"})
Attendu: Toutes les clauses spécifiques sont nécessaires ; seuls espaces/retours peuvent être normalisés.
Observé: Toutes les clauses spécifiques sont nécessaires ; seuls espaces/retours peuvent être normalisés.
Verdict: prouvée

{
  "name": "skill_manage",
  "input": {
    "action": "view",
    "name": "authored-p9-fixture"
  },
  "oracle": {
    "rules": [
      {
        "field": "data.content",
        "op": "includes",
        "values": [
          "# P9_SKILL",
          "Run node --test check.test.js."
        ]
      }
    ]
  },
  "expected": "Toutes les clauses spécifiques sont nécessaires ; seuls espaces/retours peuvent être normalisés.",
  "preparationCalls": [
    {
      "name": "create_skill",
      "input": {
        "name": "P9 Fixture",
        "overwrite": true,
        "description": "Synthetic procedure",
        "body": "# P9_SKILL\nUse for P9 fixture only. Run node --test check.test.js."
      },
      "result": {
        "success": true,
        "output": "Skill created and loaded: authored-p9-fixture\nPath: <QA>/reprise-1/project/.codebuddy/skills/authored-p9-fixture/SKILL.md",
        "data": {
          "name": "authored-p9-fixture",
          "loaded": true
        }
      }
    }
  ],
  "result": {
    "success": true,
    "output": "{\n  \"action\": \"skill_view\",\n  \"skill\": {\n    \"name\": \"authored-p9-fixture\",\n    \"description\": \"Synthetic procedure\",\n    \"source\": \"workspace\",\n    \"path\": \"<QA>/reprise-1/project/.codebuddy/skills/authored-p9-fixture/SKILL.md\",\n    \"requires\": [],\n    \"available\": true\n  },\n  \"content\": \"---\\nname: authored-p9-fixture\\ndescription: Synthetic procedure\\ntags: []\\nenv: {}\\nrequires: []\\nnativeEngine:\\n  triggers:\\n    - fixture\\n    - synthetic\\n    - procedure\\n    - only\\n    - node\\n    - test\\n    - check\\n---\\n\\n# P9_SKILL\\nUse for P9 fixture only. Run node --test check.test.js.\\n\"\n}",
    "data": {
      "action": "skill_view",
      "skill": {
        "name": "authored-p9-fixture",
        "description": "Synthetic procedure",
        "source": "workspace",
        "path": "<QA>/reprise-1/project/.codebuddy/skills/authored-p9-fixture/SKILL.md",
        "requires": [],
        "available": true
      },
      "content": "---\nname: authored-p9-fixture\ndescription: Synthetic procedure\ntags: []\nenv: {}\nrequires: []\nnativeEngine:\n  triggers:\n    - fixture\n    - synthetic\n    - procedure\n    - only\n    - node\n    - test\n    - check\n---\n\n# P9_SKILL\nUse for P9 fixture only. Run node --test check.test.js.\n"
    }
  },
  "observations": {},
  "verificationCalls": [],
  "passed": true,
  "checks": [
    {
      "check": "statut attendu",
      "passed": true
    },
    {
      "check": "data.content includes",
      "passed": true
    },
    {
      "check": "oracle spécifique déclaré",
      "passed": true
    }
  ],
  "echoRejected": true,
  "ms": 37,
  "executionRevision": "99dbcdf27b61fa6a98bc73779b44c0e7efcd3049",
  "id": "tool:skill_manage",
  "summary": "Toutes les clauses spécifiques sont nécessaires ; seuls espaces/retours peuvent être normalisés."
}
